Component: ARM Compiler 5.06 update 7 (build 960) Tool: armlink [4d3601]

==============================================================================

Section Cross References

    app_init.o(i.Init_InitAll) refers to sys_dwt.o(i.DWT_Init) for DWT_Init
    app_init.o(i.Init_InitAll) refers to periph_remote.o(i.Remote_InitRemote) for Remote_InitRemote
    app_init.o(i.Init_InitAll) refers to comm_common.o(i.Comm_InitComm) for Comm_InitComm
    app_init.o(i.Init_InitAll) refers to util_can.o(i.Can_InitFilterAndStart) for Can_InitFilterAndStart
    app_init.o(i.Init_InitAll) refers to periph_dt35.o(i.DT35_Init) for DT35_Init
    app_init.o(i.Init_InitAll) refers to periph_motor.o(i.Motor_InitAllMotors) for Motor_InitAllMotors
    app_init.o(i.Init_InitAll) refers to stm32f4xx_hal.o(i.HAL_Delay) for HAL_Delay
    app_init.o(i.Init_InitAll) refers to module_serve.o(i.Module_ServeInit) for Module_ServeInit
    app_init.o(i.Init_InitAll) refers to module_platform.o(i.Platform_Init) for Platform_Init
    app_init.o(i.Init_InitAll) refers to app_remote.o(i.Remote_RemotrControlInit) for Remote_RemotrControlInit
    app_init.o(i.Init_InitAll) refers to module_chassis.o(i.Chassis_Init) for Chassis_Init
    app_init.o(i.Init_InitAll) refers to app_gimbal.o(i.Gimbal_Init) for Gimbal_Init
    app_init.o(i.Init_InitAll) refers to app_serve.o(i.Serve_Init) for Serve_Init
    app_init.o(i.Init_InitAll) refers to module_rise.o(i.Rise_Init) for Rise_Init
    app_init.o(i.Init_InitAll) refers to can.o(.bss) for hcan1
    app_init.o(i.Init_Task) refers to cmsis_os.o(i.osDelay) for osDelay
    app_communicate.o(i.Communicate_Task) refers to cmsis_os.o(i.osDelay) for osDelay
    app_communicate.o(i.Communicate_Task) refers to comm_common.o(i.Comm_GetBusDataPtr) for Comm_GetBusDataPtr
    app_communicate.o(i.Communicate_Task) refers to sys_dwt.o(i.DWT_GetDeltaT) for DWT_GetDeltaT
    app_communicate.o(i.Communicate_Task) refers to comm_common.o(i.Comm_SendCommData) for Comm_SendCommData
    app_platform.o(i.Platform_Task) refers to module_platform.o(i.Platform_GetPlatformPtr) for Platform_GetPlatformPtr
    app_platform.o(i.Platform_Task) refers to cmsis_os.o(i.osDelay) for osDelay
    app_platform.o(i.Platform_Task) refers to module_platform.o(i.Platform_Update_Fdb) for Platform_Update_Fdb
    app_platform.o(i.Platform_Task) refers to module_platform.o(i.Platform_Check) for Platform_Check
    app_platform.o(i.Platform_Task) refers to module_platform.o(i.Platform_Control) for Platform_Control
    app_platform.o(i.Platform_Task) refers to module_platform.o(i.Platform_Set_Torque_Output) for Platform_Set_Torque_Output
    app_platform.o(i.Platform_Task) refers to module_platform.o(i.Platform_Output) for Platform_Output
    app_remote.o(i.Remote_ControlCom) refers to app_remote.o(i.Remote_GetControlDataPtr) for Remote_GetControlDataPtr
    app_remote.o(i.Remote_ControlCom) refers to periph_remote.o(i.Remote_GetRemoteDataPtr) for Remote_GetRemoteDataPtr
    app_remote.o(i.Remote_ControlCom) refers to app_remote.o(i.Remote_RemoteProcess) for Remote_RemoteProcess
    app_remote.o(i.Remote_ControlCom) refers to app_remote.o(i.Remote_RiseProcess) for Remote_RiseProcess
    app_remote.o(i.Remote_ControlCom) refers to app_remote.o(i.Remote_NucProcess) for Remote_NucProcess
    app_remote.o(i.Remote_GetControlDataPtr) refers to app_remote.o(.data) for Remote_remoteControlData
    app_remote.o(i.Remote_NucProcess) refers to periph_remote.o(i.Remote_GetRemoteDataPtr) for Remote_GetRemoteDataPtr
    app_remote.o(i.Remote_NucProcess) refers to module_platform.o(i.Platform_GetPlatformPtr) for Platform_GetPlatformPtr
    app_remote.o(i.Remote_NucProcess) refers to module_platform.o(i.Platform_Set_ControlMode) for Platform_Set_ControlMode
    app_remote.o(i.Remote_NucProcess) refers to dflt_clz.o(x$fpl$dflt) for __aeabi_i2d
    app_remote.o(i.Remote_NucProcess) refers to dmul.o(x$fpl$dmul) for __aeabi_dmul
    app_remote.o(i.Remote_NucProcess) refers to ddiv.o(x$fpl$ddiv) for __aeabi_ddiv
    app_remote.o(i.Remote_NucProcess) refers to daddsub_clz.o(x$fpl$dadd) for __aeabi_dadd
    app_remote.o(i.Remote_NucProcess) refers to d2f.o(x$fpl$d2f) for __aeabi_d2f
    app_remote.o(i.Remote_NucProcess) refers to module_platform.o(i.Platform_Set_Target_Pos) for Platform_Set_Target_Pos
    app_remote.o(i.Remote_NucProcess) refers to module_chassis.o(i.Chassis_SetControlMode) for Chassis_SetControlMode
    app_remote.o(i.Remote_NucProcess) refers to module_chassis.o(i.Chassis_Set_Speed) for Chassis_Set_Speed
    app_remote.o(i.Remote_NucProcess) refers to app_gimbal.o(i.Gimbal_StateSet) for Gimbal_StateSet
    app_remote.o(i.Remote_RemoteProcess) refers to periph_remote.o(i.Remote_GetRemoteDataPtr) for Remote_GetRemoteDataPtr
    app_remote.o(i.Remote_RemoteProcess) refers to module_platform.o(i.Platform_GetPlatformPtr) for Platform_GetPlatformPtr
    app_remote.o(i.Remote_RemoteProcess) refers to app_gimbal.o(i.Gimbal_GetPtr) for Gimbal_GetPtr
[...]
    Rise_Hit_Ready_Speed                     0x20000078   Data           4  module_rise.o(.data)
    Rise_Hit_Ready_Angle                     0x2000007c   Data           4  module_rise.o(.data)
    Rise_Hit_Burst_Speed                     0x20000080   Data           4  module_rise.o(.data)
    Hit_Test_Speed                           0x20000084   Data           4  module_rise.o(.data)
    Rise_Chop_Front_Target_Speed             0x20000088   Data           4  module_rise.o(.data)
    Rise_Chop_Right_Target_Speed             0x2000008c   Data           4  module_rise.o(.data)
    Rise_Chop_Left_Target_Speed              0x20000090   Data           4  module_rise.o(.data)
    Rise_Lift_Target_Speed                   0x20000094   Data           4  module_rise.o(.data)
    Rise_Lift_Target_Dist                    0x20000098   Data           4  module_rise.o(.data)
    Rise_Lift_Kp_Up                          0x2000009c   Data           4  module_rise.o(.data)
    Lift_torque_threshold                    0x200000a0   Data           4  module_rise.o(.data)
    LIFT_RETURN_KP                           0x200000a4   Data           4  module_rise.o(.data)
    LIFT_MAX_RETURN_SPEED                    0x200000a8   Data           4  module_rise.o(.data)
    pre_spin_time                            0x200000ac   Data           4  module_rise.o(.data)
    lift_time                                0x200000b0   Data           4  module_rise.o(.data)
    drop_time                                0x200000b4   Data           4  module_rise.o(.data)
    hit_action_time                          0x200000b8   Data           4  module_rise.o(.data)
    Rise_Gravity_Comp_Max_Current            0x200000bc   Data           4  module_rise.o(.data)
    Rise_Zero_Angle_Offset                   0x200000c0   Data           4  module_rise.o(.data)
    watchdog_rise2                           0x200000c4   Data           2  module_rise.o(.data)
    g_hit_finished_flag                      0x200000c8   Data           4  module_rise.o(.data)
    g_auto_state                             0x200000cc   Data           1  module_rise.o(.data)
    current_time                             0x200000d0   Data           4  module_rise.o(.data)
    current_height                           0x200000d4   Data           4  module_rise.o(.data)
    g_auto_start_time                        0x200000d8   Data           4  module_rise.o(.data)
    g_auto_start_height                      0x200000dc   Data           4  module_rise.o(.data)
    return_ramp_angle                        0x200000e0   Data           4  module_rise.o(.data)
    lift_break                               0x200000e4   Data           4  module_rise.o(.data)
    cmd_speed                                0x200000e8   Data           4  module_rise.o(.data)
    txbuff                                   0x200000fc   Data           8  periph_motor.o(.data)
    Can_RxData                               0x20000104   Data           8  util_can.o(.data)
    RS485_TX_START                           0x2000010c   Data          20  util_gpio.o(.data)
    CS_ACCEL_START                           0x20000120   Data          20  util_gpio.o(.data)
    CS_GYRO_START                            0x20000134   Data          20  util_gpio.o(.data)
    IST8310_RST_START                        0x20000148   Data          20  util_gpio.o(.data)
    IST8310_DRDY_START                       0x2000015c   Data          20  util_gpio.o(.data)
    BMI_INT1_START                           0x20000170   Data          20  util_gpio.o(.data)
    BMI_INT2_START                           0x20000184   Data          20  util_gpio.o(.data)
    KEY_FUNC1_START                          0x20000198   Data          20  util_gpio.o(.data)
    KEY_FUNC2_START                          0x200001ac   Data          20  util_gpio.o(.data)
    BIG_KEY1_START                           0x200001c0   Data          20  util_gpio.o(.data)
    BIG_KEY2_START                           0x200001d4   Data          20  util_gpio.o(.data)
    CS_ACCEL                                 0x200001e8   Data           4  util_gpio.o(.data)
    CS_GYRO                                  0x200001ec   Data           4  util_gpio.o(.data)
    IST8310_RST                              0x200001f0   Data           4  util_gpio.o(.data)
    IST8310_DRDY                             0x200001f4   Data           4  util_gpio.o(.data)
    BMI_INT1                                 0x200001f8   Data           4  util_gpio.o(.data)
    BMI_INT2                                 0x200001fc   Data           4  util_gpio.o(.data)
    KEY_FUNC1                                0x20000200   Data           4  util_gpio.o(.data)
    KEY_FUNC2                                0x20000204   Data           4  util_gpio.o(.data)
    BIG_KEY1                                 0x20000208   Data           4  util_gpio.o(.data)
    BIG_KEY2                                 0x2000020c   Data           4  util_gpio.o(.data)
    RS485_TX                                 0x20000210   Data           4  util_gpio.o(.data)
    CommCmd_Receive                          0x20000214   Data          12  comm_receive.o(.data)
    CommCmd_Send                             0x20000220   Data           8  comm_transmit.o(.data)
    Const_HitLeftPosMotorParam               0x20000228   Data          80  sys_const.o(.data)
    Const_HitLeftSpdMotorParam               0x20000278   Data          80  sys_const.o(.data)
    Const_HitRightPosMotorParam              0x200002c8   Data          80  sys_const.o(.data)
    Const_HitRightSpdMotorParam              0x20000318   Data          80  sys_const.o(.data)
    Const_ChopPosMotorParam                  0x20000368   Data          80  sys_const.o(.data)
    Const_ChopFrontSpdMotorParam             0x200003b8   Data          80  sys_const.o(.data)
    Const_ChopRightSpdMotorParam             0x20000408   Data          80  sys_const.o(.data)
    Const_ChopLeftSpdMotorParam              0x20000458   Data          80  sys_const.o(.data)
    Const_LiftPosMotorParam                  0x200004a8   Data          80  sys_const.o(.data)
    Const_LiftSpdMotorParam                  0x200004f8   Data          80  sys_const.o(.data)
    Const_Remote_UART_HANDLER                0x20000548   Data           4  sys_const.o(.data)
    Const_Communicate_UART_HANDLER           0x2000054c   Data           4  sys_const.o(.data)
    Const_Motor_UART_HANDLER                 0x20000550   Data           4  sys_const.o(.data)
    Const_DT35_UART_HANDLER                  0x20000554   Data           4  sys_const.o(.data)
    Error                                    0x2000055c   Data           4  alg_pid.o(.data)
    bt_rx_byte                               0x20000560   Data           1  main.o(.data)
    bt_rx_idx                                0x20000561   Data           1  main.o(.data)
    bt_cmd_received_flag                     0x20000562   Data           1  main.o(.data)
    InitTaskHandle                           0x20000564   Data           4  freertos.o(.data)
    PlatformTaskHandle                       0x20000568   Data           4  freertos.o(.data)
    CommunicateTaskHandle                    0x2000056c   Data           4  freertos.o(.data)
    RemoteTaskHandle                         0x20000570   Data           4  freertos.o(.data)
    ChassisTaskHandle                        0x20000574   Data           4  freertos.o(.data)
    ServeTaskHandle                          0x20000578   Data           4  freertos.o(.data)
    GimbalTaskHandle                         0x2000057c   Data           4  freertos.o(.data)
    RiseTaskHandle                           0x20000580   Data           4  freertos.o(.data)
    uwTick                                   0x20000588   Data           4  stm32f4xx_hal.o(.data)
    uwTickPrio                               0x2000058c   Data           4  stm32f4xx_hal.o(.data)
    uwTickFreq                               0x20000590   Data           1  stm32f4xx_hal.o(.data)
    SystemCoreClock                          0x20000594   Data           4  system_stm32f4xx.o(.data)
    pxCurrentTCB                             0x20000598   Data           4  tasks.o(.data)
    Gimbal                                   0x20000600   Data         576  app_gimbal.o(.bss)
    Platform_Data                            0x20000840   Data        1696  module_platform.o(.bss)
    z_profile                                0x20000ee0   Data          28  module_platform.o(.bss)
    Chassis_Data                             0x20000efc   Data        1984  module_chassis.o(.bss)
    ServeData                                0x200016bc   Data         556  module_serve.o(.bss)
    Rise_Data                                0x200018e8   Data        1708  module_rise.o(.bss)
    Motor_groupHandle                        0x20001f94   Data          48  periph_motor.o(.bss)
    Motor_Pitch_Front_Motors                 0x20001fc4   Data          80  periph_motor.o(.bss)
    Motor_Pitch_Left_Motors                  0x20002014   Data          80  periph_motor.o(.bss)
    Motor_Pitch_Right_Motors                 0x20002064   Data          80  periph_motor.o(.bss)
    Motor_DirectionMotors                    0x200020b4   Data          80  periph_motor.o(.bss)
    Motor_MoveMotors                         0x20002104   Data          80  periph_motor.o(.bss)
    Motor_Gimbal_Motors                      0x20002154   Data          80  periph_motor.o(.bss)
    Motor_Serve_Motors                       0x200021a4   Data          80  periph_motor.o(.bss)
    Motor_Rise_Hit_Motors                    0x200021f4   Data          80  periph_motor.o(.bss)
    Motor_Rise_Chop_Front_Motors             0x20002244   Data          80  periph_motor.o(.bss)
    Motor_Rise_Chop_Right_Motors             0x20002294   Data          80  periph_motor.o(.bss)
    Motor_Rise_Chop_Left_Motors              0x200022e4   Data          80  periph_motor.o(.bss)
    Motor_Rise_Lift_Motors                   0x20002334   Data          80  periph_motor.o(.bss)
    Motor_Pitch_Front_Motor                  0x20002384   Data         120  periph_motor.o(.bss)
    Motor_Pitch_Left_Motor                   0x200023fc   Data         120  periph_motor.o(.bss)
    Motor_Pitch_Right_Motor                  0x20002474   Data         120  periph_motor.o(.bss)
    Motor_LeftFront_DirectionMotor           0x200024ec   Data         120  periph_motor.o(.bss)
    Motor_RightFront_DirectionMotor          0x20002564   Data         120  periph_motor.o(.bss)
    Motor_LeftBack_DirectionMotor            0x200025dc   Data         120  periph_motor.o(.bss)
    Motor_RightBack_DirectionMotor           0x20002654   Data         120  periph_motor.o(.bss)
    Motor_LeftFront_MoveMotor                0x200026cc   Data         120  periph_motor.o(.bss)
    Motor_RightFront_MoveMotor               0x20002744   Data         120  periph_motor.o(.bss)
    Motor_LeftBack_MoveMotor                 0x200027bc   Data         120  periph_motor.o(.bss)
    Motor_RightBack_MoveMotor                0x20002834   Data         120  periph_motor.o(.bss)
    Motor_Gimbal_YawMotor                    0x200028ac   Data         120  periph_motor.o(.bss)
    Motor_Gimbal_PitchMotor                  0x20002924   Data         120  periph_motor.o(.bss)
    Motor_Serve_LeftMotor                    0x2000299c   Data         120  periph_motor.o(.bss)
    Motor_Serve_RightMotor                   0x20002a14   Data         120  periph_motor.o(.bss)
    Motor_Rise_Hit_LeftMotor                 0x20002a8c   Data         120  periph_motor.o(.bss)
    Motor_Rise_Hit_RightMotor                0x20002b04   Data         120  periph_motor.o(.bss)
    Motor_Rise_Chop_Front_Motor              0x20002b7c   Data         120  periph_motor.o(.bss)
    Motor_Rise_Chop_Left_Motor               0x20002bf4   Data         120  periph_motor.o(.bss)
    Motor_Rise_Chop_Right_Motor              0x20002c6c   Data         120  periph_motor.o(.bss)
    Motor_Rise_Lift_Motor                    0x20002ce4   Data         120  periph_motor.o(.bss)
    Motor_Uart6RxData                        0x20002d5c   Data         128  periph_motor.o(.bss)
    txdata                                   0x20002ddc   Data          64  periph_motor.o(.bss)
    Remote_RemoteData                        0x20002e1c   Data         100  periph_remote.o(.bss)
    DT35_Data                                0x20002e80   Data          48  periph_dt35.o(.bss)
    g_vofa_frame_buff                        0x20002eb0   Data          32  util_vofa.o(.bss)
    Comm_Data                                0x20002ed0   Data         160  comm_common.o(.bss)
    DWTData                                  0x20002f70   Data          48  sys_dwt.o(.bss)
    bt_rx_buffer                             0x20002fa0   Data         128  main.o(.bss)
    hcan1                                    0x20003274   Data          40  can.o(.bss)
    hcan2                                    0x2000329c   Data          40  can.o(.bss)
    huart7                                   0x200032c4   Data          72  usart.o(.bss)
    huart8                                   0x2000330c   Data          72  usart.o(.bss)
    huart1                                   0x20003354   Data          72  usart.o(.bss)
    huart2                                   0x2000339c   Data          72  usart.o(.bss)
    huart6                                   0x200033e4   Data          72  usart.o(.bss)
    hdma_uart7_rx                            0x2000342c   Data          96  usart.o(.bss)
    hdma_uart7_tx                            0x2000348c   Data          96  usart.o(.bss)
    hdma_usart1_rx                           0x200034ec   Data          96  usart.o(.bss)
    hdma_usart2_rx                           0x2000354c   Data          96  usart.o(.bss)
    hdma_usart2_tx                           0x200035ac   Data          96  usart.o(.bss)
    hdma_usart6_rx                           0x2000360c   Data          96  usart.o(.bss)
    hdma_usart6_tx                           0x2000366c   Data          96  usart.o(.bss)
    htim6                                    0x200036cc   Data          72  stm32f4xx_hal_timebase_tim.o(.bss)
    __libspace_start                         0x20007404   Data          96  libspace.o(.bss)
    __temporary_stack_top$libspace           0x20007464   Data           0  libspace.o(.bss)



==============================================================================

Memory Map of the image

  Image Entry point : 0x080001ad

  Load Region LR_IROM1 (Base: 0x08000000, Size: 0x00010bf8, Max: 0x00200000, ABSOLUTE, COMPRESSED[0x00010724])

    Execution Region ER_IROM1 (Exec base: 0x08000000, Load base: 0x08000000, Size: 0x000105f8, Max: 0x00200000, ABSOLUTE)

    Exec Addr    Load Addr    Size         Type   Attr      Idx    E Section Name        Object

    0x08000000   0x08000000   0x000001ac   Data   RO         7877    RESET               startup_stm32f427xx.o
    0x080001ac   0x080001ac   0x00000008   Code   RO         8146  * !!!main             c_w.l(__main.o)
    0x080001b4   0x080001b4   0x00000034   Code   RO         8801    !!!scatter          c_w.l(__scatter.o)
    0x080001e8   0x080001e8   0x0000005a   Code   RO         8799    !!dczerorl2         c_w.l(__dczerorl2.o)
    0x08000242   0x08000242   0x00000002   PAD
    0x08000244   0x08000244   0x0000001c   Code   RO         8803    !!handler_zi        c_w.l(__scatter_zi.o)
    0x08000260   0x08000260   0x00000000   Code   RO         8116    .ARM.Collect$$_printf_percent$$00000000  c_w.l(_printf_percent.o)
    0x08000260   0x08000260   0x00000006   Code   RO         8381    .ARM.Collect$$_printf_percent$$00000001  c_w.l(_printf_n.o)
    0x08000266   0x08000266   0x00000006   Code   RO         8383    .ARM.Collect$$_printf_percent$$00000002  c_w.l(_printf_p.o)
    0x0800026c   0x0800026c   0x00000006   Code   RO         8115    .ARM.Collect$$_printf_percent$$00000003  c_w.l(_printf_f.o)
    0x08000272   0x08000272   0x00000006   Code   RO         8388    .ARM.Collect$$_printf_percent$$00000004  c_w.l(_printf_e.o)
    0x08000278   0x08000278   0x00000006   Code   RO         8389    .ARM.Collect$$_printf_percent$$00000005  c_w.l(_printf_g.o)
    0x0800027e   0x0800027e   0x00000006   Code   RO         8390    .ARM.Collect$$_printf_percent$$00000006  c_w.l(_printf_a.o)
    0x08000284   0x08000284   0x0000000a   Code   RO         8393    .ARM.Collect$$_printf_percent$$00000007  c_w.l(_printf_ll.o)
    0x0800028e   0x0800028e   0x00000006   Code   RO         8385    .ARM.Collect$$_printf_percent$$00000008  c_w.l(_printf_i.o)
    0x08000294   0x08000294   0x00000006   Code   RO         8386    .ARM.Collect$$_printf_percent$$00000009  c_w.l(_printf_d.o)
    0x0800029a   0x0800029a   0x00000006   Code   RO         8387    .ARM.Collect$$_printf_percent$$0000000A  c_w.l(_printf_u.o)
    0x080002a0   0x080002a0   0x00000006   Code   RO         8384    .ARM.Collect$$_printf_percent$$0000000B  c_w.l(_printf_o.o)
    0x080002a6   0x080002a6   0x00000006   Code   RO         8382    .ARM.Collect$$_printf_percent$$0000000C  c_w.l(_printf_x.o)
    0x080002ac   0x080002ac   0x00000006   Code   RO         8392    .ARM.Collect$$_printf_percent$$0000000D  c_w.l(_printf_lli.o)
    0x080002b2   0x080002b2   0x00000006   Code   RO         8117    .ARM.Collect$$_printf_percent$$0000000E  c_w.l(_printf_lld.o)
    0x080002b8   0x080002b8   0x00000006   Code   RO         8118    .ARM.Collect$$_printf_percent$$0000000F  c_w.l(_printf_llu.o)
    0x080002be   0x080002be   0x00000006   Code   RO         8397    .ARM.Collect$$_printf_percent$$00000010  c_w.l(_printf_llo.o)
    0x080002c4   0x080002c4   0x00000006   Code   RO         8398    .ARM.Collect$$_printf_percent$$00000011  c_w.l(_printf_llx.o)
    0x080002ca   0x080002ca   0x0000000a   Code   RO         8394    .ARM.Collect$$_printf_percent$$00000012  c_w.l(_printf_l.o)
    0x080002d4   0x080002d4   0x00000006   Code   RO         8380    .ARM.Collect$$_printf_percent$$00000013  c_w.l(_printf_c.o)
    0x080002da   0x080002da   0x00000006   Code   RO         8114    .ARM.Collect$$_printf_percent$$00000014  c_w.l(_printf_s.o)
    0x080002e0   0x080002e0   0x00000006   Code   RO         8395    .ARM.Collect$$_printf_percent$$00000015  c_w.l(_printf_lc.o)
    0x080002e6   0x080002e6   0x00000006   Code   RO         8396    .ARM.Collect$$_printf_percent$$00000016  c_w.l(_printf_ls.o)
    0x080002ec   0x080002ec   0x00000004   Code   RO         8391    .ARM.Collect$$_printf_percent$$00000017  c_w.l(_printf_percent_end.o)
    0x080002f0   0x080002f0   0x00000002   Code   RO         8701    .ARM.Collect$$libinit$$00000000  c_w.l(libinit.o)
    0x080002f2   0x080002f2   0x00000004   Code   RO         8411    .ARM.Collect$$libinit$$00000001  c_w.l(libinit2.o)
    0x080002f6   0x080002f6   0x00000000   Code   RO         8414    .ARM.Collect$$libinit$$00000004  c_w.l(libinit2.o)
    0x080002f6   0x080002f6   0x00000000   Code   RO         8417    .ARM.Collect$$libinit$$0000000A  c_w.l(libinit2.o)
    0x080002f6   0x080002f6   0x00000000   Code   RO         8419    .ARM.Collect$$libinit$$0000000C  c_w.l(libinit2.o)
    0x080002f6   0x080002f6   0x00000000   Code   RO         8421    .ARM.Collect$$libinit$$0000000E  c_w.l(libinit2.o)
    0x080002f6   0x080002f6   0x00000006   Code   RO         8422    .ARM.Collect$$libinit$$0000000F  c_w.l(libinit2.o)
    0x080002fc   0x080002fc   0x00000000   Code   RO         8424    .ARM.Collect$$libinit$$00000011  c_w.l(libinit2.o)
    0x080002fc   0x080002fc   0x0000000c   Code   RO         8425    .ARM.Collect$$libinit$$00000012  c_w.l(libinit2.o)
    0x08000308   0x08000308   0x00000000   Code   RO         8426    .ARM.Collect$$libinit$$00000013  c_w.l(libinit2.o)
    0x08000308   0x08000308   0x00000000   Code   RO         8428    .ARM.Collect$$libinit$$00000015  c_w.l(libinit2.o)
    0x08000308   0x08000308   0x0000000a   Code   RO         8429    .ARM.Collect$$libinit$$00000016  c_w.l(libinit2.o)
    0x08000312   0x08000312   0x00000000   Code   RO         8430    .ARM.Collect$$libinit$$00000017  c_w.l(libinit2.o)
    0x08000312   0x08000312   0x00000000   Code   RO         8432    .ARM.Collect$$libinit$$00000019  c_w.l(libinit2.o)
    0x08000312   0x08000312   0x00000000   Code   RO         8434    .ARM.Collect$$libinit$$0000001B  c_w.l(libinit2.o)
    0x08000312   0x08000312   0x00000000   Code   RO         8436    .ARM.Collect$$libinit$$0000001D  c_w.l(libinit2.o)
    0x08000312   0x08000312   0x00000000   Code   RO         8438    .ARM.Collect$$libinit$$0000001F  c_w.l(libinit2.o)
    0x08000312   0x08000312   0x00000000   Code   RO         8440    .ARM.Collect$$libinit$$00000021  c_w.l(libinit2.o)
    0x08000312   0x08000312   0x00000000   Code   RO         8442    .ARM.Collect$$libinit$$00000023  c_w.l(libinit2.o)
    0x08000312   0x08000312   0x00000000   Code   RO         8444    .ARM.Collect$$libinit$$00000025  c_w.l(libinit2.o)
    0x08000312   0x08000312   0x00000000   Code   RO         8448    .ARM.Collect$$libinit$$0000002C  c_w.l(libinit2.o)
    0x08000312   0x08000312   0x00000000   Code   RO         8450    .ARM.Collect$$libinit$$0000002E  c_w.l(libinit2.o)
    0x08000312   0x08000312   0x00000000   Code   RO         8452    .ARM.Collect$$libinit$$00000030  c_w.l(libinit2.o)
    0x08000312   0x08000312   0x00000000   Code   RO         8454    .ARM.Collect$$libinit$$00000032  c_w.l(libinit2.o)
    0x08000312   0x08000312   0x00000002   Code   RO         8455    .ARM.Collect$$libinit$$00000033  c_w.l(libinit2.o)
    0x08000314   0x08000314   0x00000002   Code   RO         8790    .ARM.Collect$$libshutdown$$00000000  c_w.l(libshutdown.o)
    0x08000316   0x08000316   0x00000000   Code   RO         8728    .ARM.Collect$$libshutdown$$00000002  c_w.l(libshutdown2.o)
    0x08000316   0x08000316   0x00000000   Code   RO         8730    .ARM.Collect$$libshutdown$$00000004  c_w.l(libshutdown2.o)
    0x08000316   0x08000316   0x00000000   Code   RO         8732    .ARM.Collect$$libshutdown$$00000006  c_w.l(libshutdown2.o)
    0x08000316   0x08000316   0x00000000   Code   RO         8735    .ARM.Collect$$libshutdown$$00000009  c_w.l(libshutdown2.o)
    0x08000316   0x08000316   0x00000000   Code   RO         8738    .ARM.Collect$$libshutdown$$0000000C  c_w.l(libshutdown2.o)
    0x08000316   0x08000316   0x00000000   Code   RO         8740    .ARM.Collect$$libshutdown$$0000000E  c_w.l(libshutdown2.o)
    0x08000316   0x08000316   0x00000000   Code   RO         8743    .ARM.Collect$$libshutdown$$00000011  c_w.l(libshutdown2.o)
    0x08000316   0x08000316   0x00000002   Code   RO         8744    .ARM.Collect$$libshutdown$$00000012  c_w.l(libshutdown2.o)
    0x08000318   0x08000318   0x00000000   Code   RO         8296    .ARM.Collect$$rtentry$$00000000  c_w.l(__rtentry.o)
    0x08000318   0x08000318   0x00000000   Code   RO         8549    .ARM.Collect$$rtentry$$00000002  c_w.l(__rtentry2.o)
    0x08000318   0x08000318   0x00000006   Code   RO         8561    .ARM.Collect$$rtentry$$00000004  c_w.l(__rtentry4.o)
    0x0800031e   0x0800031e   0x00000000   Code   RO         8551    .ARM.Collect$$rtentry$$00000009  c_w.l(__rtentry2.o)
    0x0800031e   0x0800031e   0x00000004   Code   RO         8552    .ARM.Collect$$rtentry$$0000000A  c_w.l(__rtentry2.o)
    0x08000322   0x08000322   0x00000000   Code   RO         8554    .ARM.Collect$$rtentry$$0000000C  c_w.l(__rtentry2.o)
    0x08000322   0x08000322   0x00000008   Code   RO         8555    .ARM.Collect$$rtentry$$0000000D  c_w.l(__rtentry2.o)
    0x0800032a   0x0800032a   0x00000002   Code   RO         8710    .ARM.Collect$$rtexit$$00000000  c_w.l(rtexit.o)
    0x0800032c   0x0800032c   0x00000000   Code   RO         8764    .ARM.Collect$$rtexit$$00000002  c_w.l(rtexit2.o)
    0x0800032c   0x0800032c   0x00000004   Code   RO         8765    .ARM.Collect$$rtexit$$00000003  c_w.l(rtexit2.o)
    0x08000330   0x08000330   0x00000006   Code   RO         8766    .ARM.Collect$$rtexit$$00000004  c_w.l(rtexit2.o)
    0x08000336   0x08000336   0x00000002   PAD
    0x08000338   0x08000338   0x000000be   Code   RO         7798    .emb_text           port.o
    0x080003f6   0x080003f6   0x00000002   PAD
    0x080003f8   0x080003f8   0x00000040   Code   RO         7878    .text               startup_stm32f427xx.o
    0x08000438   0x08000438   0x000000ee   Code   RO         8080    .text               c_w.l(lludivv7m.o)
    0x08000526   0x08000526   0x00000002   PAD
    0x08000528   0x08000528   0x00000034   Code   RO         8082    .text               c_w.l(vsnprintf.o)
    0x0800055c   0x0800055c   0x00000052   Code   RO         8090    .text               c_w.l(_printf_str.o)
    0x080005ae   0x080005ae   0x00000002   PAD
    0x080005b0   0x080005b0   0x0000007c   Code   RO         8092    .text               c_w.l(_printf_longlong_dec.o)
    0x0800062c   0x0800062c   0x00000188   Code   RO         8111    .text               c_w.l(__printf_flags_ss_wp.o)
    0x080007b4   0x080007b4   0x0000003c   Code   RO         8119    .text               c_w.l(__0sscanf.o)
    0x080007f0   0x080007f0   0x0000014c   Code   RO         8123    .text               c_w.l(_scanf_int.o)
    0x0800093c   0x0800093c   0x00000024   Code   RO         8128    .text               c_w.l(strstr.o)
    0x08000960   0x08000960   0x0000003e   Code   RO         8130    .text               c_w.l(strlen.o)
    0x0800099e   0x0800099e   0x0000008a   Code   RO         8132    .text               c_w.l(rt_memcpy_v6.o)
    0x08000a28   0x08000a28   0x00000064   Code   RO         8134    .text               c_w.l(rt_memcpy_w.o)
    0x08000a8c   0x08000a8c   0x00000044   Code   RO         8138    .text               c_w.l(rt_memclr.o)
    0x08000ad0   0x08000ad0   0x0000004e   Code   RO         8140    .text               c_w.l(rt_memclr_w.o)
    0x08000b1e   0x08000b1e   0x00000002   PAD
    0x08000b20   0x08000b20   0x00000080   Code   RO         8142    .text               c_w.l(strcmpv7m.o)
    0x08000ba0   0x08000ba0   0x00000006   Code   RO         8144    .text               c_w.l(heapauxi.o)
    0x08000ba6   0x08000ba6   0x0000008a   Code   RO         8326    .text               c_w.l(lludiv10.o)
    0x08000c30   0x08000c30   0x00000016   Code   RO         8328    .text               c_w.l(_rserrno.o)
    0x08000c46   0x08000c46   0x0000004e   Code   RO         8330    .text               c_w.l(_printf_pad.o)
    0x08000c94   0x08000c94   0x00000024   Code   RO         8332    .text               c_w.l(_printf_truncate.o)
    0x08000cb8   0x08000cb8   0x000000b2   Code   RO         8334    .text               c_w.l(_printf_intcommon.o)
    0x08000d6a   0x08000d6a   0x00000002   PAD
    0x08000d6c   0x08000d6c   0x00000078   Code   RO         8336    .text               c_w.l(_printf_dec.o)
    0x08000de4   0x08000de4   0x00000028   Code   RO         8338    .text               c_w.l(_printf_charcount.o)
    0x08000e0c   0x08000e0c   0x0000041e   Code   RO         8340    .text               c_w.l(_printf_fp_dec.o)
    0x0800122a   0x0800122a   0x00000002   PAD
    0x0800122c   0x0800122c   0x00000030   Code   RO         8342    .text               c_w.l(_printf_char_common.o)
    0x0800125c   0x0800125c   0x0000000a   Code   RO         8344    .text               c_w.l(_sputc.o)
    0x08001266   0x08001266   0x00000010   Code   RO         8346    .text               c_w.l(_snputc.o)
    0x08001276   0x08001276   0x0000002c   Code   RO         8348    .text               c_w.l(_printf_char.o)
    0x080012a2   0x080012a2   0x00000002   PAD
    0x080012a4   0x080012a4   0x000000bc   Code   RO         8350    .text               c_w.l(_printf_wctomb.o)
    0x08001360   0x08001360   0x00000070   Code   RO         8357    .text               c_w.l(_printf_oct_int_ll.o)
    0x080013d0   0x080013d0   0x00000094   Code   RO         8377    .text               c_w.l(_printf_hex_int_ll_ptr.o)
    0x08001464   0x08001464   0x0000001c   Code   RO         8399    .text               c_w.l(_chval.o)
    0x08001480   0x08001480   0x000004f8   Code   RO         8401    .text               c_w.l(scanf_fp.o)
    0x08001978   0x08001978   0x0000002c   Code   RO         8403    .text               c_w.l(scanf_char.o)
    0x080019a4   0x080019a4   0x00000040   Code   RO         8405    .text               c_w.l(_sgetc.o)
    0x080019e4   0x080019e4   0x00000008   Code   RO         8545    .text               c_w.l(libspace.o)
    0x080019ec   0x080019ec   0x00000008   Code   RO         8568    .text               c_w.l(rt_locale_intlibspace.o)
    0x080019f4   0x080019f4   0x00000008   Code   RO         8573    .text               c_w.l(rt_errno_addr_intlibspace.o)
    0x080019fc   0x080019fc   0x00000012   Code   RO         8583    .text               c_w.l(isspace.o)
    0x08001a0e   0x08001a0e   0x00000002   PAD
    0x08001a10   0x08001a10   0x000002fc   Code   RO         8585    .text               c_w.l(_printf_fp_hex.o)
    0x08001d0c   0x08001d0c   0x00000080   Code   RO         8588    .text               c_w.l(_printf_fp_infnan.o)
    0x08001d8c   0x08001d8c   0x0000002c   Code   RO         8592    .text               c_w.l(_printf_wchar.o)
    0x08001db8   0x08001db8   0x00000374   Code   RO         8594    .text               c_w.l(_scanf.o)
    0x0800212c   0x0800212c   0x000000e4   Code   RO         8596    .text               c_w.l(bigflt0.o)
    0x08002210   0x08002210   0x00000040   Code   RO         8621    .text               c_w.l(_wcrtomb.o)
    0x08002250   0x08002250   0x00000002   Code   RO         8667    .text               c_w.l(use_no_semi.o)
    0x08002252   0x08002252   0x00000000   Code   RO         8669    .text               c_w.l(indicate_semi.o)
    0x08002252   0x08002252   0x0000004a   Code   RO         8670    .text               c_w.l(sys_stackheap_outer.o)
    0x0800229c   0x0800229c   0x00000010   Code   RO         8672    .text               c_w.l(rt_ctype_table.o)
    0x080022ac   0x080022ac   0x00000320   Code   RO         8678    .text               c_w.l(scanf_hexfp.o)
    0x080025cc   0x080025cc   0x00000134   Code   RO         8680    .text               c_w.l(scanf_infnan.o)
    0x08002700   0x08002700   0x00000012   Code   RO         8682    .text               c_w.l(exit.o)
    0x08002712   0x08002712   0x00000002   PAD
    0x08002714   0x08002714   0x0000000c   Code   RO         8708    .text               c_w.l(sys_exit.o)
    0x08002720   0x08002720   0x00000026   Code   RO         8716    .text               c_w.l(llshl.o)
    0x08002746   0x08002746   0x0000003e   Code   RO         8599    CL$$btod_d2e        c_w.l(btod.o)
    0x08002784   0x08002784   0x00000046   Code   RO         8601    CL$$btod_d2e_denorm_low  c_w.l(btod.o)
    0x080027ca   0x080027ca   0x00000060   Code   RO         8600    CL$$btod_d2e_norm_op1  c_w.l(btod.o)
    0x0800282a   0x0800282a   0x00000338   Code   RO         8609    CL$$btod_div_common  c_w.l(btod.o)
    0x08002b62   0x08002b62   0x00000002   PAD
    0x08002b64   0x08002b64   0x00000084   Code   RO         8607    CL$$btod_e2d        c_w.l(btod.o)
    0x08002be8   0x08002be8   0x000000dc   Code   RO         8606    CL$$btod_e2e        c_w.l(btod.o)
    0x08002cc4   0x08002cc4   0x0000002a   Code   RO         8603    CL$$btod_ediv       c_w.l(btod.o)
    0x08002cee   0x08002cee   0x0000002a   Code   RO         8605    CL$$btod_edivd      c_w.l(btod.o)
    0x08002d18   0x08002d18   0x0000002a   Code   RO         8602    CL$$btod_emul       c_w.l(btod.o)
    0x08002d42   0x08002d42   0x0000002a   Code   RO         8604    CL$$btod_emuld      c_w.l(btod.o)
    0x08002d6c   0x08002d6c   0x00000244   Code   RO         8608    CL$$btod_mult_common  c_w.l(btod.o)
    0x08002fb0   0x08002fb0   0x00000094   Code   RO          690    i.AngleSmoothUpdate  module_platform.o
    0x08003044   0x08003044   0x00000080   Code   RO          691    i.AnglesReady       module_platform.o
    0x080030c4   0x080030c4   0x0000003c   Code   RO         1700    i.BT_Log            util_bluetooth_tune.o
    0x08003100   0x08003100   0x000006c4   Code   RO         1701    i.Bluetooth_Parse_Command  util_bluetooth_tune.o
    0x080037c4   0x080037c4   0x00000004   Code   RO         3425    i.BusFault_Handler  stm32f4xx_it.o
    0x080037c8   0x080037c8   0x00000010   Code   RO         3426    i.CAN1_RX0_IRQHandler  stm32f4xx_it.o
    0x080037d8   0x080037d8   0x00000010   Code   RO         3427    i.CAN1_RX1_IRQHandler  stm32f4xx_it.o
    0x080037e8   0x080037e8   0x00000010   Code   RO         3428    i.CAN2_RX0_IRQHandler  stm32f4xx_it.o
    0x080037f8   0x080037f8   0x00000010   Code   RO         3429    i.CAN2_RX1_IRQHandler  stm32f4xx_it.o
    0x08003808   0x08003808   0x00000006   Code   RO         1461    i.Can_ErrorHandler  util_can.o
    0x0800380e   0x0800380e   0x00000002   PAD
    0x08003810   0x08003810   0x00000084   Code   RO         1462    i.Can_InitFilterAndStart  util_can.o
    0x08003894   0x08003894   0x00000012   Code   RO         1463    i.Can_InitTxHeader  util_can.o
    0x080038a6   0x080038a6   0x0000001a   Code   RO         1464    i.Can_RxMessageCallback  util_can.o
    0x080038c0   0x080038c0   0x00000020   Code   RO         1465    i.Can_SendMessage   util_can.o
    0x080038e0   0x080038e0   0x00000008   Code   RO          856    i.Chassis_GetChassisPtr  module_chassis.o
    0x080038e8   0x080038e8   0x000002a0   Code   RO          857    i.Chassis_Init      module_chassis.o
    0x08003b88   0x08003b88   0x0000030c   Code   RO          860    i.Chassis_Set_Speed  module_chassis.o
    0x08003e94   0x08003e94   0x00000054   Code   RO         1742    i.Comm_DecodeData   comm_common.o
    0x08003ee8   0x08003ee8   0x00000008   Code   RO         1743    i.Comm_GetBusDataPtr  comm_common.o
    0x08003ef0   0x08003ef0   0x00000028   Code   RO         1744    i.Comm_InitComm     comm_common.o
    0x08003f18   0x08003f18   0x0000002a   Code   RO         1747    i.Comm_MergeAndverify  comm_common.o
    0x08003f42   0x08003f42   0x00000022   Code   RO         1748    i.Comm_ResetCommData  comm_common.o
    0x08003f64   0x08003f64   0x00000070   Code   RO         1750    i.Comm_SendCommData  comm_common.o
    0x08003fd4   0x08003fd4   0x00000054   Code   RO         1751    i.Communicate_RXCallback  comm_common.o
    0x08004028   0x08004028   0x00000028   Code   RO          329    i.Communicate_Task  app_communicate.o
    0x08004050   0x08004050   0x00000010   Code   RO         3430    i.DMA1_Stream1_IRQHandler  stm32f4xx_it.o
    0x08004060   0x08004060   0x00000010   Code   RO         3431    i.DMA1_Stream3_IRQHandler  stm32f4xx_it.o
    0x08004070   0x08004070   0x00000010   Code   RO         3432    i.DMA1_Stream5_IRQHandler  stm32f4xx_it.o
    0x08004080   0x08004080   0x00000010   Code   RO         3433    i.DMA1_Stream6_IRQHandler  stm32f4xx_it.o
    0x08004090   0x08004090   0x00000010   Code   RO         3434    i.DMA2_Stream1_IRQHandler  stm32f4xx_it.o
    0x080040a0   0x080040a0   0x00000010   Code   RO         3435    i.DMA2_Stream2_IRQHandler  stm32f4xx_it.o
    0x080040b0   0x080040b0   0x00000010   Code   RO         3436    i.DMA2_Stream6_IRQHandler  stm32f4xx_it.o
    0x080040c0   0x080040c0   0x00000034   Code   RO         5427    i.DMA_CalcBaseAndBitshift  stm32f4xx_hal_dma.o
    0x080040f4   0x080040f4   0x000000aa   Code   RO         5428    i.DMA_CheckFifoParam  stm32f4xx_hal_dma.o
    0x0800419e   0x0800419e   0x0000002c   Code   RO         5429    i.DMA_SetConfig     stm32f4xx_hal_dma.o
    0x080041ca   0x080041ca   0x00000002   PAD
    0x080041cc   0x080041cc   0x00000138   Code   RO         1153    i.DMH3510_encoder_callback  periph_motor.o
    0x08004304   0x08004304   0x00000140   Code   RO         1413    i.DT35_DecodeData   periph_dt35.o
    0x08004444   0x08004444   0x00000008   Code   RO         1414    i.DT35_GetBusDataPtr  periph_dt35.o
    0x0800444c   0x0800444c   0x00000068   Code   RO         1415    i.DT35_Init         periph_dt35.o
    0x080044b4   0x080044b4   0x00000050   Code   RO         1416    i.DT35_RXCallback   periph_dt35.o
    0x08004504   0x08004504   0x00000040   Code   RO         1961    i.DWT_CNT_Update    sys_dwt.o
    0x08004544   0x08004544   0x0000003c   Code   RO         1964    i.DWT_Delayus       sys_dwt.o
    0x08004580   0x08004580   0x00000008   Code   RO         1965    i.DWT_GetDWTDataPtr  sys_dwt.o
    0x08004588   0x08004588   0x0000003c   Code   RO         1966    i.DWT_GetDeltaT     sys_dwt.o
    0x080045c4   0x080045c4   0x0000004c   Code   RO         1969    i.DWT_GetTimeline_ms  sys_dwt.o
    0x08004610   0x08004610   0x00000050   Code   RO         1970    i.DWT_GetTimeline_s  sys_dwt.o
    0x08004660   0x08004660   0x00000030   Code   RO         1971    i.DWT_GetTimeline_us  sys_dwt.o
    0x08004690   0x08004690   0x00000058   Code   RO         1972    i.DWT_Init          sys_dwt.o
    0x080046e8   0x080046e8   0x000000bc   Code   RO         1973    i.DWT_SysTimeUpdate  sys_dwt.o
    0x080047a4   0x080047a4   0x00000002   Code   RO         3437    i.DebugMon_Handler  stm32f4xx_it.o
    0x080047a6   0x080047a6   0x00000002   PAD
    0x080047a8   0x080047a8   0x000002a8   Code   RO         1154    i.Dji3508_origin_encoder_callback  periph_motor.o
    0x08004a50   0x08004a50   0x00000006   Code   RO         3118    i.Error_Handler     main.o
    0x08004a56   0x08004a56   0x00000058   Code   RO         2829    i.Filter_LowPass    alg_filter.o
    0x08004aae   0x08004aae   0x00000006   Code   RO         2830    i.Filter_LowPassInit  alg_filter.o
    0x08004ab4   0x08004ab4   0x00000024   Code   RO         1526    i.GPIO_ReadPin      util_gpio.o
    0x08004ad8   0x08004ad8   0x00000018   Code   RO         1527    i.GPIO_Reset        util_gpio.o
    0x08004af0   0x08004af0   0x00000018   Code   RO         1528    i.GPIO_Set          util_gpio.o
    0x08004b08   0x08004b08   0x00000008   Code   RO          476    i.Gimbal_GetPtr     app_gimbal.o
    0x08004b10   0x08004b10   0x000001e8   Code   RO          477    i.Gimbal_Init       app_gimbal.o
    0x08004cf8   0x08004cf8   0x00000088   Code   RO          479    i.Gimbal_PosLimit   app_gimbal.o
    0x08004d80   0x08004d80   0x0000012c   Code   RO         1157    i.Go1_encoder_callback  periph_motor.o
    0x08004eac   0x08004eac   0x0000002a   Code   RO         4633    i.HAL_CAN_ActivateNotification  stm32f4xx_hal_can.o
    0x08004ed6   0x08004ed6   0x0000014a   Code   RO         4634    i.HAL_CAN_AddTxMessage  stm32f4xx_hal_can.o
    0x08005020   0x08005020   0x00000124   Code   RO         4635    i.HAL_CAN_ConfigFilter  stm32f4xx_hal_can.o
    0x08005144   0x08005144   0x00000002   Code   RO         4638    i.HAL_CAN_ErrorCallback  stm32f4xx_hal_can.o
    0x08005146   0x08005146   0x00000194   Code   RO         4641    i.HAL_CAN_GetRxMessage  stm32f4xx_hal_can.o
    0x080052da   0x080052da   0x0000024e   Code   RO         4645    i.HAL_CAN_IRQHandler  stm32f4xx_hal_can.o
    0x08005528   0x08005528   0x00000174   Code   RO         4646    i.HAL_CAN_Init      stm32f4xx_hal_can.o
    0x0800569c   0x0800569c   0x00000184   Code   RO         3287    i.HAL_CAN_MspInit   can.o
    0x08005820   0x08005820   0x00000002   Code   RO         4653    i.HAL_CAN_RxFifo0FullCallback  stm32f4xx_hal_can.o
    0x08005822   0x08005822   0x00000002   PAD
    0x08005824   0x08005824   0x00000030   Code   RO         1466    i.HAL_CAN_RxFifo0MsgPendingCallback  util_can.o
    0x08005854   0x08005854   0x00000002   Code   RO         4655    i.HAL_CAN_RxFifo1FullCallback  stm32f4xx_hal_can.o
    0x08005856   0x08005856   0x0000002a   Code   RO         1467    i.HAL_CAN_RxFifo1MsgPendingCallback  util_can.o
    0x08005880   0x08005880   0x00000002   Code   RO         4657    i.HAL_CAN_SleepCallback  stm32f4xx_hal_can.o
    0x08005882   0x08005882   0x0000005e   Code   RO         4658    i.HAL_CAN_Start     stm32f4xx_hal_can.o
    0x080058e0   0x080058e0   0x00000002   Code   RO         4660    i.HAL_CAN_TxMailbox0AbortCallback  stm32f4xx_hal_can.o
    0x080058e2   0x080058e2   0x00000002   Code   RO         4661    i.HAL_CAN_TxMailbox0CompleteCallback  stm32f4xx_hal_can.o
    0x080058e4   0x080058e4   0x00000002   Code   RO         4662    i.HAL_CAN_TxMailbox1AbortCallback  stm32f4xx_hal_can.o
    0x080058e6   0x080058e6   0x00000002   Code   RO         4663    i.HAL_CAN_TxMailbox1CompleteCallback  stm32f4xx_hal_can.o
    0x080058e8   0x080058e8   0x00000002   Code   RO         4664    i.HAL_CAN_TxMailbox2AbortCallback  stm32f4xx_hal_can.o
    0x080058ea   0x080058ea   0x00000002   Code   RO         4665    i.HAL_CAN_TxMailbox2CompleteCallback  stm32f4xx_hal_can.o
    0x080058ec   0x080058ec   0x00000002   Code   RO         4667    i.HAL_CAN_WakeUpFromRxMsgCallback  stm32f4xx_hal_can.o
    0x080058ee   0x080058ee   0x000000ac   Code   RO         5430    i.HAL_DMA_Abort     stm32f4xx_hal_dma.o
    0x0800599a   0x0800599a   0x00000028   Code   RO         5431    i.HAL_DMA_Abort_IT  stm32f4xx_hal_dma.o
    0x080059c2   0x080059c2   0x00000002   PAD
    0x080059c4   0x080059c4   0x00000240   Code   RO         5435    i.HAL_DMA_IRQHandler  stm32f4xx_hal_dma.o
    0x08005c04   0x08005c04   0x000000ec   Code   RO         5436    i.HAL_DMA_Init      stm32f4xx_hal_dma.o
    0x08005cf0   0x08005cf0   0x00000066   Code   RO         5439    i.HAL_DMA_Start     stm32f4xx_hal_dma.o
    0x08005d56   0x08005d56   0x00000092   Code   RO         5440    i.HAL_DMA_Start_IT  stm32f4xx_hal_dma.o
    0x08005de8   0x08005de8   0x00000028   Code   RO         5890    i.HAL_Delay         stm32f4xx_hal.o
    0x08005e10   0x08005e10   0x00000210   Code   RO         5323    i.HAL_GPIO_Init     stm32f4xx_hal_gpio.o
    0x08006020   0x08006020   0x00000010   Code   RO         5325    i.HAL_GPIO_ReadPin  stm32f4xx_hal_gpio.o
    0x08006030   0x08006030   0x0000000c   Code   RO         5327    i.HAL_GPIO_WritePin  stm32f4xx_hal_gpio.o
    0x0800603c   0x0800603c   0x0000000c   Code   RO         5898    i.HAL_GetTick       stm32f4xx_hal.o
    0x08006048   0x08006048   0x00000018   Code   RO         5904    i.HAL_IncTick       stm32f4xx_hal.o
    0x08006060   0x08006060   0x0000003c   Code   RO         5905    i.HAL_Init          stm32f4xx_hal.o
    0x0800609c   0x0800609c   0x000000b4   Code   RO         3609    i.HAL_InitTick      stm32f4xx_hal_timebase_tim.o
    0x08006150   0x08006150   0x00000054   Code   RO         3585    i.HAL_MspInit       stm32f4xx_hal_msp.o
    0x080061a4   0x080061a4   0x00000028   Code   RO         5733    i.HAL_NVIC_EnableIRQ  stm32f4xx_hal_cortex.o
    0x080061cc   0x080061cc   0x0000007c   Code   RO         5739    i.HAL_NVIC_SetPriority  stm32f4xx_hal_cortex.o
    0x08006248   0x08006248   0x00000028   Code   RO         5740    i.HAL_NVIC_SetPriorityGrouping  stm32f4xx_hal_cortex.o
    0x08006270   0x08006270   0x00000184   Code   RO         4867    i.HAL_RCC_ClockConfig  stm32f4xx_hal_rcc.o
    0x080063f4   0x080063f4   0x00000044   Code   RO         4871    i.HAL_RCC_GetClockConfig  stm32f4xx_hal_rcc.o
    0x08006438   0x08006438   0x0000000c   Code   RO         4872    i.HAL_RCC_GetHCLKFreq  stm32f4xx_hal_rcc.o
    0x08006444   0x08006444   0x00000020   Code   RO         4874    i.HAL_RCC_GetPCLK1Freq  stm32f4xx_hal_rcc.o
    0x08006464   0x08006464   0x00000020   Code   RO         4875    i.HAL_RCC_GetPCLK2Freq  stm32f4xx_hal_rcc.o
    0x08006484   0x08006484   0x000000b0   Code   RO         4876    i.HAL_RCC_GetSysClockFreq  stm32f4xx_hal_rcc.o
    0x08006534   0x08006534   0x0000049c   Code   RO         4879    i.HAL_RCC_OscConfig  stm32f4xx_hal_rcc.o
    0x080069d0   0x080069d0   0x00000002   Code   RO         4365    i.HAL_TIMEx_BreakCallback  stm32f4xx_hal_tim_ex.o
    0x080069d2   0x080069d2   0x00000002   Code   RO         4366    i.HAL_TIMEx_CommutCallback  stm32f4xx_hal_tim_ex.o
    0x080069d4   0x080069d4   0x00000066   Code   RO         3650    i.HAL_TIM_Base_Init  stm32f4xx_hal_tim.o
    0x08006a3a   0x08006a3a   0x00000002   Code   RO         3652    i.HAL_TIM_Base_MspInit  stm32f4xx_hal_tim.o
    0x08006a3c   0x08006a3c   0x000000a8   Code   RO         3655    i.HAL_TIM_Base_Start_IT  stm32f4xx_hal_tim.o
    0x08006ae4   0x08006ae4   0x00000002   Code   RO         3684    i.HAL_TIM_IC_CaptureCallback  stm32f4xx_hal_tim.o
    0x08006ae6   0x08006ae6   0x0000016c   Code   RO         3698    i.HAL_TIM_IRQHandler  stm32f4xx_hal_tim.o
    0x08006c52   0x08006c52   0x00000002   Code   RO         3701    i.HAL_TIM_OC_DelayElapsedCallback  stm32f4xx_hal_tim.o
    0x08006c54   0x08006c54   0x00000002   Code   RO         3728    i.HAL_TIM_PWM_PulseFinishedCallback  stm32f4xx_hal_tim.o
    0x08006c56   0x08006c56   0x00000002   PAD
    0x08006c58   0x08006c58   0x00000018   Code   RO         3119    i.HAL_TIM_PeriodElapsedCallback  main.o
    0x08006c70   0x08006c70   0x00000002   Code   RO         3741    i.HAL_TIM_TriggerCallback  stm32f4xx_hal_tim.o
    0x08006c72   0x08006c72   0x00000002   Code   RO         6165    i.HAL_UARTEx_RxEventCallback  stm32f4xx_hal_uart.o
    0x08006c74   0x08006c74   0x00000002   Code   RO         6179    i.HAL_UART_ErrorCallback  stm32f4xx_hal_uart.o
    0x08006c76   0x08006c76   0x00000002   PAD
    0x08006c78   0x08006c78   0x000002e8   Code   RO         6182    i.HAL_UART_IRQHandler  stm32f4xx_hal_uart.o
    0x08006f60   0x08006f60   0x00000076   Code   RO         6183    i.HAL_UART_Init     stm32f4xx_hal_uart.o
    0x08006fd6   0x08006fd6   0x00000002   PAD
    0x08006fd8   0x08006fd8   0x00000490   Code   RO         3360    i.HAL_UART_MspInit  usart.o
    0x08007468   0x08007468   0x0000002c   Code   RO         6188    i.HAL_UART_Receive_IT  stm32f4xx_hal_uart.o
    0x08007494   0x08007494   0x0000007c   Code   RO         3120    i.HAL_UART_RxCpltCallback  main.o
    0x08007510   0x08007510   0x000000be   Code   RO         6191    i.HAL_UART_Transmit  stm32f4xx_hal_uart.o
    0x080075ce   0x080075ce   0x00000002   PAD
    0x080075d0   0x080075d0   0x0000008c   Code   RO         6192    i.HAL_UART_Transmit_DMA  stm32f4xx_hal_uart.o
    0x0800765c   0x0800765c   0x00000002   Code   RO         6194    i.HAL_UART_TxCpltCallback  stm32f4xx_hal_uart.o
    0x0800765e   0x0800765e   0x00000002   Code   RO         6195    i.HAL_UART_TxHalfCpltCallback  stm32f4xx_hal_uart.o
    0x08007660   0x08007660   0x00000004   Code   RO         3438    i.HardFault_Handler  stm32f4xx_it.o
    0x08007664   0x08007664   0x00000054   Code   RO            4    i.Init_InitAll      app_init.o
    0x080076b8   0x080076b8   0x0000000c   Code   RO            5    i.Init_Task         app_init.o
    0x080076c4   0x080076c4   0x00000048   Code   RO         3288    i.MX_CAN1_Init      can.o
    0x0800770c   0x0800770c   0x00000048   Code   RO         3289    i.MX_CAN2_Init      can.o
    0x08007754   0x08007754   0x000000b8   Code   RO         3335    i.MX_DMA_Init       dma.o
    0x0800780c   0x0800780c   0x00000060   Code   RO         3206    i.MX_FREERTOS_Init  freertos.o
    0x0800786c   0x0800786c   0x00000110   Code   RO         3178    i.MX_GPIO_Init      gpio.o
    0x0800797c   0x0800797c   0x00000038   Code   RO         3361    i.MX_UART7_Init     usart.o
    0x080079b4   0x080079b4   0x00000038   Code   RO         3362    i.MX_UART8_Init     usart.o
    0x080079ec   0x080079ec   0x0000003c   Code   RO         3363    i.MX_USART1_UART_Init  usart.o
    0x08007a28   0x08007a28   0x00000038   Code   RO         3364    i.MX_USART2_UART_Init  usart.o
    0x08007a60   0x08007a60   0x00000038   Code   RO         3365    i.MX_USART6_UART_Init  usart.o
    0x08007a98   0x08007a98   0x00000060   Code   RO         2955    i.Math_Differential  alg_math.o
    0x08007af8   0x08007af8   0x00000004   Code   RO         3439    i.MemManage_Handler  stm32f4xx_it.o
    0x08007afc   0x08007afc   0x00000008   Code   RO          944    i.Module_ServeGetPtr  module_serve.o
    0x08007b04   0x08007b04   0x000001e8   Code   RO          946    i.Module_ServeInit  module_serve.o
    0x08007cec   0x08007cec   0x00000064   Code   RO         1158    i.Motor_DM_Basic_Output  periph_motor.o
    0x08007d50   0x08007d50   0x00000124   Code   RO         1159    i.Motor_EncoderDecodeCallback  periph_motor.o
    0x08007e74   0x08007e74   0x000000ec   Code   RO         1161    i.Motor_GetMotorOutput  periph_motor.o
    0x08007f60   0x08007f60   0x00000254   Code   RO         1162    i.Motor_InitAllMotors  periph_motor.o
    0x080081b4   0x080081b4   0x00000054   Code   RO         1163    i.Motor_InitMotor   periph_motor.o
    0x08008208   0x08008208   0x00000074   Code   RO         1164    i.Motor_InitMotorGroup  periph_motor.o
    0x0800827c   0x0800827c   0x00000318   Code   RO         1166    i.Motor_SendMotorGroupOutput  periph_motor.o
    0x08008594   0x08008594   0x00000006   Code   RO         1168    i.Motor_SetMotorOutput  periph_motor.o
    0x0800859a   0x0800859a   0x00000004   Code   RO         3440    i.NMI_Handler       stm32f4xx_it.o
    0x0800859e   0x0800859e   0x00000002   PAD
    0x080085a0   0x080085a0   0x0000035c   Code   RO         3038    i.PID_CalcPID       alg_pid.o
    0x080088fc   0x080088fc   0x0000006c   Code   RO         1023    i.PID_Clear         module_rise.o
    0x08008968   0x08008968   0x00000006   Code   RO         3041    i.PID_GetPIDOutput  alg_pid.o
    0x0800896e   0x0800896e   0x0000008a   Code   RO         3043    i.PID_InitPIDParam  alg_pid.o
    0x080089f8   0x080089f8   0x00000006   Code   RO         3044    i.PID_SetPIDFdb     alg_pid.o
    0x080089fe   0x080089fe   0x00000006   Code   RO         3045    i.PID_SetPIDRef     alg_pid.o
    0x08008a04   0x08008a04   0x000002d8   Code   RO          695    i.Platform_Dianqiu_Cal  module_platform.o
    0x08008cdc   0x08008cdc   0x00000008   Code   RO          696    i.Platform_GetPlatformPtr  module_platform.o
    0x08008ce4   0x08008ce4   0x00000844   Code   RO          698    i.Platform_Init     module_platform.o
    0x08009528   0x08009528   0x000004c4   Code   RO          699    i.Platform_Jiefa_Cal  module_platform.o
    0x080099ec   0x080099ec   0x0000000e   Code   RO          705    i.Platform_Set_OutputState  module_platform.o
    0x080099fa   0x080099fa   0x00000002   PAD
    0x080099fc   0x080099fc   0x0000017c   Code   RO          706    i.Platform_Set_Target_Pos  module_platform.o
    0x08009b78   0x08009b78   0x0000000a   Code   RO         1335    i.Remote_CancelChannelOffset  periph_remote.o
    0x08009b82   0x08009b82   0x000000c4   Code   RO         1336    i.Remote_DecodeRemoteData  periph_remote.o
    0x08009c46   0x08009c46   0x00000002   PAD
    0x08009c48   0x08009c48   0x00000008   Code   RO          408    i.Remote_GetControlDataPtr  app_remote.o
    0x08009c50   0x08009c50   0x00000008   Code   RO         1337    i.Remote_GetRemoteDataPtr  periph_remote.o
    0x08009c58   0x08009c58   0x00000038   Code   RO         1338    i.Remote_InitRemote  periph_remote.o
    0x08009c90   0x08009c90   0x00000048   Code   RO         1339    i.Remote_IsRemoteError  periph_remote.o
    0x08009cd8   0x08009cd8   0x0000004a   Code   RO         1341    i.Remote_RXCallback  periph_remote.o
    0x08009d22   0x08009d22   0x0000000a   Code   RO          412    i.Remote_RemotrControlInit  app_remote.o
    0x08009d2c   0x08009d2c   0x00000030   Code   RO         1342    i.Remote_ResetRemoteData  periph_remote.o
    0x08009d5c   0x08009d5c   0x00000002   Code   RO         1343    i.Remote_ToSwitchState  periph_remote.o
    0x08009d5e   0x08009d5e   0x00000002   PAD
    0x08009d60   0x08009d60   0x000006a0   Code   RO         1024    i.Rise_Auto_Cal     module_rise.o
    0x0800a400   0x0800a400   0x00000044   Code   RO         1026    i.Rise_Chop_Cal     module_rise.o
    0x0800a444   0x0800a444   0x000000b0   Code   RO         1027    i.Rise_Control      module_rise.o
    0x0800a4f4   0x0800a4f4   0x00000008   Code   RO         1028    i.Rise_GetRisePtr   module_rise.o
    0x0800a4fc   0x0800a4fc   0x00000034   Code   RO         1029    i.Rise_Hit_Cal      module_rise.o
    0x0800a530   0x0800a530   0x00000050   Code   RO         1030    i.Rise_Hit_Finished  module_rise.o
    0x0800a580   0x0800a580   0x00000780   Code   RO         1031    i.Rise_Init         module_rise.o
    0x0800ad00   0x0800ad00   0x00000038   Code   RO         1032    i.Rise_Lift_Cal     module_rise.o
    0x0800ad38   0x0800ad38   0x00000064   Code   RO         1033    i.Rise_Output       module_rise.o
    0x0800ad9c   0x0800ad9c   0x0000000e   Code   RO         1034    i.Rise_Set_ControlMode  module_rise.o
    0x0800adaa   0x0800adaa   0x00000002   PAD
    0x0800adac   0x0800adac   0x000003a0   Code   RO         1035    i.Rise_Set_Hybrid_Output  module_rise.o
    0x0800b14c   0x0800b14c   0x0000000e   Code   RO         1036    i.Rise_Set_OutputState  module_rise.o
    0x0800b15a   0x0800b15a   0x00000002   PAD
    0x0800b15c   0x0800b15c   0x000000e4   Code   RO         1037    i.Rise_Set_Torque_Output  module_rise.o
    0x0800b240   0x0800b240   0x000000c8   Code   RO          653    i.Rise_Task         app_rise.o
    0x0800b308   0x0800b308   0x000000fc   Code   RO         1038    i.Rise_Update_Fdb   module_rise.o
    0x0800b404   0x0800b404   0x000003b4   Code   RO         1039    i.Rise_Without_Hit_Cal  module_rise.o
    0x0800b7b8   0x0800b7b8   0x00000008   Code   RO          581    i.Serve_GetPtr      app_serve.o
    0x0800b7c0   0x0800b7c0   0x00000014   Code   RO          582    i.Serve_Init        app_serve.o
    0x0800b7d4   0x0800b7d4   0x00000034   Code   RO         7799    i.SysTick_Handler   port.o
    0x0800b808   0x0800b808   0x000000b4   Code   RO         3121    i.SystemClock_Config  main.o
    0x0800b8bc   0x0800b8bc   0x00000014   Code   RO         6527    i.SystemInit        system_stm32f4xx.o
    0x0800b8d0   0x0800b8d0   0x00000010   Code   RO         3441    i.TIM6_DAC_IRQHandler  stm32f4xx_it.o
    0x0800b8e0   0x0800b8e0   0x000000e8   Code   RO         3743    i.TIM_Base_SetConfig  stm32f4xx_hal_tim.o
    0x0800b9c8   0x0800b9c8   0x0000021c   Code   RO          709    i.Traj_Update       module_platform.o
    0x0800bbe4   0x0800bbe4   0x00000014   Code   RO         3442    i.UART7_IRQHandler  stm32f4xx_it.o
    0x0800bbf8   0x0800bbf8   0x00000014   Code   RO         3443    i.UART8_IRQHandler  stm32f4xx_it.o
    0x0800bc0c   0x0800bc0c   0x00000014   Code   RO         6196    i.UART_DMAAbortOnError  stm32f4xx_hal_uart.o
    0x0800bc20   0x0800bc20   0x00000050   Code   RO         6197    i.UART_DMAError     stm32f4xx_hal_uart.o
    0x0800bc70   0x0800bc70   0x00000058   Code   RO         6202    i.UART_DMATransmitCplt  stm32f4xx_hal_uart.o
    0x0800bcc8   0x0800bcc8   0x0000000e   Code   RO         6204    i.UART_DMATxHalfCplt  stm32f4xx_hal_uart.o
    0x0800bcd6   0x0800bcd6   0x0000006c   Code   RO         6206    i.UART_EndRxTransfer  stm32f4xx_hal_uart.o
    0x0800bd42   0x0800bd42   0x00000020   Code   RO         6207    i.UART_EndTransmit_IT  stm32f4xx_hal_uart.o
    0x0800bd62   0x0800bd62   0x00000026   Code   RO         6208    i.UART_EndTxTransfer  stm32f4xx_hal_uart.o
    0x0800bd88   0x0800bd88   0x000000fc   Code   RO         6209    i.UART_Receive_IT   stm32f4xx_hal_uart.o
    0x0800be84   0x0800be84   0x0000022c   Code   RO         6210    i.UART_SetConfig    stm32f4xx_hal_uart.o
    0x0800c0b0   0x0800c0b0   0x00000040   Code   RO         6212    i.UART_Start_Receive_IT  stm32f4xx_hal_uart.o
    0x0800c0f0   0x0800c0f0   0x00000060   Code   RO         6213    i.UART_Transmit_IT  stm32f4xx_hal_uart.o
    0x0800c150   0x0800c150   0x0000008c   Code   RO         6214    i.UART_WaitOnFlagUntilTimeout  stm32f4xx_hal_uart.o
    0x0800c1dc   0x0800c1dc   0x00000014   Code   RO         3444    i.USART1_IRQHandler  stm32f4xx_it.o
    0x0800c1f0   0x0800c1f0   0x00000014   Code   RO         3445    i.USART2_IRQHandler  stm32f4xx_it.o
    0x0800c204   0x0800c204   0x00000014   Code   RO         3446    i.USART6_IRQHandler  stm32f4xx_it.o
    0x0800c218   0x0800c218   0x00000008   Code   RO         1579    i.Uart_DMACurrentDataCounter  util_uart.o
    0x0800c220   0x0800c220   0x00000006   Code   RO         1580    i.Uart_ErrorHandler  util_uart.o
    0x0800c226   0x0800c226   0x00000026   Code   RO         1581    i.Uart_InitUartDMA  util_uart.o
    0x0800c24c   0x0800c24c   0x00000042   Code   RO         1582    i.Uart_ReceiveDMA   util_uart.o
    0x0800c28e   0x0800c28e   0x00000038   Code   RO         1583    i.Uart_ReceiveHandler  util_uart.o
    0x0800c2c6   0x0800c2c6   0x00000002   PAD
    0x0800c2c8   0x0800c2c8   0x00000058   Code   RO         1584    i.Uart_RxIdleCallback  util_uart.o
    0x0800c320   0x0800c320   0x00000030   Code   RO         1586    i.Uart_SendMessageDMA  util_uart.o
    0x0800c350   0x0800c350   0x00000004   Code   RO         3447    i.UsageFault_Handler  stm32f4xx_it.o
    0x0800c354   0x0800c354   0x0000001c   Code   RO         1663    i.Vofa_Frame_Init   util_vofa.o
    0x0800c370   0x0800c370   0x00000060   Code   RO         1664    i.Vofa_Send_Data    util_vofa.o
    0x0800c3d0   0x0800c3d0   0x0000003c   Code   RO          710    i.WriteTargetFromState  module_platform.o
    0x0800c40c   0x0800c40c   0x00000030   Code   RO         8655    i.__ARM_fpclassify  m_wm.l(fpclassify.o)
    0x0800c43c   0x0800c43c   0x00000026   Code   RO         8512    i.__ARM_fpclassifyf  m_wm.l(fpclassifyf.o)
    0x0800c462   0x0800c462   0x00000002   PAD
    0x0800c464   0x0800c464   0x00000010   Code   RO         5746    i.__NVIC_GetPriorityGrouping  stm32f4xx_hal_cortex.o
    0x0800c474   0x0800c474   0x00000028   Code   RO         5747    i.__NVIC_SetPriority  stm32f4xx_hal_cortex.o
    0x0800c49c   0x0800c49c   0x00000004   PAD
    0x0800c4a0   0x0800c4a0   0x000000f8   Code   RO         8657    i.__hardfp___mathlib_tofloat  m_wm.l(narrow.o)
    0x0800c598   0x0800c598   0x00000160   Code   RO         8202    i.__hardfp_atanf    m_wm.l(atanf.o)
    0x0800c6f8   0x0800c6f8   0x000000c8   Code   RO         8214    i.__hardfp_cos      m_wm.l(cos.o)
    0x0800c7c0   0x0800c7c0   0x00000014   Code   RO         8226    i.__hardfp_fabs     m_wm.l(fabs.o)
    0x0800c7d4   0x0800c7d4   0x00000004   PAD
    0x0800c7d8   0x0800c7d8   0x000000d0   Code   RO         8745    i.__hardfp_ldexp    m_wm.l(ldexp.o)
    0x0800c8a8   0x0800c8a8   0x000000c8   Code   RO         8246    i.__hardfp_sin      m_wm.l(sin.o)
    0x0800c970   0x0800c970   0x00000190   Code   RO         8258    i.__hardfp_sinf     m_wm.l(sinf.o)
    0x0800cb00   0x0800cb00   0x0000007a   Code   RO         8270    i.__hardfp_sqrt     m_wm.l(sqrt.o)
    0x0800cb7a   0x0800cb7a   0x00000006   PAD
    0x0800cb80   0x0800cb80   0x00000438   Code   RO         8529    i.__ieee754_rem_pio2  m_wm.l(rred.o)
    0x0800cfb8   0x0800cfb8   0x00000170   Code   RO         8495    i.__kernel_cos      m_wm.l(cos_i.o)
    0x0800d128   0x0800d128   0x000000f8   Code   RO         8665    i.__kernel_poly     m_wm.l(poly.o)
    0x0800d220   0x0800d220   0x00000130   Code   RO         8537    i.__kernel_sin      m_wm.l(sin_i.o)
    0x0800d350   0x0800d350   0x00000014   Code   RO         8499    i.__mathlib_dbl_infnan  m_wm.l(dunder.o)
    0x0800d364   0x0800d364   0x00000004   PAD
    0x0800d368   0x0800d368   0x00000020   Code   RO         8501    i.__mathlib_dbl_invalid  m_wm.l(dunder.o)
    0x0800d388   0x0800d388   0x00000020   Code   RO         8502    i.__mathlib_dbl_overflow  m_wm.l(dunder.o)
    0x0800d3a8   0x0800d3a8   0x00000020   Code   RO         8504    i.__mathlib_dbl_underflow  m_wm.l(dunder.o)
    0x0800d3c8   0x0800d3c8   0x00000006   Code   RO         8515    i.__mathlib_flt_infnan  m_wm.l(funder.o)
    0x0800d3ce   0x0800d3ce   0x00000002   PAD
    0x0800d3d0   0x0800d3d0   0x00000010   Code   RO         8517    i.__mathlib_flt_invalid  m_wm.l(funder.o)
    0x0800d3e0   0x0800d3e0   0x00000010   Code   RO         8520    i.__mathlib_flt_underflow  m_wm.l(funder.o)
    0x0800d3f0   0x0800d3f0   0x00000012   Code   RO         8658    i.__mathlib_narrow  m_wm.l(narrow.o)
    0x0800d402   0x0800d402   0x00000002   PAD
    0x0800d404   0x0800d404   0x00000154   Code   RO         8534    i.__mathlib_rredf2  m_wm.l(rredf.o)
    0x0800d558   0x0800d558   0x00000014   Code   RO         8747    i.__support_ldexp   m_wm.l(ldexp.o)
    0x0800d56c   0x0800d56c   0x0000000e   Code   RO         8104    i._is_digit         c_w.l(__printf_wp.o)
    0x0800d57a   0x0800d57a   0x0000002a   Code   RO         1891    i._send_Gimbal_data  comm_transmit.o
    0x0800d5a4   0x0800d5a4   0x000001b0   Code   RO         1845    i._set_Chassis_Data_  comm_receive.o
    0x0800d754   0x0800d754   0x0000002c   Code   RO         1846    i._set_Gimbal_Data_  comm_receive.o
    0x0800d780   0x0800d780   0x00000046   Code   RO         1847    i._set_Platform_Data_  comm_receive.o
    0x0800d7c6   0x0800d7c6   0x0000000c   Code   RO         2061    i.buff2float        lib_buff.o
    0x0800d7d2   0x0800d7d2   0x00000022   Code   RO         1172    i.crc_ccitt         periph_motor.o
    0x0800d7f4   0x0800d7f4   0x00000018   Code   RO         1173    i.crc_ccitt_byte    periph_motor.o
    0x0800d80c   0x0800d80c   0x00000018   Code   RO         8228    i.fabs              m_wm.l(fabs.o)
    0x0800d824   0x0800d824   0x0000000c   Code   RO         2065    i.float2buff        lib_buff.o
    0x0800d830   0x0800d830   0x00000032   Code   RO         2066    i.float_to_uint     lib_buff.o
    0x0800d862   0x0800d862   0x00000006   PAD
    0x0800d868   0x0800d868   0x0000008c   Code   RO         8704    i.frexp             m_wm.l(frexp.o)
    0x0800d8f4   0x0800d8f4   0x00000054   Code   RO         3122    i.main              main.o
    0x0800d948   0x0800d948   0x0000000e   Code   RO         7364    i.makeFreeRtosPriority  cmsis_os.o
    0x0800d956   0x0800d956   0x00000018   Code   RO         7366    i.osDelay           cmsis_os.o
    0x0800d96e   0x0800d96e   0x0000000a   Code   RO         7369    i.osKernelStart     cmsis_os.o
    0x0800d978   0x0800d978   0x0000005e   Code   RO         7403    i.osThreadCreate    cmsis_os.o
    0x0800d9d6   0x0800d9d6   0x00000002   PAD
    0x0800d9d8   0x0800d9d8   0x00000098   Code   RO         7035    i.prvAddCurrentTaskToDelayedList  tasks.o
    0x0800da70   0x0800da70   0x000000b4   Code   RO         7036    i.prvAddNewTaskToReadyList  tasks.o
    0x0800db24   0x0800db24   0x00000048   Code   RO         7037    i.prvCheckTasksWaitingTermination  tasks.o
    0x0800db6c   0x0800db6c   0x00000050   Code   RO         7038    i.prvDeleteTCB      tasks.o
    0x0800dbbc   0x0800dbbc   0x0000007c   Code   RO         7731    i.prvHeapInit       heap_4.o
    0x0800dc38   0x0800dc38   0x00000028   Code   RO         7039    i.prvIdleTask       tasks.o
    0x0800dc60   0x0800dc60   0x000000b4   Code   RO         7040    i.prvInitialiseNewTask  tasks.o
    0x0800dd14   0x0800dd14   0x00000068   Code   RO         7041    i.prvInitialiseTaskLists  tasks.o
    0x0800dd7c   0x0800dd7c   0x00000068   Code   RO         7732    i.prvInsertBlockIntoFreeList  heap_4.o
    0x0800dde4   0x0800dde4   0x00000034   Code   RO         7042    i.prvResetNextTaskUnblockTime  tasks.o
    0x0800de18   0x0800de18   0x00000040   Code   RO         7800    i.prvTaskExitError  port.o
    0x0800de58   0x0800de58   0x0000014c   Code   RO         7733    i.pvPortMalloc      heap_4.o
    0x0800dfa4   0x0800dfa4   0x0000002c   Code   RO         7801    i.pxPortInitialiseStack  port.o
    0x0800dfd0   0x0800dfd0   0x00000048   Code   RO         2962    i.rad2deg           alg_math.o
    0x0800e018   0x0800e018   0x00000034   Code   RO         2069    i.uint_to_float     lib_buff.o
    0x0800e04c   0x0800e04c   0x00000028   Code   RO         6661    i.uxListRemove      list.o
    0x0800e074   0x0800e074   0x00000018   Code   RO         3211    i.vApplicationGetIdleTaskMemory  freertos.o
    0x0800e08c   0x0800e08c   0x0000001a   Code   RO         6662    i.vListInitialise   list.o
    0x0800e0a6   0x0800e0a6   0x00000006   Code   RO         6663    i.vListInitialiseItem  list.o
    0x0800e0ac   0x0800e0ac   0x00000034   Code   RO         6664    i.vListInsert       list.o
    0x0800e0e0   0x0800e0e0   0x00000018   Code   RO         6665    i.vListInsertEnd    list.o
    0x0800e0f8   0x0800e0f8   0x00000054   Code   RO         7803    i.vPortEnterCritical  port.o
    0x0800e14c   0x0800e14c   0x0000003c   Code   RO         7804    i.vPortExitCritical  port.o
    0x0800e188   0x0800e188   0x000000a4   Code   RO         7734    i.vPortFree         heap_4.o
    0x0800e22c   0x0800e22c   0x00000028   Code   RO         7805    i.vPortSetupTimerInterrupt  port.o
    0x0800e254   0x0800e254   0x0000005c   Code   RO         7051    i.vTaskDelay        tasks.o
    0x0800e2b0   0x0800e2b0   0x000000b0   Code   RO         7064    i.vTaskStartScheduler  tasks.o
    0x0800e360   0x0800e360   0x00000010   Code   RO         7066    i.vTaskSuspendAll   tasks.o
    0x0800e370   0x0800e370   0x0000008c   Code   RO         7067    i.vTaskSwitchContext  tasks.o
    0x0800e3fc   0x0800e3fc   0x00000168   Code   RO         7807    i.xPortStartScheduler  port.o
    0x0800e564   0x0800e564   0x00000064   Code   RO         7070    i.xTaskCreate       tasks.o
    0x0800e5c8   0x0800e5c8   0x000000ba   Code   RO         7071    i.xTaskCreateStatic  tasks.o
    0x0800e682   0x0800e682   0x00000002   PAD
    0x0800e684   0x0800e684   0x00000148   Code   RO         7078    i.xTaskIncrementTick  tasks.o
    0x0800e7cc   0x0800e7cc   0x00000104   Code   RO         7084    i.xTaskResumeAll    tasks.o
    0x0800e8d0   0x0800e8d0   0x0000002c   Code   RO         8624    locale$$code        c_w.l(lc_numeric_c.o)
    0x0800e8fc   0x0800e8fc   0x0000002c   Code   RO         8719    locale$$code        c_w.l(lc_ctype_c.o)
    0x0800e928   0x0800e928   0x00000018   Code   RO         8456    x$fpl$basic         fz_wm.l(basic.o)
    0x0800e940   0x0800e940   0x00000062   Code   RO         8148    x$fpl$d2f           fz_wm.l(d2f.o)
    0x0800e9a2   0x0800e9a2   0x00000002   PAD
    0x0800e9a4   0x0800e9a4   0x00000150   Code   RO         8150    x$fpl$dadd          fz_wm.l(daddsub_clz.o)
    0x0800eaf4   0x0800eaf4   0x00000010   Code   RO         8791    x$fpl$dcheck1       fz_wm.l(dcheck1.o)
    0x0800eb04   0x0800eb04   0x00000018   Code   RO         8458    x$fpl$dcmpinf       fz_wm.l(dcmpi.o)
    0x0800eb1c   0x0800eb1c   0x000002b0   Code   RO         8157    x$fpl$ddiv          fz_wm.l(ddiv.o)
    0x0800edcc   0x0800edcc   0x00000078   Code   RO         8460    x$fpl$deqf          fz_wm.l(deqf.o)
    0x0800ee44   0x0800ee44   0x0000005e   Code   RO         8639    x$fpl$dfix          fz_wm.l(dfix.o)
    0x0800eea2   0x0800eea2   0x0000002e   Code   RO         8161    x$fpl$dflt          fz_wm.l(dflt_clz.o)
    0x0800eed0   0x0800eed0   0x00000026   Code   RO         8160    x$fpl$dfltu         fz_wm.l(dflt_clz.o)
    0x0800eef6   0x0800eef6   0x00000002   PAD
    0x0800eef8   0x0800eef8   0x00000078   Code   RO         8166    x$fpl$dleqf         fz_wm.l(dleqf.o)
    0x0800ef70   0x0800ef70   0x00000154   Code   RO         8168    x$fpl$dmul          fz_wm.l(dmul.o)
    0x0800f0c4   0x0800f0c4   0x0000009c   Code   RO         8462    x$fpl$dnaninf       fz_wm.l(dnaninf.o)
    0x0800f160   0x0800f160   0x0000000c   Code   RO         8464    x$fpl$dretinf       fz_wm.l(dretinf.o)
    0x0800f16c   0x0800f16c   0x0000006c   Code   RO         8170    x$fpl$drleqf        fz_wm.l(drleqf.o)
    0x0800f1d8   0x0800f1d8   0x00000016   Code   RO         8151    x$fpl$drsb          fz_wm.l(daddsub_clz.o)
    0x0800f1ee   0x0800f1ee   0x00000002   PAD
    0x0800f1f0   0x0800f1f0   0x00000198   Code   RO         8466    x$fpl$dsqrt         fz_wm.l(dsqrt_umaal.o)
    0x0800f388   0x0800f388   0x000001d4   Code   RO         8152    x$fpl$dsub          fz_wm.l(daddsub_clz.o)
    0x0800f55c   0x0800f55c   0x00000056   Code   RO         8172    x$fpl$f2d           fz_wm.l(f2d.o)
    0x0800f5b2   0x0800f5b2   0x0000008c   Code   RO         8468    x$fpl$fnaninf       fz_wm.l(fnaninf.o)
    0x0800f63e   0x0800f63e   0x0000000a   Code   RO         8647    x$fpl$fpinit        fz_wm.l(fpinit.o)
    0x0800f648   0x0800f648   0x0000000a   Code   RO         8470    x$fpl$fretinf       fz_wm.l(fretinf.o)
    0x0800f652   0x0800f652   0x00000006   Code   RO         8472    x$fpl$ieeestatus    fz_wm.l(istatus.o)
    0x0800f658   0x0800f658   0x00000004   Code   RO         8174    x$fpl$printf1       fz_wm.l(printf1.o)
    0x0800f65c   0x0800f65c   0x00000004   Code   RO         8474    x$fpl$printf2       fz_wm.l(printf2.o)
    0x0800f660   0x0800f660   0x00000064   Code   RO         8793    x$fpl$retnan        fz_wm.l(retnan.o)
    0x0800f6c4   0x0800f6c4   0x0000005c   Code   RO         8772    x$fpl$scalbn        fz_wm.l(scalbn.o)
    0x0800f720   0x0800f720   0x00000004   Code   RO         8176    x$fpl$scanf1        fz_wm.l(scanf1.o)
    0x0800f724   0x0800f724   0x00000008   Code   RO         8649    x$fpl$scanf2        fz_wm.l(scanf2.o)
    0x0800f72c   0x0800f72c   0x00000030   Code   RO         8795    x$fpl$trapveneer    fz_wm.l(trapv.o)
    0x0800f75c   0x0800f75c   0x00000000   Code   RO         8480    x$fpl$usenofp       fz_wm.l(usenofp.o)
    0x0800f75c   0x0800f75c   0x00000200   Data   RO         1175    .constdata          periph_motor.o
    0x0800f95c   0x0800f95c   0x00000860   Data   RO         1935    .constdata          sys_const.o
    0x080101bc   0x080101bc   0x00000054   Data   RO         3213    .constdata          freertos.o
    0x08010210   0x08010210   0x00000008   Data   RO         5442    .constdata          stm32f4xx_hal_dma.o
    0x08010218   0x08010218   0x00000018   Data   RO         6528    .constdata          system_stm32f4xx.o
    0x08010230   0x08010230   0x00000011   Data   RO         8112    .constdata          c_w.l(__printf_flags_ss_wp.o)
    0x08010241   0x08010241   0x00000003   PAD
    0x08010244   0x08010244   0x00000008   Data   RO         8351    .constdata          c_w.l(_printf_wctomb.o)
    0x0801024c   0x0801024c   0x00000028   Data   RO         8378    .constdata          c_w.l(_printf_hex_int_ll_ptr.o)
    0x08010274   0x08010274   0x00000004   PAD
    0x08010278   0x08010278   0x00000030   Data   RO         8496    .constdata          m_wm.l(cos_i.o)
    0x080102a8   0x080102a8   0x000000c8   Data   RO         8531    .constdata          m_wm.l(rred.o)
    0x08010370   0x08010370   0x00000020   Data   RO         8535    .constdata          m_wm.l(rredf.o)
    0x08010390   0x08010390   0x00000028   Data   RO         8538    .constdata          m_wm.l(sin_i.o)
    0x080103b8   0x080103b8   0x00000026   Data   RO         8586    .constdata          c_w.l(_printf_fp_hex.o)
    0x080103de   0x080103de   0x00000002   PAD
    0x080103e0   0x080103e0   0x00000094   Data   RO         8597    .constdata          c_w.l(bigflt0.o)
    0x08010474   0x08010474   0x00000025   Data   RO         3214    .conststring        freertos.o
    0x08010499   0x08010499   0x00000003   PAD
    0x0801049c   0x0801049c   0x00000020   Data   RO         8797    Region$$Table       anon$$obj.o
    0x080104bc   0x080104bc   0x00000008   Data   RO         8643    c$$dinf             fz_wm.l(fpconst.o)
    0x080104c4   0x080104c4   0x00000008   Data   RO         8646    c$$dmax             fz_wm.l(fpconst.o)
    0x080104cc   0x080104cc   0x0000001c   Data   RO         8623    locale$$data        c_w.l(lc_numeric_c.o)
    0x080104e8   0x080104e8   0x00000110   Data   RO         8718    locale$$data        c_w.l(lc_ctype_c.o)


    Execution Region RW_IRAM2 (Exec base: 0x10000000, Load base: 0x08010724, Size: 0x00000000, Max: 0x00010000, ABSOLUTE)

    **** No section assigned to this execution region ****


    Execution Region RW_IRAM1 (Exec base: 0x20000000, Load base: 0x080105f8, Size: 0x0000d468, Max: 0x00030000, ABSOLUTE, COMPRESSED[0x0000012c])

    Exec Addr    Load Addr    Size         Type   Attr      Idx    E Section Name        Object

    0x20000000   COMPRESSED   0x00000001   Data   RW          415    .data               app_remote.o
    0x20000001   COMPRESSED   0x00000003   PAD
    0x20000004   COMPRESSED   0x00000008   Data   RW          585    .data               app_serve.o
    0x2000000c   COMPRESSED   0x00000004   Data   RW          654    .data               app_rise.o
    0x20000010   COMPRESSED   0x00000068   Data   RW          712    .data               module_platform.o
    0x20000078   COMPRESSED   0x00000084   Data   RW         1041    .data               module_rise.o
    0x200000fc   COMPRESSED   0x00000008   Data   RW         1176    .data               periph_motor.o
    0x20000104   COMPRESSED   0x00000008   Data   RW         1468    .data               util_can.o
    0x2000010c   COMPRESSED   0x00000108   Data   RW         1529    .data               util_gpio.o
    0x20000214   COMPRESSED   0x0000000c   Data   RW         1848    .data               comm_receive.o
    0x20000220   COMPRESSED   0x00000008   Data   RW         1895    .data               comm_transmit.o
    0x20000228   COMPRESSED   0x00000330   Data   RW         1936    .data               sys_const.o
    0x20000558   COMPRESSED   0x00000001   Data   RW         1975    .data               sys_dwt.o
    0x20000559   COMPRESSED   0x00000003   PAD
    0x2000055c   COMPRESSED   0x00000004   Data   RW         3046    .data               alg_pid.o
    0x20000560   COMPRESSED   0x00000003   Data   RW         3124    .data               main.o
    0x20000563   COMPRESSED   0x00000001   PAD
    0x20000564   COMPRESSED   0x00000020   Data   RW         3215    .data               freertos.o
    0x20000584   COMPRESSED   0x00000004   Data   RW         3291    .data               can.o
    0x20000588   COMPRESSED   0x00000009   Data   RW         5912    .data               stm32f4xx_hal.o
    0x20000591   COMPRESSED   0x00000003   PAD
    0x20000594   COMPRESSED   0x00000004   Data   RW         6529    .data               system_stm32f4xx.o
    0x20000598   COMPRESSED   0x0000003c   Data   RW         7087    .data               tasks.o
    0x200005d4   COMPRESSED   0x00000020   Data   RW         7740    .data               heap_4.o
    0x200005f4   COMPRESSED   0x0000000c   Data   RW         7808    .data               port.o
    0x20000600        -       0x00000240   Zero   RW          483    .bss                app_gimbal.o
    0x20000840        -       0x000006bc   Zero   RW          711    .bss                module_platform.o
    0x20000efc        -       0x000007c0   Zero   RW          864    .bss                module_chassis.o
    0x200016bc        -       0x0000022c   Zero   RW          952    .bss                module_serve.o
    0x200018e8        -       0x000006ac   Zero   RW         1040    .bss                module_rise.o
    0x20001f94        -       0x00000e88   Zero   RW         1174    .bss                periph_motor.o
    0x20002e1c        -       0x00000064   Zero   RW         1344    .bss                periph_remote.o
    0x20002e80        -       0x00000030   Zero   RW         1417    .bss                periph_dt35.o
    0x20002eb0        -       0x00000020   Zero   RW         1665    .bss                util_vofa.o
    0x20002ed0        -       0x000000a0   Zero   RW         1752    .bss                comm_common.o
    0x20002f70        -       0x00000030   Zero   RW         1974    .bss                sys_dwt.o
    0x20002fa0        -       0x00000080   Zero   RW         3123    .bss                main.o
    0x20003020        -       0x00000254   Zero   RW         3212    .bss                freertos.o
    0x20003274        -       0x00000050   Zero   RW         3290    .bss                can.o
    0x200032c4        -       0x00000408   Zero   RW         3366    .bss                usart.o
    0x200036cc        -       0x00000048   Zero   RW         3612    .bss                stm32f4xx_hal_timebase_tim.o
    0x20003714        -       0x000000f0   Zero   RW         7086    .bss                tasks.o
    0x20003804        -       0x00003c00   Zero   RW         7739    .bss                heap_4.o
    0x20007404        -       0x00000060   Zero   RW         8546    .bss                c_w.l(libspace.o)
    0x20007464   COMPRESSED   0x00000004   PAD
    0x20007468        -       0x00002000   Zero   RW         7876    HEAP                startup_stm32f427xx.o
    0x20009468        -       0x00004000   Zero   RW         7875    STACK               startup_stm32f427xx.o


==============================================================================

Image component sizes


      Code (inc. data)   RO Data    RW Data    ZI Data      Debug   Object Name

        94          0          0          0          0       2254   alg_filter.o
       168         22          0          0          0       1342   alg_math.o
      1016          6          0          4          0       6328   alg_pid.o
        40          0          0          0          0       1435   app_communicate.o
       632         54          0          0        576       3397   app_gimbal.o
        96         10          0          0          0     796090   app_init.o
         0          0          0          0          0       8711   app_platform.o
        18          4          0          1          0       1929   app_remote.o
       200         44          0          4          0       3745   app_rise.o
        28          4          0          8          0       4660   app_serve.o
       532         46          0          4         80       2442   can.o
       142          0          0          0          0      23011   cmsis_os.o
       404         24          0          0        160       6073   comm_common.o
       546         52          0         12          0       4518   comm_receive.o
        42          0          0          8          0       1887   comm_transmit.o
       184          6          0          0          0        846   dma.o
         0          0          0          0          0      15416   event_groups.o
       120         28        121         32        596       2420   freertos.o
       272         10          0          0          0       1091   gpio.o
       724         74          0         32      15360       7403   heap_4.o
       126          0          0          0          0       2922   lib_buff.o
         0          0          0          0          0       1500   lib_list.o
       148          0          0          0          0       3554   list.o
       418         50          0          3        128       3893   main.o
      1460         54          0          0       1984       5370   module_chassis.o
      5342        286          0        104       1724      15648   module_platform.o
      6648        540          0        132       1708      17463   module_rise.o
       496         30          0          0        556       1728   module_serve.o
       512         34          0          0         48       3829   periph_dt35.o
      3572        318        512          8       3720      16653   periph_motor.o
       466         12          0          0        100       6996   periph_remote.o
       894         78          0         12          0      11096   port.o
        64         26        428          0      24576        808   startup_stm32f427xx.o
       136         24          0          9          0       8850   stm32f4xx_hal.o
      2146          6          0          0          0      13727   stm32f4xx_hal_can.o
       260         22          0          0          0      33550   stm32f4xx_hal_cortex.o
      1538         16          8          0          0       7882   stm32f4xx_hal_dma.o
       556         54          0          0          0       2783   stm32f4xx_hal_gpio.o
        84          6          0          0          0        854   stm32f4xx_hal_msp.o
      1888         94          0          0          0       6241   stm32f4xx_hal_rcc.o
       876         76          0          0          0       6590   stm32f4xx_hal_tim.o
         4          0          0          0          0       1589   stm32f4xx_hal_tim_ex.o
       180         20          0          0         72       1459   stm32f4xx_hal_timebase_tim.o
      2732         26          0          0          0      16462   stm32f4xx_hal_uart.o
       314         92          0          0          0      11307   stm32f4xx_it.o
         0          0          0          0          0        416   stream_buffer.o
         0          0       2144        816          0       5827   sys_const.o
       672         56          0          1         48       5958   sys_dwt.o
        20          6         24          4          0       1115   system_stm32f4xx.o
      2158        270          0         60        240      20393   tasks.o
      1452        136          0          0       1032       5025   usart.o
      1792        754          0          0          0       2347   util_bluetooth_tune.o
       304         12          0          8          0       5294   util_can.o
        84          0          0        264          0       3935   util_gpio.o
       310         22          0          0          0       4908   util_uart.o
       124         18          0          0         32       2214   util_vofa.o

    ----------------------------------------------------------------------
     43082       3526       3272       1536      52740    1155184   Object Totals
         0          0         32          0          0          0   (incl. Generated)
        48          4          3         10          0          0   (incl. Padding)

    ----------------------------------------------------------------------

      Code (inc. data)   RO Data    RW Data    ZI Data      Debug   Library Member Name

        60          8          0          0          0         84   __0sscanf.o
        90          0          0          0          0          0   __dczerorl2.o
         8          0          0          0          0         68   __main.o
       392          4         17          0          0         92   __printf_flags_ss_wp.o
        14          0          0          0          0         68   __printf_wp.o
         0          0          0          0          0          0   __rtentry.o
        12          0          0          0          0          0   __rtentry2.o
         6          0          0          0          0          0   __rtentry4.o
        52          8          0          0          0          0   __scatter.o
        28          0          0          0          0          0   __scatter_zi.o
        28          0          0          0          0         68   _chval.o
         6          0          0          0          0          0   _printf_a.o
         6          0          0          0          0          0   _printf_c.o
        44          0          0          0          0        108   _printf_char.o
        48          6          0          0          0         96   _printf_char_common.o
        40          0          0          0          0         68   _printf_charcount.o
         6          0          0          0          0          0   _printf_d.o
       120         16          0          0          0         92   _printf_dec.o
         6          0          0          0          0          0   _printf_e.o
         6          0          0          0          0          0   _printf_f.o
      1054          0          0          0          0        216   _printf_fp_dec.o
       764          8         38          0          0        100   _printf_fp_hex.o
       128         16          0          0          0         84   _printf_fp_infnan.o
         6          0          0          0          0          0   _printf_g.o
       148          4         40          0          0        160   _printf_hex_int_ll_ptr.o
         6          0          0          0          0          0   _printf_i.o
       178          0          0          0          0         88   _printf_intcommon.o
        10          0          0          0          0          0   _printf_l.o
         6          0          0          0          0          0   _printf_lc.o
        10          0          0          0          0          0   _printf_ll.o
         6          0          0          0          0          0   _printf_lld.o
         6          0          0          0          0          0   _printf_lli.o
         6          0          0          0          0          0   _printf_llo.o
         6          0          0          0          0          0   _printf_llu.o
         6          0          0          0          0          0   _printf_llx.o
       124         16          0          0          0         92   _printf_longlong_dec.o
         6          0          0          0          0          0   _printf_ls.o
         6          0          0          0          0          0   _printf_n.o
         6          0          0          0          0          0   _printf_o.o
       112         10          0          0          0        124   _printf_oct_int_ll.o
         6          0          0          0          0          0   _printf_p.o
        78          0          0          0          0        108   _printf_pad.o
         0          0          0          0          0          0   _printf_percent.o
         4          0          0          0          0          0   _printf_percent_end.o
         6          0          0          0          0          0   _printf_s.o
        82          0          0          0          0         80   _printf_str.o
        36          0          0          0          0         84   _printf_truncate.o
         6          0          0          0          0          0   _printf_u.o
        44          0          0          0          0        108   _printf_wchar.o
       188          6          8          0          0         92   _printf_wctomb.o
         6          0          0          0          0          0   _printf_x.o
        22          0          0          0          0        100   _rserrno.o
       884          4          0          0          0        100   _scanf.o
       332          0          0          0          0         96   _scanf_int.o
        64          0          0          0          0         84   _sgetc.o
        16          0          0          0          0         68   _snputc.o
        10          0          0          0          0         68   _sputc.o
        64          0          0          0          0         92   _wcrtomb.o
       228          4        148          0          0         96   bigflt0.o
      2152        136          0          0          0        960   btod.o
        18          0          0          0          0         80   exit.o
         6          0          0          0          0        152   heapauxi.o
         0          0          0          0          0          0   indicate_semi.o
        18          0          0          0          0         76   isspace.o
        44         10        272          0          0         76   lc_ctype_c.o
        44         10         28          0          0         76   lc_numeric_c.o
         2          0          0          0          0          0   libinit.o
        34          0          0          0          0          0   libinit2.o
         2          0          0          0          0          0   libshutdown.o
         2          0          0          0          0          0   libshutdown2.o
         8          4          0          0         96         68   libspace.o
        38          0          0          0          0         68   llshl.o
       138          0          0          0          0         80   lludiv10.o
       238          0          0          0          0        100   lludivv7m.o
        16          4          0          0          0         76   rt_ctype_table.o
         8          4          0          0          0         68   rt_errno_addr_intlibspace.o
         8          4          0          0          0         68   rt_locale_intlibspace.o
        68          0          0          0          0         68   rt_memclr.o
        78          0          0          0          0         80   rt_memclr_w.o
       138          0          0          0          0         68   rt_memcpy_v6.o
       100          0          0          0          0         80   rt_memcpy_w.o
         2          0          0          0          0          0   rtexit.o
        10          0          0          0          0          0   rtexit2.o
        44          8          0          0          0         84   scanf_char.o
      1272         16          0          0          0        168   scanf_fp.o
       800         14          0          0          0        100   scanf_hexfp.o
       308         16          0          0          0        100   scanf_infnan.o
       128          0          0          0          0         68   strcmpv7m.o
        62          0          0          0          0         76   strlen.o
        36          0          0          0          0         80   strstr.o
        12          4          0          0          0         68   sys_exit.o
        74          0          0          0          0         80   sys_stackheap_outer.o
         2          0          0          0          0         68   use_no_semi.o
        52          4          0          0          0         80   vsnprintf.o
        24          0          0          0          0        164   basic.o
        98          4          0          0          0        140   d2f.o
       826         16          0          0          0        492   daddsub_clz.o
        16          4          0          0          0        116   dcheck1.o
        24          0          0          0          0        116   dcmpi.o
       688        140          0          0          0        256   ddiv.o
       120          4          0          0          0        140   deqf.o
        94          4          0          0          0        140   dfix.o
        84          0          0          0          0        232   dflt_clz.o
       120          4          0          0          0        140   dleqf.o
       340         12          0          0          0        152   dmul.o
       156          4          0          0          0        140   dnaninf.o
        12          0          0          0          0        116   dretinf.o
       108          0          0          0          0        128   drleqf.o
       408         56          0          0          0        168   dsqrt_umaal.o
        86          4          0          0          0        132   f2d.o
       140          4          0          0          0        132   fnaninf.o
         0          0         16          0          0          0   fpconst.o
        10          0          0          0          0        116   fpinit.o
        10          0          0          0          0        116   fretinf.o
         6          0          0          0          0        116   istatus.o
         4          0          0          0          0        116   printf1.o
         4          0          0          0          0        116   printf2.o
       100          0          0          0          0        116   retnan.o
        92          0          0          0          0        116   scalbn.o
         4          0          0          0          0        116   scanf1.o
         8          0          0          0          0        132   scanf2.o
        48          0          0          0          0        116   trapv.o
         0          0          0          0          0          0   usenofp.o
       352         56          0          0          0        172   atanf.o
       200         20          0          0          0        164   cos.o
       368         46         48          0          0        200   cos_i.o
       116         24          0          0          0        496   dunder.o
        44          0          0          0          0        248   fabs.o
        48          0          0          0          0        124   fpclassify.o
        38          0          0          0          0        116   fpclassifyf.o
       140         22          0          0          0        132   frexp.o
        38         12          0          0          0        348   funder.o
       228          8          0          0          0        308   ldexp.o
       266         16          0          0          0        308   narrow.o
       248          0          0          0          0        152   poly.o
      1080        142        200          0          0        188   rred.o
       340         24         32          0          0        160   rredf.o
       200         20          0          0          0        164   sin.o
       304         24         40          0          0        208   sin_i.o
       400         56          0          0          0        212   sinf.o
       122          0          0          0          0        148   sqrt.o

    ----------------------------------------------------------------------
     19814       1072        896          0        100      13928   Library Totals
        48          2          9          0          4          0   (incl. Padding)

    ----------------------------------------------------------------------

      Code (inc. data)   RO Data    RW Data    ZI Data      Debug   Library Name

     11604        344        551          0         96       6000   c_w.l
      3630        256         16          0          0       4080   fz_wm.l
      4532        470        320          0          0       3848   m_wm.l

    ----------------------------------------------------------------------
     19814       1072        896          0        100      13928   Library Totals

    ----------------------------------------------------------------------

==============================================================================


      Code (inc. data)   RO Data    RW Data    ZI Data      Debug   

     62896       4598       4168       1536      52840    1133884   Grand Totals
     62896       4598       4168        300      52840    1133884   ELF Image Totals (compressed)
     62896       4598       4168        300          0          0   ROM Totals

==============================================================================

    Total RO  Size (Code + RO Data)                67064 (  65.49kB)
    Total RW  Size (RW Data + ZI Data)             54376 (  53.10kB)
    Total ROM Size (Code + RO Data + RW Data)      67364 (  65.79kB)

==============================================================================

