Component: ARM Compiler 5.06 update 7 (build 960) Tool: armlink [4d3601]

==============================================================================

Section Cross References

    app_init.o(i.Init_InitAll) refers to sys_dwt.o(i.DWT_Init) for DWT_Init
    app_init.o(i.Init_InitAll) refers to periph_remote.o(i.Remote_InitRemote) for Remote_InitRemote
    app_init.o(i.Init_InitAll) refers to comm_common.o(i.Comm_InitComm) for Comm_InitComm
    app_init.o(i.Init_InitAll) refers to util_can.o(i.Can_InitFilterAndStart) for Can_InitFilterAndStart
    app_init.o(i.Init_InitAll) refers to periph_dt35.o(i.DT35_Init) for DT35_Init
    app_init.o(i.Init_InitAll) refers to periph_motor.o(i.Motor_InitAllMotors) for Motor_InitAllMotors
    app_init.o(i.Init_InitAll) refers to stm32f4xx_hal.o(i.HAL_Delay) for HAL_Delay
    app_init.o(i.Init_InitAll) refers to module_serve.o(i.Module_ServeInit) for Module_ServeInit
    app_init.o(i.Init_InitAll) refers to module_platform.o(i.Platform_Init) for Platform_Init
    app_init.o(i.Init_InitAll) refers to app_remote.o(i.Remote_RemotrControlInit) for Remote_RemotrControlInit
    app_init.o(i.Init_InitAll) refers to module_chassis.o(i.Chassis_Init) for Chassis_Init
    app_init.o(i.Init_InitAll) refers to app_gimbal.o(i.Gimbal_Init) for Gimbal_Init
    app_init.o(i.Init_InitAll) refers to app_serve.o(i.Serve_Init) for Serve_Init
    app_init.o(i.Init_InitAll) refers to module_rise.o(i.Rise_Init) for Rise_Init
    app_init.o(i.Init_InitAll) refers to can.o(.bss) for hcan1
    app_init.o(i.Init_Task) refers to cmsis_os.o(i.osDelay) for osDelay
    app_communicate.o(i.Communicate_Task) refers to cmsis_os.o(i.osDelay) for osDelay
    app_communicate.o(i.Communicate_Task) refers to comm_common.o(i.Comm_GetBusDataPtr) for Comm_GetBusDataPtr
    app_communicate.o(i.Communicate_Task) refers to sys_dwt.o(i.DWT_GetDeltaT) for DWT_GetDeltaT
    app_communicate.o(i.Communicate_Task) refers to comm_common.o(i.Comm_SendCommData) for Comm_SendCommData
    app_platform.o(i.Platform_Task) refers to module_platform.o(i.Platform_GetPlatformPtr) for Platform_GetPlatformPtr
    app_platform.o(i.Platform_Task) refers to cmsis_os.o(i.osDelay) for osDelay
    app_platform.o(i.Platform_Task) refers to module_platform.o(i.Platform_Update_Fdb) for Platform_Update_Fdb
    app_platform.o(i.Platform_Task) refers to module_platform.o(i.Platform_Control) for Platform_Control
    app_platform.o(i.Platform_Task) refers to module_platform.o(i.Platform_Output) for Platform_Output
    app_remote.o(i.Remote_ControlCom) refers to app_remote.o(i.Remote_GetControlDataPtr) for Remote_GetControlDataPtr
    app_remote.o(i.Remote_ControlCom) refers to periph_remote.o(i.Remote_GetRemoteDataPtr) for Remote_GetRemoteDataPtr
    app_remote.o(i.Remote_ControlCom) refers to app_remote.o(i.Remote_RemoteProcess) for Remote_RemoteProcess
    app_remote.o(i.Remote_ControlCom) refers to app_remote.o(i.Remote_RiseProcess) for Remote_RiseProcess
    app_remote.o(i.Remote_ControlCom) refers to app_remote.o(i.Remote_NucProcess) for Remote_NucProcess
    app_remote.o(i.Remote_GetControlDataPtr) refers to app_remote.o(.data) for Remote_remoteControlData
    app_remote.o(i.Remote_NucProcess) refers to periph_remote.o(i.Remote_GetRemoteDataPtr) for Remote_GetRemoteDataPtr
    app_remote.o(i.Remote_NucProcess) refers to module_platform.o(i.Platform_GetPlatformPtr) for Platform_GetPlatformPtr
    app_remote.o(i.Remote_NucProcess) refers to module_platform.o(i.Platform_Set_ControlMode) for Platform_Set_ControlMode
    app_remote.o(i.Remote_NucProcess) refers to dflt_clz.o(x$fpl$dflt) for __aeabi_i2d
    app_remote.o(i.Remote_NucProcess) refers to dmul.o(x$fpl$dmul) for __aeabi_dmul
    app_remote.o(i.Remote_NucProcess) refers to ddiv.o(x$fpl$ddiv) for __aeabi_ddiv
    app_remote.o(i.Remote_NucProcess) refers to daddsub_clz.o(x$fpl$dadd) for __aeabi_dadd
    app_remote.o(i.Remote_NucProcess) refers to d2f.o(x$fpl$d2f) for __aeabi_d2f
    app_remote.o(i.Remote_NucProcess) refers to module_platform.o(i.Platform_Set_Target_Pos) for Platform_Set_Target_Pos
    app_remote.o(i.Remote_NucProcess) refers to module_chassis.o(i.Chassis_SetControlMode) for Chassis_SetControlMode
    app_remote.o(i.Remote_NucProcess) refers to module_chassis.o(i.Chassis_Set_Speed) for Chassis_Set_Speed
    app_remote.o(i.Remote_NucProcess) refers to app_gimbal.o(i.Gimbal_StateSet) for Gimbal_StateSet
    app_remote.o(i.Remote_RemoteProcess) refers to periph_remote.o(i.Remote_GetRemoteDataPtr) for Remote_GetRemoteDataPtr
    app_remote.o(i.Remote_RemoteProcess) refers to module_platform.o(i.Platform_GetPlatformPtr) for Platform_GetPlatformPtr
    app_remote.o(i.Remote_RemoteProcess) refers to app_gimbal.o(i.Gimbal_GetPtr) for Gimbal_GetPtr
    app_remote.o(i.Remote_RemoteProcess) refers to module_platform.o(i.Platform_Set_ControlMode) for Platform_Set_ControlMode
    app_remote.o(i.Remote_RemoteProcess) refers to app_gimbal.o(i.Gimbal_StateSet) for Gimbal_StateSet
[...]
    SystemClock_Config                       0x08009329   Thumb Code   170  main.o(i.SystemClock_Config)
    SystemInit                               0x080093dd   Thumb Code    14  system_stm32f4xx.o(i.SystemInit)
    TIM6_DAC_IRQHandler                      0x080093f1   Thumb Code    10  stm32f4xx_it.o(i.TIM6_DAC_IRQHandler)
    TIM_Base_SetConfig                       0x08009401   Thumb Code   186  stm32f4xx_hal_tim.o(i.TIM_Base_SetConfig)
    UART7_IRQHandler                         0x080094e9   Thumb Code    16  stm32f4xx_it.o(i.UART7_IRQHandler)
    UART8_IRQHandler                         0x080094fd   Thumb Code    16  stm32f4xx_it.o(i.UART8_IRQHandler)
    USART1_IRQHandler                        0x08009a15   Thumb Code    16  stm32f4xx_it.o(i.USART1_IRQHandler)
    USART2_IRQHandler                        0x08009a29   Thumb Code    16  stm32f4xx_it.o(i.USART2_IRQHandler)
    USART6_IRQHandler                        0x08009a3d   Thumb Code    16  stm32f4xx_it.o(i.USART6_IRQHandler)
    Uart_DMACurrentDataCounter               0x08009a51   Thumb Code     8  util_uart.o(i.Uart_DMACurrentDataCounter)
    Uart_ErrorHandler                        0x08009a59   Thumb Code     6  util_uart.o(i.Uart_ErrorHandler)
    Uart_InitUartDMA                         0x08009a5f   Thumb Code    38  util_uart.o(i.Uart_InitUartDMA)
    Uart_ReceiveDMA                          0x08009a85   Thumb Code    66  util_uart.o(i.Uart_ReceiveDMA)
    Uart_ReceiveHandler                      0x08009ac7   Thumb Code    56  util_uart.o(i.Uart_ReceiveHandler)
    Uart_RxIdleCallback                      0x08009b01   Thumb Code    70  util_uart.o(i.Uart_RxIdleCallback)
    Uart_SendMessageDMA                      0x08009b59   Thumb Code    44  util_uart.o(i.Uart_SendMessageDMA)
    UsageFault_Handler                       0x08009b89   Thumb Code     4  stm32f4xx_it.o(i.UsageFault_Handler)
    Vofa_Frame_Init                          0x08009b8d   Thumb Code    22  util_vofa.o(i.Vofa_Frame_Init)
    Vofa_Send_Data                           0x08009ba9   Thumb Code    76  util_vofa.o(i.Vofa_Send_Data)
    __ARM_fpclassify                         0x08009c01   Thumb Code    48  fpclassify.o(i.__ARM_fpclassify)
    __ARM_fpclassifyf                        0x08009c31   Thumb Code    38  fpclassifyf.o(i.__ARM_fpclassifyf)
    __hardfp_acosf                           0x08009c91   Thumb Code   234  acosf.o(i.__hardfp_acosf)
    __hardfp_atanf                           0x08009da9   Thumb Code   296  atanf.o(i.__hardfp_atanf)
    __hardfp_cos                             0x08009f09   Thumb Code   180  cos.o(i.__hardfp_cos)
    __hardfp_fabs                            0x08009fd1   Thumb Code    20  fabs.o(i.__hardfp_fabs)
    __hardfp_powf                            0x08009fe5   Thumb Code  1606  powf.o(i.__hardfp_powf)
    __mathlib_powf                           0x08009fe5   Thumb Code     0  powf.o(i.__hardfp_powf)
    __hardfp_sin                             0x0800a649   Thumb Code   180  sin.o(i.__hardfp_sin)
    __hardfp_sqrt                            0x0800a711   Thumb Code   122  sqrt.o(i.__hardfp_sqrt)
    __hardfp_sqrtf                           0x0800a78b   Thumb Code    58  sqrtf.o(i.__hardfp_sqrtf)
    __ieee754_rem_pio2                       0x0800a7c9   Thumb Code   938  rred.o(i.__ieee754_rem_pio2)
    __kernel_cos                             0x0800ac01   Thumb Code   322  cos_i.o(i.__kernel_cos)
    __kernel_poly                            0x0800ad71   Thumb Code   248  poly.o(i.__kernel_poly)
    __kernel_sin                             0x0800ae69   Thumb Code   280  sin_i.o(i.__kernel_sin)
    __mathlib_dbl_infnan                     0x0800af99   Thumb Code    20  dunder.o(i.__mathlib_dbl_infnan)
    __mathlib_dbl_invalid                    0x0800afb1   Thumb Code    24  dunder.o(i.__mathlib_dbl_invalid)
    __mathlib_dbl_underflow                  0x0800afd1   Thumb Code    24  dunder.o(i.__mathlib_dbl_underflow)
    __mathlib_flt_divzero                    0x0800aff1   Thumb Code    14  funder.o(i.__mathlib_flt_divzero)
    __mathlib_flt_infnan                     0x0800b005   Thumb Code     6  funder.o(i.__mathlib_flt_infnan)
    __mathlib_flt_infnan2                    0x0800b00b   Thumb Code     6  funder.o(i.__mathlib_flt_infnan2)
    __mathlib_flt_invalid                    0x0800b011   Thumb Code    10  funder.o(i.__mathlib_flt_invalid)
    __mathlib_flt_overflow                   0x0800b021   Thumb Code    10  funder.o(i.__mathlib_flt_overflow)
    __mathlib_flt_underflow                  0x0800b031   Thumb Code    10  funder.o(i.__mathlib_flt_underflow)
    buff2float                               0x0800b28f   Thumb Code    12  lib_buff.o(i.buff2float)
    crc_ccitt                                0x0800b29b   Thumb Code    34  periph_motor.o(i.crc_ccitt)
    crc_ccitt_byte                           0x0800b2bd   Thumb Code    20  periph_motor.o(i.crc_ccitt_byte)
    fabs                                     0x0800b2d5   Thumb Code    24  fabs.o(i.fabs)
    float2buff                               0x0800b2ed   Thumb Code    12  lib_buff.o(i.float2buff)
    float_to_uint                            0x0800b2f9   Thumb Code    50  lib_buff.o(i.float_to_uint)
    main                                     0x0800b32b   Thumb Code    64  main.o(i.main)
    osDelay                                  0x0800b379   Thumb Code    24  cmsis_os.o(i.osDelay)
    osKernelStart                            0x0800b391   Thumb Code    10  cmsis_os.o(i.osKernelStart)
    osThreadCreate                           0x0800b39b   Thumb Code    94  cmsis_os.o(i.osThreadCreate)
    pvPortMalloc                             0x0800b879   Thumb Code   306  heap_4.o(i.pvPortMalloc)
    pxPortInitialiseStack                    0x0800b9c5   Thumb Code    38  port.o(i.pxPortInitialiseStack)
    rad2deg                                  0x0800b9f1   Thumb Code    56  alg_math.o(i.rad2deg)
    sqrtf                                    0x0800ba39   Thumb Code    62  sqrtf.o(i.sqrtf)
    uint_to_float                            0x0800ba77   Thumb Code    52  lib_buff.o(i.uint_to_float)
    uxListRemove                             0x0800baab   Thumb Code    40  list.o(i.uxListRemove)
    vApplicationGetIdleTaskMemory            0x0800bad5   Thumb Code    14  freertos.o(i.vApplicationGetIdleTaskMemory)
    vListInitialise                          0x0800baed   Thumb Code    26  list.o(i.vListInitialise)
    vListInitialiseItem                      0x0800bb07   Thumb Code     6  list.o(i.vListInitialiseItem)
    vListInsert                              0x0800bb0d   Thumb Code    52  list.o(i.vListInsert)
    vListInsertEnd                           0x0800bb41   Thumb Code    24  list.o(i.vListInsertEnd)
    vPortEnterCritical                       0x0800bb59   Thumb Code    76  port.o(i.vPortEnterCritical)
    vPortExitCritical                        0x0800bbad   Thumb Code    56  port.o(i.vPortExitCritical)
    vPortFree                                0x0800bbe9   Thumb Code   150  heap_4.o(i.vPortFree)
    vPortSetupTimerInterrupt                 0x0800bc8d   Thumb Code    36  port.o(i.vPortSetupTimerInterrupt)
    vTaskDelay                               0x0800bcb5   Thumb Code    82  tasks.o(i.vTaskDelay)
    vTaskStartScheduler                      0x0800bd11   Thumb Code   146  tasks.o(i.vTaskStartScheduler)
    vTaskSuspendAll                          0x0800bdc1   Thumb Code    12  tasks.o(i.vTaskSuspendAll)
    vTaskSwitchContext                       0x0800bdd1   Thumb Code   118  tasks.o(i.vTaskSwitchContext)
    xPortStartScheduler                      0x0800be5d   Thumb Code   330  port.o(i.xPortStartScheduler)
    xTaskCreate                              0x0800bfc5   Thumb Code   100  tasks.o(i.xTaskCreate)
    xTaskCreateStatic                        0x0800c029   Thumb Code   186  tasks.o(i.xTaskCreateStatic)
    xTaskIncrementTick                       0x0800c0e5   Thumb Code   282  tasks.o(i.xTaskIncrementTick)
    xTaskResumeAll                           0x0800c22d   Thumb Code   224  tasks.o(i.xTaskResumeAll)
    __aeabi_dneg                             0x0800c331   Thumb Code     0  basic.o(x$fpl$basic)
    _dneg                                    0x0800c331   Thumb Code     6  basic.o(x$fpl$basic)
    __aeabi_fneg                             0x0800c337   Thumb Code     0  basic.o(x$fpl$basic)
    _fneg                                    0x0800c337   Thumb Code     6  basic.o(x$fpl$basic)
    _dabs                                    0x0800c33d   Thumb Code     6  basic.o(x$fpl$basic)
    _fabs                                    0x0800c343   Thumb Code     6  basic.o(x$fpl$basic)
    __aeabi_d2f                              0x0800c349   Thumb Code     0  d2f.o(x$fpl$d2f)
    _d2f                                     0x0800c349   Thumb Code    98  d2f.o(x$fpl$d2f)
    __aeabi_dadd                             0x0800c3ad   Thumb Code     0  daddsub_clz.o(x$fpl$dadd)
    _dadd                                    0x0800c3ad   Thumb Code   332  daddsub_clz.o(x$fpl$dadd)
    __fpl_dcmp_Inf                           0x0800c4fd   Thumb Code    24  dcmpi.o(x$fpl$dcmpinf)
    __aeabi_ddiv                             0x0800c515   Thumb Code     0  ddiv.o(x$fpl$ddiv)
    _ddiv                                    0x0800c515   Thumb Code   552  ddiv.o(x$fpl$ddiv)
    __aeabi_d2iz                             0x0800c7c5   Thumb Code     0  dfix.o(x$fpl$dfix)
    _dfix                                    0x0800c7c5   Thumb Code    94  dfix.o(x$fpl$dfix)
    __aeabi_i2d                              0x0800c823   Thumb Code     0  dflt_clz.o(x$fpl$dflt)
    _dflt                                    0x0800c823   Thumb Code    46  dflt_clz.o(x$fpl$dflt)
    __aeabi_ui2d                             0x0800c851   Thumb Code     0  dflt_clz.o(x$fpl$dfltu)
    _dfltu                                   0x0800c851   Thumb Code    38  dflt_clz.o(x$fpl$dfltu)
    __aeabi_cdcmple                          0x0800c879   Thumb Code     0  dleqf.o(x$fpl$dleqf)
    _dcmple                                  0x0800c879   Thumb Code   120  dleqf.o(x$fpl$dleqf)
    __fpl_dcmple_InfNaN                      0x0800c8db   Thumb Code     0  dleqf.o(x$fpl$dleqf)
    __aeabi_dmul                             0x0800c8f1   Thumb Code     0  dmul.o(x$fpl$dmul)
    _dmul                                    0x0800c8f1   Thumb Code   332  dmul.o(x$fpl$dmul)
    __fpl_dnaninf                            0x0800ca45   Thumb Code   156  dnaninf.o(x$fpl$dnaninf)
    __fpl_dretinf                            0x0800cae1   Thumb Code    12  dretinf.o(x$fpl$dretinf)
    __aeabi_cdrcmple                         0x0800caed   Thumb Code     0  drleqf.o(x$fpl$drleqf)
    _drcmple                                 0x0800caed   Thumb Code   108  drleqf.o(x$fpl$drleqf)
    __aeabi_drsub                            0x0800cb59   Thumb Code     0  daddsub_clz.o(x$fpl$drsb)
    _drsb                                    0x0800cb59   Thumb Code    22  daddsub_clz.o(x$fpl$drsb)
    _dsqrt                                   0x0800cb71   Thumb Code   404  dsqrt_umaal.o(x$fpl$dsqrt)
    __aeabi_dsub                             0x0800cd09   Thumb Code     0  daddsub_clz.o(x$fpl$dsub)
    _dsub                                    0x0800cd09   Thumb Code   464  daddsub_clz.o(x$fpl$dsub)
    __aeabi_f2d                              0x0800cedd   Thumb Code     0  f2d.o(x$fpl$f2d)
    _f2d                                     0x0800cedd   Thumb Code    86  f2d.o(x$fpl$f2d)
    __fpl_fnaninf                            0x0800cf33   Thumb Code   140  fnaninf.o(x$fpl$fnaninf)
    _fp_init                                 0x0800cfbf   Thumb Code    10  fpinit.o(x$fpl$fpinit)
    __fplib_config_fpu_vfp                   0x0800cfc7   Thumb Code     0  fpinit.o(x$fpl$fpinit)
    __fplib_config_pureend_doubles           0x0800cfc7   Thumb Code     0  fpinit.o(x$fpl$fpinit)
    __fpl_fretinf                            0x0800cfc9   Thumb Code    10  fretinf.o(x$fpl$fretinf)
    __I$use$fp                               0x0800cfd2   Number         0  usenofp.o(x$fpl$usenofp)
    crc_ccitt_table                          0x0800cfd2   Data         512  periph_motor.o(.constdata)
    root3                                    0x0800d1d4   Data           4  sys_const.o(.constdata)
    Const_DMmotor_P_MIN                      0x0800d1d8   Data           4  sys_const.o(.constdata)
    Const_DMmotor_P_MAX                      0x0800d1dc   Data           4  sys_const.o(.constdata)
    Const_DMmotor_V_MIN                      0x0800d1e0   Data           4  sys_const.o(.constdata)
    Const_DMmotor_V_MAX                      0x0800d1e4   Data           4  sys_const.o(.constdata)
    Const_DMmotor_KP_MIN                     0x0800d1e8   Data           4  sys_const.o(.constdata)
    Const_DMmotor_KP_MAX                     0x0800d1ec   Data           4  sys_const.o(.constdata)
    Const_DMmotor_KD_MIN                     0x0800d1f0   Data           4  sys_const.o(.constdata)
    Const_DMmotor_KD_MAX                     0x0800d1f4   Data           4  sys_const.o(.constdata)
    Const_DMmotor_T_MIN                      0x0800d1f8   Data           4  sys_const.o(.constdata)
    Const_DMmotor_T_MAX                      0x0800d1fc   Data           4  sys_const.o(.constdata)
    Const_Chassis_Location_Distance_Param    0x0800d200   Data          80  sys_const.o(.constdata)
    Const_Chassis_Location_Anglew_Param      0x0800d250   Data          80  sys_const.o(.constdata)
    Const_Platform_Pitch_Ang_Param           0x0800d2a0   Data         240  sys_const.o(.constdata)
    Const_Platform_Pitch_Spd_Param           0x0800d390   Data         240  sys_const.o(.constdata)
    Const_Platform_Yaw_Ang_Param             0x0800d480   Data         240  sys_const.o(.constdata)
    Const_Platform_Yaw_Spd_Param             0x0800d570   Data         240  sys_const.o(.constdata)
    Const_Chassis_Steer_Ang_Param            0x0800d660   Data          80  sys_const.o(.constdata)
    Const_Chassis_Steer_Spd_Param            0x0800d6b0   Data          80  sys_const.o(.constdata)
    Const_Chassis_Wheel_Spd_Param            0x0800d700   Data          80  sys_const.o(.constdata)
    Const_LeftPosMotorParam                  0x0800d750   Data          80  sys_const.o(.constdata)
    Const_LeftSpdMotorParam                  0x0800d7a0   Data          80  sys_const.o(.constdata)
    Const_RightPosMotorParam                 0x0800d7f0   Data          80  sys_const.o(.constdata)
    Const_RightSpdMotorParam                 0x0800d840   Data          80  sys_const.o(.constdata)
    Const_YawPosMotorParam                   0x0800d890   Data          80  sys_const.o(.constdata)
    Const_YawSpdMotorParam                   0x0800d8e0   Data          80  sys_const.o(.constdata)
    Const_PitchPosMotorParam                 0x0800d930   Data          80  sys_const.o(.constdata)
    Const_PitchSpdMotorParam                 0x0800d980   Data          80  sys_const.o(.constdata)
    Const_HitPosMotorParam                   0x0800d9d0   Data          80  sys_const.o(.constdata)
    Const_HitSpdMotorParam                   0x0800da20   Data          80  sys_const.o(.constdata)
    Const_Platform_Big_Arm_Length            0x0800da70   Data           4  sys_const.o(.constdata)
    Const_Platform_Small_Arm_Length          0x0800da74   Data           4  sys_const.o(.constdata)
    Const_Platform_Static_Plat_Radius        0x0800da78   Data           4  sys_const.o(.constdata)
    Const_Platform_Dynamic_Plat_Radius       0x0800da7c   Data           4  sys_const.o(.constdata)
    Const_Chassis_Steeringwheel_Radius       0x0800da80   Data           4  sys_const.o(.constdata)
    Const_DIRECTION_RIGHT_FRONT_MOTOR_INIT_OFFSET 0x0800da84   Data           4  sys_const.o(.constdata)
    Const_DIRECTION_LEFT_FRONT_MOTOR_INIT_OFFSET 0x0800da88   Data           4  sys_const.o(.constdata)
    Const_DIRECTION_LEFT_BACK_MOTOR_INIT_OFFSET 0x0800da8c   Data           4  sys_const.o(.constdata)
    Const_DIRECTION_RIGHT_BACK_MOTOR_INIT_OFFSET 0x0800da90   Data           4  sys_const.o(.constdata)
    Const_DIRECTION_RIGHT_FRONT_MOTOR_INIT_OFFSET_TEST 0x0800da94   Data           4  sys_const.o(.constdata)
    Const_DIRECTION_LEFT_FRONT_MOTOR_INIT_OFFSET_TEST 0x0800da98   Data           4  sys_const.o(.constdata)
    Const_DIRECTION_LEFT_BACK_MOTOR_INIT_OFFSET_TEST 0x0800da9c   Data           4  sys_const.o(.constdata)
    Const_DIRECTION_RIGHT_BACK_MOTOR_INIT_OFFSET_TEST 0x0800daa0   Data           4  sys_const.o(.constdata)
    Curr2ForceConstant_3508                  0x0800daa4   Data           4  sys_const.o(.constdata)
    Roll2SpeedConstant_3508                  0x0800daa8   Data           4  sys_const.o(.constdata)
    ReductionRate                            0x0800daac   Data           4  sys_const.o(.constdata)
    CtrlCurrent_3508                         0x0800dab0   Data           4  sys_const.o(.constdata)
    FactCurrent_3508                         0x0800dab4   Data           4  sys_const.o(.constdata)
    Fact2Ctrl_3508                           0x0800dab8   Data           4  sys_const.o(.constdata)
    Serve_FeedforwardMoment                  0x0800dabc   Data           4  sys_const.o(.constdata)
    Const_Remote_REMOTE_OFFLINE_TIME         0x0800dac0   Data           4  sys_const.o(.constdata)
    Const_Comm_OFFLINE_TIME                  0x0800dac4   Data           4  sys_const.o(.constdata)
    Const_Gimbal_Yaw_OFFSET                  0x0800dac8   Data           4  sys_const.o(.constdata)
    Const_Gimbal_Pitch_OFFSET                0x0800dacc   Data           4  sys_const.o(.constdata)
    AHBPrescTable                            0x0800db64   Data          16  system_stm32f4xx.o(.constdata)
    APBPrescTable                            0x0800db74   Data           8  system_stm32f4xx.o(.constdata)
    sinTable_f32                             0x0800de24   Data        2052  arm_common_tables.o(.rodata.sinTable_f32)
    Region$$Table$$Base                      0x0800e628   Number         0  anon$$obj.o(Region$$Table)
    Region$$Table$$Limit                     0x0800e648   Number         0  anon$$obj.o(Region$$Table)
    Remote_remoteControlData                 0x20000000   Data           1  app_remote.o(.data)
    Serve                                    0x20000004   Data           8  app_serve.o(.data)
    watchdog2                                0x20000010   Data           2  module_platform.o(.data)
    start_hit_time                           0x20000014   Data           4  module_platform.o(.data)
    start_back_time                          0x20000018   Data           4  module_platform.o(.data)
    finishhit                                0x2000001c   Data           1  module_platform.o(.data)
    l_tar                                    0x20000020   Data           4  module_platform.o(.data)
    output_state                             0x20000024   Data           1  module_platform.o(.data)
    last_output_time                         0x20000028   Data           8  module_platform.o(.data)
    Rise_K_Sync                              0x20000030   Data           4  module_rise.o(.data)
    Rise_Hit_Target_Angle                    0x20000034   Data           4  module_rise.o(.data)
    Rise_Hit_Return_Angle                    0x20000038   Data           4  module_rise.o(.data)
    Rise_Hit_Hold_Time                       0x2000003c   Data           4  module_rise.o(.data)
    Rise_Hit_Return_Time                     0x20000040   Data           4  module_rise.o(.data)
    Rise_Chop_Target_Speed                   0x20000044   Data           4  module_rise.o(.data)
    Rise_Lift_Target_Speed                   0x20000048   Data           4  module_rise.o(.data)
    pre_spin_time                            0x2000004c   Data           4  module_rise.o(.data)
    lift_time                                0x20000050   Data           4  module_rise.o(.data)
    drop_time                                0x20000054   Data           4  module_rise.o(.data)
    hit_action_time                          0x20000058   Data           4  module_rise.o(.data)
    LIFT_RETURN_KP                           0x2000005c   Data           4  module_rise.o(.data)
    LIFT_MAX_RETURN_SPEED                    0x20000060   Data           4  module_rise.o(.data)
    torque1                                  0x20000064   Data           4  module_rise.o(.data)
    torque2                                  0x20000068   Data           4  module_rise.o(.data)
    torque3                                  0x2000006c   Data           4  module_rise.o(.data)
    torque4                                  0x20000070   Data           4  module_rise.o(.data)
    torque5                                  0x20000074   Data           4  module_rise.o(.data)
    torque                                   0x20000078   Data           4  module_rise.o(.data)
    K_sync                                   0x2000007c   Data           4  module_rise.o(.data)
    t5                                       0x20000080   Data           4  module_rise.o(.data)
    current_time                             0x20000084   Data           4  module_rise.o(.data)
    current_height                           0x20000088   Data           4  module_rise.o(.data)
    g_case0_entry_count                      0x2000008c   Data           4  module_rise.o(.data)
    g_auto_start_time                        0x20000094   Data           4  module_rise.o(.data)
    txbuff                                   0x200000a1   Data           8  periph_motor.o(.data)
    Can_RxData                               0x200000a9   Data           8  util_can.o(.data)
    RS485_TX_START                           0x200000b4   Data          20  util_gpio.o(.data)
    CS_ACCEL_START                           0x200000c8   Data          20  util_gpio.o(.data)
    CS_GYRO_START                            0x200000dc   Data          20  util_gpio.o(.data)
    IST8310_RST_START                        0x200000f0   Data          20  util_gpio.o(.data)
    IST8310_DRDY_START                       0x20000104   Data          20  util_gpio.o(.data)
    BMI_INT1_START                           0x20000118   Data          20  util_gpio.o(.data)
    BMI_INT2_START                           0x2000012c   Data          20  util_gpio.o(.data)
    KEY_FUNC1_START                          0x20000140   Data          20  util_gpio.o(.data)
    KEY_FUNC2_START                          0x20000154   Data          20  util_gpio.o(.data)
    BIG_KEY1_START                           0x20000168   Data          20  util_gpio.o(.data)
    BIG_KEY2_START                           0x2000017c   Data          20  util_gpio.o(.data)
    CS_ACCEL                                 0x20000190   Data           4  util_gpio.o(.data)
    CS_GYRO                                  0x20000194   Data           4  util_gpio.o(.data)
    IST8310_RST                              0x20000198   Data           4  util_gpio.o(.data)
    IST8310_DRDY                             0x2000019c   Data           4  util_gpio.o(.data)
    BMI_INT1                                 0x200001a0   Data           4  util_gpio.o(.data)
    BMI_INT2                                 0x200001a4   Data           4  util_gpio.o(.data)
    KEY_FUNC1                                0x200001a8   Data           4  util_gpio.o(.data)
    KEY_FUNC2                                0x200001ac   Data           4  util_gpio.o(.data)
    BIG_KEY1                                 0x200001b0   Data           4  util_gpio.o(.data)
    BIG_KEY2                                 0x200001b4   Data           4  util_gpio.o(.data)
    RS485_TX                                 0x200001b8   Data           4  util_gpio.o(.data)
    CommCmd_Receive                          0x200001bc   Data          12  comm_receive.o(.data)
    CommCmd_Send                             0x200001c8   Data           8  comm_transmit.o(.data)
    Const_ChopPosMotorParam                  0x200001d0   Data          80  sys_const.o(.data)
    Const_ChopFrontSpdMotorParam             0x20000220   Data          80  sys_const.o(.data)
    Const_ChopRightSpdMotorParam             0x20000270   Data          80  sys_const.o(.data)
    Const_ChopLeftSpdMotorParam              0x200002c0   Data          80  sys_const.o(.data)
    Const_LiftPosMotorParam                  0x20000310   Data          80  sys_const.o(.data)
    Const_LiftSpdMotorParam                  0x20000360   Data          80  sys_const.o(.data)
    Const_Remote_UART_HANDLER                0x200003b0   Data           4  sys_const.o(.data)
    Const_Communicate_UART_HANDLER           0x200003b4   Data           4  sys_const.o(.data)
    Const_Motor_UART_HANDLER                 0x200003b8   Data           4  sys_const.o(.data)
    Const_DT35_UART_HANDLER                  0x200003bc   Data           4  sys_const.o(.data)
    Error                                    0x200003c4   Data           4  alg_pid.o(.data)
    InitTaskHandle                           0x200003c8   Data           4  freertos.o(.data)
    PlatformTaskHandle                       0x200003cc   Data           4  freertos.o(.data)
    CommunicateTaskHandle                    0x200003d0   Data           4  freertos.o(.data)
    RemoteTaskHandle                         0x200003d4   Data           4  freertos.o(.data)
    ChassisTaskHandle                        0x200003d8   Data           4  freertos.o(.data)
    ServeTaskHandle                          0x200003dc   Data           4  freertos.o(.data)
    GimbalTaskHandle                         0x200003e0   Data           4  freertos.o(.data)
    RiseTaskHandle                           0x200003e4   Data           4  freertos.o(.data)
    uwTick                                   0x200003ec   Data           4  stm32f4xx_hal.o(.data)
    uwTickPrio                               0x200003f0   Data           4  stm32f4xx_hal.o(.data)
    uwTickFreq                               0x200003f4   Data           1  stm32f4xx_hal.o(.data)
    SystemCoreClock                          0x200003f8   Data           4  system_stm32f4xx.o(.data)
    pxCurrentTCB                             0x200003fc   Data           4  tasks.o(.data)
    Gimbal                                   0x20000464   Data         576  app_gimbal.o(.bss)
    Platform_Data                            0x200006a4   Data        1696  module_platform.o(.bss)
    Chassis_Data                             0x20000d44   Data        1984  module_chassis.o(.bss)
    ServeData                                0x20001504   Data         556  module_serve.o(.bss)
    Rise_Data                                0x20001730   Data        2388  module_rise.o(.bss)
    Motor_groupHandle                        0x20002084   Data          48  periph_motor.o(.bss)
    Motor_Pitch_Front_Motors                 0x200020b4   Data          80  periph_motor.o(.bss)
    Motor_Pitch_Left_Motors                  0x20002104   Data          80  periph_motor.o(.bss)
    Motor_Pitch_Right_Motors                 0x20002154   Data          80  periph_motor.o(.bss)
    Motor_DirectionMotors                    0x200021a4   Data          80  periph_motor.o(.bss)
    Motor_MoveMotors                         0x200021f4   Data          80  periph_motor.o(.bss)
    Motor_Gimbal_Motors                      0x20002244   Data          80  periph_motor.o(.bss)
    Motor_Serve_Motors                       0x20002294   Data          80  periph_motor.o(.bss)
    Motor_Rise_Hit_Motors                    0x200022e4   Data          80  periph_motor.o(.bss)
    Motor_Rise_Chop_Front_Motors             0x20002334   Data          80  periph_motor.o(.bss)
    Motor_Rise_Chop_Right_Motors             0x20002384   Data          80  periph_motor.o(.bss)
    Motor_Rise_Chop_Left_Motors              0x200023d4   Data          80  periph_motor.o(.bss)
    Motor_Rise_Lift_Motors                   0x20002424   Data          80  periph_motor.o(.bss)
    Motor_Pitch_Front_Motor                  0x20002474   Data         116  periph_motor.o(.bss)
    Motor_Pitch_Left_Motor                   0x200024e8   Data         116  periph_motor.o(.bss)
    Motor_Pitch_Right_Motor                  0x2000255c   Data         116  periph_motor.o(.bss)
    Motor_LeftFront_DirectionMotor           0x200025d0   Data         116  periph_motor.o(.bss)
    Motor_RightFront_DirectionMotor          0x20002644   Data         116  periph_motor.o(.bss)
    Motor_LeftBack_DirectionMotor            0x200026b8   Data         116  periph_motor.o(.bss)
    Motor_RightBack_DirectionMotor           0x2000272c   Data         116  periph_motor.o(.bss)
    Motor_LeftFront_MoveMotor                0x200027a0   Data         116  periph_motor.o(.bss)
    Motor_RightFront_MoveMotor               0x20002814   Data         116  periph_motor.o(.bss)
    Motor_LeftBack_MoveMotor                 0x20002888   Data         116  periph_motor.o(.bss)
    Motor_RightBack_MoveMotor                0x200028fc   Data         116  periph_motor.o(.bss)
    Motor_Gimbal_YawMotor                    0x20002970   Data         116  periph_motor.o(.bss)
    Motor_Gimbal_PitchMotor                  0x200029e4   Data         116  periph_motor.o(.bss)
    Motor_Serve_LeftMotor                    0x20002a58   Data         116  periph_motor.o(.bss)
    Motor_Serve_RightMotor                   0x20002acc   Data         116  periph_motor.o(.bss)
    Motor_Rise_Hit_Motor                     0x20002b40   Data         116  periph_motor.o(.bss)
    Motor_Rise_Chop_Front_Motor              0x20002bb4   Data         116  periph_motor.o(.bss)
    Motor_Rise_Chop_Left_Motor               0x20002c28   Data         116  periph_motor.o(.bss)
    Motor_Rise_Chop_Right_Motor              0x20002c9c   Data         116  periph_motor.o(.bss)
    Motor_Rise_Lift_Motor                    0x20002d10   Data         116  periph_motor.o(.bss)
    Motor_Uart6RxData                        0x20002d84   Data         128  periph_motor.o(.bss)
    txdata                                   0x20002e04   Data          64  periph_motor.o(.bss)
    Remote_RemoteData                        0x20002e44   Data         100  periph_remote.o(.bss)
    DT35_Data                                0x20002ea8   Data          48  periph_dt35.o(.bss)
    g_vofa_frame_buff                        0x20002ed8   Data          28  util_vofa.o(.bss)
    Comm_Data                                0x20002ef4   Data         160  comm_common.o(.bss)
    DWTData                                  0x20002f98   Data          48  sys_dwt.o(.bss)
    hcan1                                    0x2000321c   Data          40  can.o(.bss)
    hcan2                                    0x20003244   Data          40  can.o(.bss)
    huart7                                   0x2000326c   Data          72  usart.o(.bss)
    huart8                                   0x200032b4   Data          72  usart.o(.bss)
    huart1                                   0x200032fc   Data          72  usart.o(.bss)
    huart2                                   0x20003344   Data          72  usart.o(.bss)
    huart6                                   0x2000338c   Data          72  usart.o(.bss)
    hdma_uart7_rx                            0x200033d4   Data          96  usart.o(.bss)
    hdma_uart7_tx                            0x20003434   Data          96  usart.o(.bss)
    hdma_usart1_rx                           0x20003494   Data          96  usart.o(.bss)
    hdma_usart2_rx                           0x200034f4   Data          96  usart.o(.bss)
    hdma_usart2_tx                           0x20003554   Data          96  usart.o(.bss)
    hdma_usart6_rx                           0x200035b4   Data          96  usart.o(.bss)
    hdma_usart6_tx                           0x20003614   Data          96  usart.o(.bss)
    htim6                                    0x20003674   Data          72  stm32f4xx_hal_timebase_tim.o(.bss)
    __libspace_start                         0x200073ac   Data          96  libspace.o(.bss)
    __temporary_stack_top$libspace           0x2000740c   Data           0  libspace.o(.bss)



==============================================================================

Memory Map of the image

  Image Entry point : 0x080001ad

  Load Region LR_IROM1 (Base: 0x08000000, Size: 0x0000eaac, Max: 0x00200000, ABSOLUTE, COMPRESSED[0x0000e748])

    Execution Region ER_IROM1 (Exec base: 0x08000000, Load base: 0x08000000, Size: 0x0000e648, Max: 0x00200000, ABSOLUTE)

    Exec Addr    Load Addr    Size         Type   Attr      Idx    E Section Name        Object

    0x08000000   0x08000000   0x000001ac   Data   RO         7790    RESET               startup_stm32f427xx.o
    0x080001ac   0x080001ac   0x00000008   Code   RO         8057  * !!!main             c_w.l(__main.o)
    0x080001b4   0x080001b4   0x00000034   Code   RO         8627    !!!scatter          c_w.l(__scatter.o)
    0x080001e8   0x080001e8   0x0000005a   Code   RO         8625    !!dczerorl2         c_w.l(__dczerorl2.o)
    0x08000242   0x08000242   0x00000002   PAD
    0x08000244   0x08000244   0x0000001c   Code   RO         8629    !!handler_zi        c_w.l(__scatter_zi.o)
    0x08000260   0x08000260   0x00000002   Code   RO         8527    .ARM.Collect$$libinit$$00000000  c_w.l(libinit.o)
    0x08000262   0x08000262   0x00000004   Code   RO         8253    .ARM.Collect$$libinit$$00000001  c_w.l(libinit2.o)
    0x08000266   0x08000266   0x00000000   Code   RO         8256    .ARM.Collect$$libinit$$00000004  c_w.l(libinit2.o)
    0x08000266   0x08000266   0x00000000   Code   RO         8259    .ARM.Collect$$libinit$$0000000A  c_w.l(libinit2.o)
    0x08000266   0x08000266   0x00000000   Code   RO         8261    .ARM.Collect$$libinit$$0000000C  c_w.l(libinit2.o)
    0x08000266   0x08000266   0x00000000   Code   RO         8263    .ARM.Collect$$libinit$$0000000E  c_w.l(libinit2.o)
    0x08000266   0x08000266   0x00000000   Code   RO         8266    .ARM.Collect$$libinit$$00000011  c_w.l(libinit2.o)
    0x08000266   0x08000266   0x00000000   Code   RO         8268    .ARM.Collect$$libinit$$00000013  c_w.l(libinit2.o)
    0x08000266   0x08000266   0x00000000   Code   RO         8270    .ARM.Collect$$libinit$$00000015  c_w.l(libinit2.o)
    0x08000266   0x08000266   0x00000000   Code   RO         8272    .ARM.Collect$$libinit$$00000017  c_w.l(libinit2.o)
    0x08000266   0x08000266   0x00000000   Code   RO         8274    .ARM.Collect$$libinit$$00000019  c_w.l(libinit2.o)
    0x08000266   0x08000266   0x00000000   Code   RO         8276    .ARM.Collect$$libinit$$0000001B  c_w.l(libinit2.o)
    0x08000266   0x08000266   0x00000000   Code   RO         8278    .ARM.Collect$$libinit$$0000001D  c_w.l(libinit2.o)
    0x08000266   0x08000266   0x00000000   Code   RO         8280    .ARM.Collect$$libinit$$0000001F  c_w.l(libinit2.o)
    0x08000266   0x08000266   0x00000000   Code   RO         8282    .ARM.Collect$$libinit$$00000021  c_w.l(libinit2.o)
    0x08000266   0x08000266   0x00000000   Code   RO         8284    .ARM.Collect$$libinit$$00000023  c_w.l(libinit2.o)
    0x08000266   0x08000266   0x00000000   Code   RO         8286    .ARM.Collect$$libinit$$00000025  c_w.l(libinit2.o)
    0x08000266   0x08000266   0x00000000   Code   RO         8290    .ARM.Collect$$libinit$$0000002C  c_w.l(libinit2.o)
    0x08000266   0x08000266   0x00000000   Code   RO         8292    .ARM.Collect$$libinit$$0000002E  c_w.l(libinit2.o)
    0x08000266   0x08000266   0x00000000   Code   RO         8294    .ARM.Collect$$libinit$$00000030  c_w.l(libinit2.o)
    0x08000266   0x08000266   0x00000000   Code   RO         8296    .ARM.Collect$$libinit$$00000032  c_w.l(libinit2.o)
    0x08000266   0x08000266   0x00000002   Code   RO         8297    .ARM.Collect$$libinit$$00000033  c_w.l(libinit2.o)
    0x08000268   0x08000268   0x00000002   Code   RO         8616    .ARM.Collect$$libshutdown$$00000000  c_w.l(libshutdown.o)
    0x0800026a   0x0800026a   0x00000000   Code   RO         8554    .ARM.Collect$$libshutdown$$00000002  c_w.l(libshutdown2.o)
    0x0800026a   0x0800026a   0x00000000   Code   RO         8556    .ARM.Collect$$libshutdown$$00000004  c_w.l(libshutdown2.o)
    0x0800026a   0x0800026a   0x00000000   Code   RO         8558    .ARM.Collect$$libshutdown$$00000006  c_w.l(libshutdown2.o)
    0x0800026a   0x0800026a   0x00000000   Code   RO         8561    .ARM.Collect$$libshutdown$$00000009  c_w.l(libshutdown2.o)
    0x0800026a   0x0800026a   0x00000000   Code   RO         8564    .ARM.Collect$$libshutdown$$0000000C  c_w.l(libshutdown2.o)
    0x0800026a   0x0800026a   0x00000000   Code   RO         8566    .ARM.Collect$$libshutdown$$0000000E  c_w.l(libshutdown2.o)
    0x0800026a   0x0800026a   0x00000000   Code   RO         8569    .ARM.Collect$$libshutdown$$00000011  c_w.l(libshutdown2.o)
    0x0800026a   0x0800026a   0x00000002   Code   RO         8570    .ARM.Collect$$libshutdown$$00000012  c_w.l(libshutdown2.o)
    0x0800026c   0x0800026c   0x00000000   Code   RO         8195    .ARM.Collect$$rtentry$$00000000  c_w.l(__rtentry.o)
    0x0800026c   0x0800026c   0x00000000   Code   RO         8382    .ARM.Collect$$rtentry$$00000002  c_w.l(__rtentry2.o)
    0x0800026c   0x0800026c   0x00000006   Code   RO         8394    .ARM.Collect$$rtentry$$00000004  c_w.l(__rtentry4.o)
    0x08000272   0x08000272   0x00000000   Code   RO         8384    .ARM.Collect$$rtentry$$00000009  c_w.l(__rtentry2.o)
    0x08000272   0x08000272   0x00000004   Code   RO         8385    .ARM.Collect$$rtentry$$0000000A  c_w.l(__rtentry2.o)
    0x08000276   0x08000276   0x00000000   Code   RO         8387    .ARM.Collect$$rtentry$$0000000C  c_w.l(__rtentry2.o)
    0x08000276   0x08000276   0x00000008   Code   RO         8388    .ARM.Collect$$rtentry$$0000000D  c_w.l(__rtentry2.o)
    0x0800027e   0x0800027e   0x00000002   Code   RO         8536    .ARM.Collect$$rtexit$$00000000  c_w.l(rtexit.o)
    0x08000280   0x08000280   0x00000000   Code   RO         8590    .ARM.Collect$$rtexit$$00000002  c_w.l(rtexit2.o)
    0x08000280   0x08000280   0x00000004   Code   RO         8591    .ARM.Collect$$rtexit$$00000003  c_w.l(rtexit2.o)
    0x08000284   0x08000284   0x00000006   Code   RO         8592    .ARM.Collect$$rtexit$$00000004  c_w.l(rtexit2.o)
    0x0800028a   0x0800028a   0x00000002   PAD
    0x0800028c   0x0800028c   0x000000be   Code   RO         7711    .emb_text           port.o
    0x0800034a   0x0800034a   0x00000002   PAD
    0x0800034c   0x0800034c   0x00000040   Code   RO         7791    .text               startup_stm32f427xx.o
    0x0800038c   0x0800038c   0x000000ee   Code   RO         7993    .text               c_w.l(lludivv7m.o)
    0x0800047a   0x0800047a   0x0000008a   Code   RO         8043    .text               c_w.l(rt_memcpy_v6.o)
    0x08000504   0x08000504   0x00000064   Code   RO         8045    .text               c_w.l(rt_memcpy_w.o)
    0x08000568   0x08000568   0x0000004e   Code   RO         8051    .text               c_w.l(rt_memclr_w.o)
    0x080005b6   0x080005b6   0x00000006   Code   RO         8055    .text               c_w.l(heapauxi.o)
    0x080005bc   0x080005bc   0x00000016   Code   RO         8227    .text               c_w.l(_rserrno.o)
    0x080005d2   0x080005d2   0x00000002   PAD
    0x080005d4   0x080005d4   0x00000008   Code   RO         8378    .text               c_w.l(libspace.o)
    0x080005dc   0x080005dc   0x00000008   Code   RO         8406    .text               c_w.l(rt_errno_addr_intlibspace.o)
    0x080005e4   0x080005e4   0x00000002   Code   RO         8493    .text               c_w.l(use_no_semi.o)
    0x080005e6   0x080005e6   0x00000000   Code   RO         8495    .text               c_w.l(indicate_semi.o)
    0x080005e6   0x080005e6   0x0000004a   Code   RO         8496    .text               c_w.l(sys_stackheap_outer.o)
    0x08000630   0x08000630   0x00000012   Code   RO         8508    .text               c_w.l(exit.o)
    0x08000642   0x08000642   0x00000002   PAD
    0x08000644   0x08000644   0x0000000c   Code   RO         8534    .text               c_w.l(sys_exit.o)
    0x08000650   0x08000650   0x00000120   Code   RO         7855    .text.arm_sin_cos_f32  arm_cortexM4lf_math.lib(arm_sin_cos_f32.o)
    0x08000770   0x08000770   0x00000004   Code   RO         3338    i.BusFault_Handler  stm32f4xx_it.o
    0x08000774   0x08000774   0x00000010   Code   RO         3339    i.CAN1_RX0_IRQHandler  stm32f4xx_it.o
    0x08000784   0x08000784   0x00000010   Code   RO         3340    i.CAN1_RX1_IRQHandler  stm32f4xx_it.o
    0x08000794   0x08000794   0x00000010   Code   RO         3341    i.CAN2_RX0_IRQHandler  stm32f4xx_it.o
    0x080007a4   0x080007a4   0x00000010   Code   RO         3342    i.CAN2_RX1_IRQHandler  stm32f4xx_it.o
    0x080007b4   0x080007b4   0x00000006   Code   RO         1394    i.Can_ErrorHandler  util_can.o
    0x080007ba   0x080007ba   0x00000002   PAD
    0x080007bc   0x080007bc   0x00000084   Code   RO         1395    i.Can_InitFilterAndStart  util_can.o
    0x08000840   0x08000840   0x00000012   Code   RO         1396    i.Can_InitTxHeader  util_can.o
    0x08000852   0x08000852   0x0000001a   Code   RO         1397    i.Can_RxMessageCallback  util_can.o
    0x0800086c   0x0800086c   0x00000020   Code   RO         1398    i.Can_SendMessage   util_can.o
    0x0800088c   0x0800088c   0x00000008   Code   RO          813    i.Chassis_GetChassisPtr  module_chassis.o
    0x08000894   0x08000894   0x000002a0   Code   RO          814    i.Chassis_Init      module_chassis.o
    0x08000b34   0x08000b34   0x0000000e   Code   RO          815    i.Chassis_SetControlMode  module_chassis.o
    0x08000b42   0x08000b42   0x00000002   PAD
    0x08000b44   0x08000b44   0x0000030c   Code   RO          817    i.Chassis_Set_Speed  module_chassis.o
    0x08000e50   0x08000e50   0x00000054   Code   RO         1665    i.Comm_DecodeData   comm_common.o
    0x08000ea4   0x08000ea4   0x00000008   Code   RO         1666    i.Comm_GetBusDataPtr  comm_common.o
    0x08000eac   0x08000eac   0x00000028   Code   RO         1667    i.Comm_InitComm     comm_common.o
    0x08000ed4   0x08000ed4   0x0000002a   Code   RO         1670    i.Comm_MergeAndverify  comm_common.o
    0x08000efe   0x08000efe   0x00000022   Code   RO         1671    i.Comm_ResetCommData  comm_common.o
    0x08000f20   0x08000f20   0x00000070   Code   RO         1673    i.Comm_SendCommData  comm_common.o
    0x08000f90   0x08000f90   0x00000054   Code   RO         1674    i.Communicate_RXCallback  comm_common.o
    0x08000fe4   0x08000fe4   0x00000028   Code   RO          329    i.Communicate_Task  app_communicate.o
    0x0800100c   0x0800100c   0x00000010   Code   RO         3343    i.DMA1_Stream1_IRQHandler  stm32f4xx_it.o
    0x0800101c   0x0800101c   0x00000010   Code   RO         3344    i.DMA1_Stream3_IRQHandler  stm32f4xx_it.o
    0x0800102c   0x0800102c   0x00000010   Code   RO         3345    i.DMA1_Stream5_IRQHandler  stm32f4xx_it.o
    0x0800103c   0x0800103c   0x00000010   Code   RO         3346    i.DMA1_Stream6_IRQHandler  stm32f4xx_it.o
    0x0800104c   0x0800104c   0x00000010   Code   RO         3347    i.DMA2_Stream1_IRQHandler  stm32f4xx_it.o
    0x0800105c   0x0800105c   0x00000010   Code   RO         3348    i.DMA2_Stream2_IRQHandler  stm32f4xx_it.o
    0x0800106c   0x0800106c   0x00000010   Code   RO         3349    i.DMA2_Stream6_IRQHandler  stm32f4xx_it.o
    0x0800107c   0x0800107c   0x00000034   Code   RO         5340    i.DMA_CalcBaseAndBitshift  stm32f4xx_hal_dma.o
    0x080010b0   0x080010b0   0x000000aa   Code   RO         5341    i.DMA_CheckFifoParam  stm32f4xx_hal_dma.o
    0x0800115a   0x0800115a   0x0000002c   Code   RO         5342    i.DMA_SetConfig     stm32f4xx_hal_dma.o
    0x08001186   0x08001186   0x00000002   PAD
    0x08001188   0x08001188   0x00000134   Code   RO         1098    i.DMH3510_encoder_callback  periph_motor.o
    0x080012bc   0x080012bc   0x00000140   Code   RO         1346    i.DT35_DecodeData   periph_dt35.o
    0x080013fc   0x080013fc   0x00000008   Code   RO         1347    i.DT35_GetBusDataPtr  periph_dt35.o
    0x08001404   0x08001404   0x00000068   Code   RO         1348    i.DT35_Init         periph_dt35.o
    0x0800146c   0x0800146c   0x00000050   Code   RO         1349    i.DT35_RXCallback   periph_dt35.o
    0x080014bc   0x080014bc   0x00000040   Code   RO         1884    i.DWT_CNT_Update    sys_dwt.o
    0x080014fc   0x080014fc   0x0000003c   Code   RO         1887    i.DWT_Delayus       sys_dwt.o
    0x08001538   0x08001538   0x00000008   Code   RO         1888    i.DWT_GetDWTDataPtr  sys_dwt.o
    0x08001540   0x08001540   0x0000003c   Code   RO         1889    i.DWT_GetDeltaT     sys_dwt.o
    0x0800157c   0x0800157c   0x0000004c   Code   RO         1892    i.DWT_GetTimeline_ms  sys_dwt.o
    0x080015c8   0x080015c8   0x00000050   Code   RO         1893    i.DWT_GetTimeline_s  sys_dwt.o
    0x08001618   0x08001618   0x00000030   Code   RO         1894    i.DWT_GetTimeline_us  sys_dwt.o
    0x08001648   0x08001648   0x00000058   Code   RO         1895    i.DWT_Init          sys_dwt.o
    0x080016a0   0x080016a0   0x000000bc   Code   RO         1896    i.DWT_SysTimeUpdate  sys_dwt.o
    0x0800175c   0x0800175c   0x00000002   Code   RO         3350    i.DebugMon_Handler  stm32f4xx_it.o
    0x0800175e   0x0800175e   0x00000002   PAD
    0x08001760   0x08001760   0x000002a4   Code   RO         1099    i.Dji3508_origin_encoder_callback  periph_motor.o
    0x08001a04   0x08001a04   0x000002a0   Code   RO         1100    i.Dji3508_xroll_encoder_callback  periph_motor.o
    0x08001ca4   0x08001ca4   0x000001dc   Code   RO         1101    i.Dji6020_encoder_callback  periph_motor.o
    0x08001e80   0x08001e80   0x00000006   Code   RO         3041    i.Error_Handler     main.o
    0x08001e86   0x08001e86   0x00000058   Code   RO         2752    i.Filter_LowPass    alg_filter.o
    0x08001ede   0x08001ede   0x00000006   Code   RO         2753    i.Filter_LowPassInit  alg_filter.o
    0x08001ee4   0x08001ee4   0x00000024   Code   RO         1459    i.GPIO_ReadPin      util_gpio.o
    0x08001f08   0x08001f08   0x00000018   Code   RO         1460    i.GPIO_Reset        util_gpio.o
    0x08001f20   0x08001f20   0x00000018   Code   RO         1461    i.GPIO_Set          util_gpio.o
    0x08001f38   0x08001f38   0x00000008   Code   RO          476    i.Gimbal_GetPtr     app_gimbal.o
    0x08001f40   0x08001f40   0x000001e8   Code   RO          477    i.Gimbal_Init       app_gimbal.o
    0x08002128   0x08002128   0x00000088   Code   RO          479    i.Gimbal_PosLimit   app_gimbal.o
    0x080021b0   0x080021b0   0x00000010   Code   RO          481    i.Gimbal_StateSet   app_gimbal.o
    0x080021c0   0x080021c0   0x0000012c   Code   RO         1102    i.Go1_encoder_callback  periph_motor.o
    0x080022ec   0x080022ec   0x0000002a   Code   RO         4546    i.HAL_CAN_ActivateNotification  stm32f4xx_hal_can.o
    0x08002316   0x08002316   0x0000014a   Code   RO         4547    i.HAL_CAN_AddTxMessage  stm32f4xx_hal_can.o
    0x08002460   0x08002460   0x00000124   Code   RO         4548    i.HAL_CAN_ConfigFilter  stm32f4xx_hal_can.o
    0x08002584   0x08002584   0x00000002   Code   RO         4551    i.HAL_CAN_ErrorCallback  stm32f4xx_hal_can.o
    0x08002586   0x08002586   0x00000194   Code   RO         4554    i.HAL_CAN_GetRxMessage  stm32f4xx_hal_can.o
    0x0800271a   0x0800271a   0x0000024e   Code   RO         4558    i.HAL_CAN_IRQHandler  stm32f4xx_hal_can.o
    0x08002968   0x08002968   0x00000174   Code   RO         4559    i.HAL_CAN_Init      stm32f4xx_hal_can.o
    0x08002adc   0x08002adc   0x00000184   Code   RO         3200    i.HAL_CAN_MspInit   can.o
    0x08002c60   0x08002c60   0x00000002   Code   RO         4566    i.HAL_CAN_RxFifo0FullCallback  stm32f4xx_hal_can.o
    0x08002c62   0x08002c62   0x00000002   PAD
    0x08002c64   0x08002c64   0x00000030   Code   RO         1399    i.HAL_CAN_RxFifo0MsgPendingCallback  util_can.o
    0x08002c94   0x08002c94   0x00000002   Code   RO         4568    i.HAL_CAN_RxFifo1FullCallback  stm32f4xx_hal_can.o
    0x08002c96   0x08002c96   0x0000002a   Code   RO         1400    i.HAL_CAN_RxFifo1MsgPendingCallback  util_can.o
    0x08002cc0   0x08002cc0   0x00000002   Code   RO         4570    i.HAL_CAN_SleepCallback  stm32f4xx_hal_can.o
    0x08002cc2   0x08002cc2   0x0000005e   Code   RO         4571    i.HAL_CAN_Start     stm32f4xx_hal_can.o
    0x08002d20   0x08002d20   0x00000002   Code   RO         4573    i.HAL_CAN_TxMailbox0AbortCallback  stm32f4xx_hal_can.o
    0x08002d22   0x08002d22   0x00000002   Code   RO         4574    i.HAL_CAN_TxMailbox0CompleteCallback  stm32f4xx_hal_can.o
    0x08002d24   0x08002d24   0x00000002   Code   RO         4575    i.HAL_CAN_TxMailbox1AbortCallback  stm32f4xx_hal_can.o
    0x08002d26   0x08002d26   0x00000002   Code   RO         4576    i.HAL_CAN_TxMailbox1CompleteCallback  stm32f4xx_hal_can.o
    0x08002d28   0x08002d28   0x00000002   Code   RO         4577    i.HAL_CAN_TxMailbox2AbortCallback  stm32f4xx_hal_can.o
    0x08002d2a   0x08002d2a   0x00000002   Code   RO         4578    i.HAL_CAN_TxMailbox2CompleteCallback  stm32f4xx_hal_can.o
    0x08002d2c   0x08002d2c   0x00000002   Code   RO         4580    i.HAL_CAN_WakeUpFromRxMsgCallback  stm32f4xx_hal_can.o
    0x08002d2e   0x08002d2e   0x000000ac   Code   RO         5343    i.HAL_DMA_Abort     stm32f4xx_hal_dma.o
    0x08002dda   0x08002dda   0x00000028   Code   RO         5344    i.HAL_DMA_Abort_IT  stm32f4xx_hal_dma.o
    0x08002e02   0x08002e02   0x00000002   PAD
    0x08002e04   0x08002e04   0x00000240   Code   RO         5348    i.HAL_DMA_IRQHandler  stm32f4xx_hal_dma.o
    0x08003044   0x08003044   0x000000ec   Code   RO         5349    i.HAL_DMA_Init      stm32f4xx_hal_dma.o
    0x08003130   0x08003130   0x00000066   Code   RO         5352    i.HAL_DMA_Start     stm32f4xx_hal_dma.o
    0x08003196   0x08003196   0x00000092   Code   RO         5353    i.HAL_DMA_Start_IT  stm32f4xx_hal_dma.o
    0x08003228   0x08003228   0x00000028   Code   RO         5803    i.HAL_Delay         stm32f4xx_hal.o
    0x08003250   0x08003250   0x00000210   Code   RO         5236    i.HAL_GPIO_Init     stm32f4xx_hal_gpio.o
    0x08003460   0x08003460   0x00000010   Code   RO         5238    i.HAL_GPIO_ReadPin  stm32f4xx_hal_gpio.o
    0x08003470   0x08003470   0x0000000c   Code   RO         5240    i.HAL_GPIO_WritePin  stm32f4xx_hal_gpio.o
    0x0800347c   0x0800347c   0x0000000c   Code   RO         5811    i.HAL_GetTick       stm32f4xx_hal.o
    0x08003488   0x08003488   0x00000018   Code   RO         5817    i.HAL_IncTick       stm32f4xx_hal.o
    0x080034a0   0x080034a0   0x0000003c   Code   RO         5818    i.HAL_Init          stm32f4xx_hal.o
    0x080034dc   0x080034dc   0x000000b4   Code   RO         3522    i.HAL_InitTick      stm32f4xx_hal_timebase_tim.o
    0x08003590   0x08003590   0x00000054   Code   RO         3498    i.HAL_MspInit       stm32f4xx_hal_msp.o
    0x080035e4   0x080035e4   0x00000028   Code   RO         5646    i.HAL_NVIC_EnableIRQ  stm32f4xx_hal_cortex.o
    0x0800360c   0x0800360c   0x0000007c   Code   RO         5652    i.HAL_NVIC_SetPriority  stm32f4xx_hal_cortex.o
    0x08003688   0x08003688   0x00000028   Code   RO         5653    i.HAL_NVIC_SetPriorityGrouping  stm32f4xx_hal_cortex.o
    0x080036b0   0x080036b0   0x00000184   Code   RO         4780    i.HAL_RCC_ClockConfig  stm32f4xx_hal_rcc.o
    0x08003834   0x08003834   0x00000044   Code   RO         4784    i.HAL_RCC_GetClockConfig  stm32f4xx_hal_rcc.o
    0x08003878   0x08003878   0x0000000c   Code   RO         4785    i.HAL_RCC_GetHCLKFreq  stm32f4xx_hal_rcc.o
    0x08003884   0x08003884   0x00000020   Code   RO         4787    i.HAL_RCC_GetPCLK1Freq  stm32f4xx_hal_rcc.o
    0x080038a4   0x080038a4   0x00000020   Code   RO         4788    i.HAL_RCC_GetPCLK2Freq  stm32f4xx_hal_rcc.o
    0x080038c4   0x080038c4   0x000000b0   Code   RO         4789    i.HAL_RCC_GetSysClockFreq  stm32f4xx_hal_rcc.o
    0x08003974   0x08003974   0x0000049c   Code   RO         4792    i.HAL_RCC_OscConfig  stm32f4xx_hal_rcc.o
    0x08003e10   0x08003e10   0x00000002   Code   RO         4278    i.HAL_TIMEx_BreakCallback  stm32f4xx_hal_tim_ex.o
    0x08003e12   0x08003e12   0x00000002   Code   RO         4279    i.HAL_TIMEx_CommutCallback  stm32f4xx_hal_tim_ex.o
    0x08003e14   0x08003e14   0x00000066   Code   RO         3563    i.HAL_TIM_Base_Init  stm32f4xx_hal_tim.o
    0x08003e7a   0x08003e7a   0x00000002   Code   RO         3565    i.HAL_TIM_Base_MspInit  stm32f4xx_hal_tim.o
    0x08003e7c   0x08003e7c   0x000000a8   Code   RO         3568    i.HAL_TIM_Base_Start_IT  stm32f4xx_hal_tim.o
    0x08003f24   0x08003f24   0x00000002   Code   RO         3597    i.HAL_TIM_IC_CaptureCallback  stm32f4xx_hal_tim.o
    0x08003f26   0x08003f26   0x0000016c   Code   RO         3611    i.HAL_TIM_IRQHandler  stm32f4xx_hal_tim.o
    0x08004092   0x08004092   0x00000002   Code   RO         3614    i.HAL_TIM_OC_DelayElapsedCallback  stm32f4xx_hal_tim.o
    0x08004094   0x08004094   0x00000002   Code   RO         3641    i.HAL_TIM_PWM_PulseFinishedCallback  stm32f4xx_hal_tim.o
    0x08004096   0x08004096   0x00000002   PAD
    0x08004098   0x08004098   0x00000018   Code   RO         3042    i.HAL_TIM_PeriodElapsedCallback  main.o
    0x080040b0   0x080040b0   0x00000002   Code   RO         3654    i.HAL_TIM_TriggerCallback  stm32f4xx_hal_tim.o
    0x080040b2   0x080040b2   0x00000002   Code   RO         6078    i.HAL_UARTEx_RxEventCallback  stm32f4xx_hal_uart.o
    0x080040b4   0x080040b4   0x00000002   Code   RO         6092    i.HAL_UART_ErrorCallback  stm32f4xx_hal_uart.o
    0x080040b6   0x080040b6   0x00000002   PAD
    0x080040b8   0x080040b8   0x000002e8   Code   RO         6095    i.HAL_UART_IRQHandler  stm32f4xx_hal_uart.o
    0x080043a0   0x080043a0   0x00000076   Code   RO         6096    i.HAL_UART_Init     stm32f4xx_hal_uart.o
    0x08004416   0x08004416   0x00000002   PAD
    0x08004418   0x08004418   0x00000490   Code   RO         3273    i.HAL_UART_MspInit  usart.o
    0x080048a8   0x080048a8   0x00000002   Code   RO         6102    i.HAL_UART_RxCpltCallback  stm32f4xx_hal_uart.o
    0x080048aa   0x080048aa   0x00000002   PAD
    0x080048ac   0x080048ac   0x0000008c   Code   RO         6105    i.HAL_UART_Transmit_DMA  stm32f4xx_hal_uart.o
    0x08004938   0x08004938   0x00000002   Code   RO         6107    i.HAL_UART_TxCpltCallback  stm32f4xx_hal_uart.o
    0x0800493a   0x0800493a   0x00000002   Code   RO         6108    i.HAL_UART_TxHalfCpltCallback  stm32f4xx_hal_uart.o
    0x0800493c   0x0800493c   0x00000004   Code   RO         3351    i.HardFault_Handler  stm32f4xx_it.o
    0x08004940   0x08004940   0x00000054   Code   RO            4    i.Init_InitAll      app_init.o
    0x08004994   0x08004994   0x0000000c   Code   RO            5    i.Init_Task         app_init.o
    0x080049a0   0x080049a0   0x00000048   Code   RO         3201    i.MX_CAN1_Init      can.o
    0x080049e8   0x080049e8   0x00000048   Code   RO         3202    i.MX_CAN2_Init      can.o
    0x08004a30   0x08004a30   0x000000b8   Code   RO         3248    i.MX_DMA_Init       dma.o
    0x08004ae8   0x08004ae8   0x00000098   Code   RO         3119    i.MX_FREERTOS_Init  freertos.o
    0x08004b80   0x08004b80   0x00000110   Code   RO         3091    i.MX_GPIO_Init      gpio.o
    0x08004c90   0x08004c90   0x00000038   Code   RO         3274    i.MX_UART7_Init     usart.o
    0x08004cc8   0x08004cc8   0x00000038   Code   RO         3275    i.MX_UART8_Init     usart.o
    0x08004d00   0x08004d00   0x0000003c   Code   RO         3276    i.MX_USART1_UART_Init  usart.o
    0x08004d3c   0x08004d3c   0x00000038   Code   RO         3277    i.MX_USART2_UART_Init  usart.o
    0x08004d74   0x08004d74   0x00000038   Code   RO         3278    i.MX_USART6_UART_Init  usart.o
    0x08004dac   0x08004dac   0x00000060   Code   RO         2878    i.Math_Differential  alg_math.o
    0x08004e0c   0x08004e0c   0x00000004   Code   RO         3352    i.MemManage_Handler  stm32f4xx_it.o
    0x08004e10   0x08004e10   0x00000008   Code   RO          901    i.Module_ServeGetPtr  module_serve.o
    0x08004e18   0x08004e18   0x000001e8   Code   RO          903    i.Module_ServeInit  module_serve.o
    0x08005000   0x08005000   0x00000064   Code   RO         1103    i.Motor_DM_Basic_Output  periph_motor.o
    0x08005064   0x08005064   0x00000124   Code   RO         1104    i.Motor_EncoderDecodeCallback  periph_motor.o
    0x08005188   0x08005188   0x000000b8   Code   RO         1106    i.Motor_GetMotorOutput  periph_motor.o
    0x08005240   0x08005240   0x00000448   Code   RO         1107    i.Motor_InitAllMotors  periph_motor.o
    0x08005688   0x08005688   0x00000054   Code   RO         1108    i.Motor_InitMotor   periph_motor.o
    0x080056dc   0x080056dc   0x00000070   Code   RO         1109    i.Motor_InitMotorGroup  periph_motor.o
    0x0800574c   0x0800574c   0x000002a4   Code   RO         1110    i.Motor_SendMotorGroupOutput  periph_motor.o
    0x080059f0   0x080059f0   0x00000006   Code   RO         1112    i.Motor_SetMotorOutput  periph_motor.o
    0x080059f6   0x080059f6   0x00000004   Code   RO         3353    i.NMI_Handler       stm32f4xx_it.o
    0x080059fa   0x080059fa   0x00000002   PAD
    0x080059fc   0x080059fc   0x0000035c   Code   RO         2961    i.PID_CalcPID       alg_pid.o
    0x08005d58   0x08005d58   0x00000006   Code   RO         2964    i.PID_GetPIDOutput  alg_pid.o
    0x08005d5e   0x08005d5e   0x0000008a   Code   RO         2966    i.PID_InitPIDParam  alg_pid.o
    0x08005de8   0x08005de8   0x00000006   Code   RO         2967    i.PID_SetPIDFdb     alg_pid.o
    0x08005dee   0x08005dee   0x00000006   Code   RO         2968    i.PID_SetPIDRef     alg_pid.o
    0x08005df4   0x08005df4   0x00000938   Code   RO          685    i.Platform_Cal_3Degree_IK_Output  module_platform.o
    0x0800672c   0x0800672c   0x000000bc   Code   RO          687    i.Platform_Control  module_platform.o
    0x080067e8   0x080067e8   0x000002d8   Code   RO          688    i.Platform_Dianqiu_Cal  module_platform.o
    0x08006ac0   0x08006ac0   0x00000008   Code   RO          689    i.Platform_GetPlatformPtr  module_platform.o
    0x08006ac8   0x08006ac8   0x0000030c   Code   RO          690    i.Platform_Init     module_platform.o
    0x08006dd4   0x08006dd4   0x000001d8   Code   RO          691    i.Platform_Jiefa_Cal  module_platform.o
    0x08006fac   0x08006fac   0x0000003c   Code   RO          692    i.Platform_Output   module_platform.o
    0x08006fe8   0x08006fe8   0x000004e8   Code   RO          693    i.Platform_Set_Angle_Output  module_platform.o
    0x080074d0   0x080074d0   0x0000000e   Code   RO          694    i.Platform_Set_ControlMode  module_platform.o
    0x080074de   0x080074de   0x0000000e   Code   RO          695    i.Platform_Set_OutputState  module_platform.o
    0x080074ec   0x080074ec   0x00000174   Code   RO          696    i.Platform_Set_Target_Pos  module_platform.o
    0x08007660   0x08007660   0x000000d4   Code   RO          697    i.Platform_Set_Torque_Output  module_platform.o
    0x08007734   0x08007734   0x00000022   Code   RO          369    i.Platform_Task     app_platform.o
    0x08007756   0x08007756   0x00000002   PAD
    0x08007758   0x08007758   0x00000084   Code   RO          698    i.Platform_Update_Fdb  module_platform.o
    0x080077dc   0x080077dc   0x0000000a   Code   RO         1268    i.Remote_CancelChannelOffset  periph_remote.o
    0x080077e6   0x080077e6   0x0000003e   Code   RO          407    i.Remote_ControlCom  app_remote.o
    0x08007824   0x08007824   0x000000c4   Code   RO         1269    i.Remote_DecodeRemoteData  periph_remote.o
    0x080078e8   0x080078e8   0x00000008   Code   RO          408    i.Remote_GetControlDataPtr  app_remote.o
    0x080078f0   0x080078f0   0x00000008   Code   RO         1270    i.Remote_GetRemoteDataPtr  periph_remote.o
    0x080078f8   0x080078f8   0x00000038   Code   RO         1271    i.Remote_InitRemote  periph_remote.o
    0x08007930   0x08007930   0x00000048   Code   RO         1272    i.Remote_IsRemoteError  periph_remote.o
    0x08007978   0x08007978   0x000001e0   Code   RO          409    i.Remote_NucProcess  app_remote.o
    0x08007b58   0x08007b58   0x0000004a   Code   RO         1274    i.Remote_RXCallback  periph_remote.o
    0x08007ba2   0x08007ba2   0x00000002   PAD
    0x08007ba4   0x08007ba4   0x000001cc   Code   RO          410    i.Remote_RemoteProcess  app_remote.o
    0x08007d70   0x08007d70   0x0000000a   Code   RO          412    i.Remote_RemotrControlInit  app_remote.o
    0x08007d7a   0x08007d7a   0x00000030   Code   RO         1275    i.Remote_ResetRemoteData  periph_remote.o
    0x08007daa   0x08007daa   0x00000002   PAD
    0x08007dac   0x08007dac   0x000000b4   Code   RO          413    i.Remote_RiseProcess  app_remote.o
    0x08007e60   0x08007e60   0x0000000e   Code   RO          414    i.Remote_Task       app_remote.o
    0x08007e6e   0x08007e6e   0x00000002   Code   RO         1276    i.Remote_ToSwitchState  periph_remote.o
    0x08007e70   0x08007e70   0x00000358   Code   RO          980    i.Rise_Auto_Cal     module_rise.o
    0x080081c8   0x080081c8   0x00000048   Code   RO          981    i.Rise_Chop_Cal     module_rise.o
    0x08008210   0x08008210   0x0000007c   Code   RO          982    i.Rise_Control      module_rise.o
    0x0800828c   0x0800828c   0x00000008   Code   RO          983    i.Rise_GetRisePtr   module_rise.o
    0x08008294   0x08008294   0x00000144   Code   RO          984    i.Rise_Hit_Cal      module_rise.o
    0x080083d8   0x080083d8   0x0000065c   Code   RO          985    i.Rise_Init         module_rise.o
    0x08008a34   0x08008a34   0x0000002c   Code   RO          986    i.Rise_Lift_Cal     module_rise.o
    0x08008a60   0x08008a60   0x00000064   Code   RO          987    i.Rise_Output       module_rise.o
    0x08008ac4   0x08008ac4   0x00000370   Code   RO          988    i.Rise_Set_Angle_Output  module_rise.o
    0x08008e34   0x08008e34   0x0000000e   Code   RO          989    i.Rise_Set_ControlMode  module_rise.o
    0x08008e42   0x08008e42   0x00000002   PAD
    0x08008e44   0x08008e44   0x000002a0   Code   RO          990    i.Rise_Set_Hybrid_Output  module_rise.o
    0x080090e4   0x080090e4   0x0000000e   Code   RO          991    i.Rise_Set_OutputState  module_rise.o
    0x080090f2   0x080090f2   0x00000002   PAD
    0x080090f4   0x080090f4   0x00000070   Code   RO          993    i.Rise_Set_Torque_Output  module_rise.o
    0x08009164   0x08009164   0x0000006c   Code   RO          653    i.Rise_Task         app_rise.o
    0x080091d0   0x080091d0   0x00000108   Code   RO          994    i.Rise_Update_Fdb   module_rise.o
    0x080092d8   0x080092d8   0x00000008   Code   RO          581    i.Serve_GetPtr      app_serve.o
    0x080092e0   0x080092e0   0x00000014   Code   RO          582    i.Serve_Init        app_serve.o
    0x080092f4   0x080092f4   0x00000034   Code   RO         7712    i.SysTick_Handler   port.o
    0x08009328   0x08009328   0x000000b4   Code   RO         3043    i.SystemClock_Config  main.o
    0x080093dc   0x080093dc   0x00000014   Code   RO         6440    i.SystemInit        system_stm32f4xx.o
    0x080093f0   0x080093f0   0x00000010   Code   RO         3354    i.TIM6_DAC_IRQHandler  stm32f4xx_it.o
    0x08009400   0x08009400   0x000000e8   Code   RO         3656    i.TIM_Base_SetConfig  stm32f4xx_hal_tim.o
    0x080094e8   0x080094e8   0x00000014   Code   RO         3355    i.UART7_IRQHandler  stm32f4xx_it.o
    0x080094fc   0x080094fc   0x00000014   Code   RO         3356    i.UART8_IRQHandler  stm32f4xx_it.o
    0x08009510   0x08009510   0x00000014   Code   RO         6109    i.UART_DMAAbortOnError  stm32f4xx_hal_uart.o
    0x08009524   0x08009524   0x00000050   Code   RO         6110    i.UART_DMAError     stm32f4xx_hal_uart.o
    0x08009574   0x08009574   0x00000058   Code   RO         6115    i.UART_DMATransmitCplt  stm32f4xx_hal_uart.o
    0x080095cc   0x080095cc   0x0000000e   Code   RO         6117    i.UART_DMATxHalfCplt  stm32f4xx_hal_uart.o
    0x080095da   0x080095da   0x0000006c   Code   RO         6119    i.UART_EndRxTransfer  stm32f4xx_hal_uart.o
    0x08009646   0x08009646   0x00000020   Code   RO         6120    i.UART_EndTransmit_IT  stm32f4xx_hal_uart.o
    0x08009666   0x08009666   0x00000026   Code   RO         6121    i.UART_EndTxTransfer  stm32f4xx_hal_uart.o
    0x0800968c   0x0800968c   0x000000fc   Code   RO         6122    i.UART_Receive_IT   stm32f4xx_hal_uart.o
    0x08009788   0x08009788   0x0000022c   Code   RO         6123    i.UART_SetConfig    stm32f4xx_hal_uart.o
    0x080099b4   0x080099b4   0x00000060   Code   RO         6126    i.UART_Transmit_IT  stm32f4xx_hal_uart.o
    0x08009a14   0x08009a14   0x00000014   Code   RO         3357    i.USART1_IRQHandler  stm32f4xx_it.o
    0x08009a28   0x08009a28   0x00000014   Code   RO         3358    i.USART2_IRQHandler  stm32f4xx_it.o
    0x08009a3c   0x08009a3c   0x00000014   Code   RO         3359    i.USART6_IRQHandler  stm32f4xx_it.o
    0x08009a50   0x08009a50   0x00000008   Code   RO         1512    i.Uart_DMACurrentDataCounter  util_uart.o
    0x08009a58   0x08009a58   0x00000006   Code   RO         1513    i.Uart_ErrorHandler  util_uart.o
    0x08009a5e   0x08009a5e   0x00000026   Code   RO         1514    i.Uart_InitUartDMA  util_uart.o
    0x08009a84   0x08009a84   0x00000042   Code   RO         1515    i.Uart_ReceiveDMA   util_uart.o
    0x08009ac6   0x08009ac6   0x00000038   Code   RO         1516    i.Uart_ReceiveHandler  util_uart.o
    0x08009afe   0x08009afe   0x00000002   PAD
    0x08009b00   0x08009b00   0x00000058   Code   RO         1517    i.Uart_RxIdleCallback  util_uart.o
    0x08009b58   0x08009b58   0x00000030   Code   RO         1519    i.Uart_SendMessageDMA  util_uart.o
    0x08009b88   0x08009b88   0x00000004   Code   RO         3360    i.UsageFault_Handler  stm32f4xx_it.o
    0x08009b8c   0x08009b8c   0x0000001c   Code   RO         1596    i.Vofa_Frame_Init   util_vofa.o
    0x08009ba8   0x08009ba8   0x00000058   Code   RO         1597    i.Vofa_Send_Data    util_vofa.o
    0x08009c00   0x08009c00   0x00000030   Code   RO         8481    i.__ARM_fpclassify  m_wm.l(fpclassify.o)
    0x08009c30   0x08009c30   0x00000026   Code   RO         8348    i.__ARM_fpclassifyf  m_wm.l(fpclassifyf.o)
    0x08009c56   0x08009c56   0x00000002   PAD
    0x08009c58   0x08009c58   0x00000010   Code   RO         5659    i.__NVIC_GetPriorityGrouping  stm32f4xx_hal_cortex.o
    0x08009c68   0x08009c68   0x00000028   Code   RO         5660    i.__NVIC_SetPriority  stm32f4xx_hal_cortex.o
    0x08009c90   0x08009c90   0x00000118   Code   RO         8089    i.__hardfp_acosf    m_wm.l(acosf.o)
    0x08009da8   0x08009da8   0x00000160   Code   RO         8113    i.__hardfp_atanf    m_wm.l(atanf.o)
    0x08009f08   0x08009f08   0x000000c8   Code   RO         8125    i.__hardfp_cos      m_wm.l(cos.o)
    0x08009fd0   0x08009fd0   0x00000014   Code   RO         8137    i.__hardfp_fabs     m_wm.l(fabs.o)
    0x08009fe4   0x08009fe4   0x00000664   Code   RO         8143    i.__hardfp_powf     m_wm.l(powf.o)
    0x0800a648   0x0800a648   0x000000c8   Code   RO         8157    i.__hardfp_sin      m_wm.l(sin.o)
    0x0800a710   0x0800a710   0x0000007a   Code   RO         8169    i.__hardfp_sqrt     m_wm.l(sqrt.o)
    0x0800a78a   0x0800a78a   0x0000003a   Code   RO         8181    i.__hardfp_sqrtf    m_wm.l(sqrtf.o)
    0x0800a7c4   0x0800a7c4   0x00000004   PAD
    0x0800a7c8   0x0800a7c8   0x00000438   Code   RO         8365    i.__ieee754_rem_pio2  m_wm.l(rred.o)
    0x0800ac00   0x0800ac00   0x00000170   Code   RO         8331    i.__kernel_cos      m_wm.l(cos_i.o)
    0x0800ad70   0x0800ad70   0x000000f8   Code   RO         8491    i.__kernel_poly     m_wm.l(poly.o)
    0x0800ae68   0x0800ae68   0x00000130   Code   RO         8370    i.__kernel_sin      m_wm.l(sin_i.o)
    0x0800af98   0x0800af98   0x00000014   Code   RO         8335    i.__mathlib_dbl_infnan  m_wm.l(dunder.o)
    0x0800afac   0x0800afac   0x00000004   PAD
    0x0800afb0   0x0800afb0   0x00000020   Code   RO         8337    i.__mathlib_dbl_invalid  m_wm.l(dunder.o)
    0x0800afd0   0x0800afd0   0x00000020   Code   RO         8340    i.__mathlib_dbl_underflow  m_wm.l(dunder.o)
    0x0800aff0   0x0800aff0   0x00000014   Code   RO         8350    i.__mathlib_flt_divzero  m_wm.l(funder.o)
    0x0800b004   0x0800b004   0x00000006   Code   RO         8351    i.__mathlib_flt_infnan  m_wm.l(funder.o)
    0x0800b00a   0x0800b00a   0x00000006   Code   RO         8352    i.__mathlib_flt_infnan2  m_wm.l(funder.o)
    0x0800b010   0x0800b010   0x00000010   Code   RO         8353    i.__mathlib_flt_invalid  m_wm.l(funder.o)
    0x0800b020   0x0800b020   0x00000010   Code   RO         8354    i.__mathlib_flt_overflow  m_wm.l(funder.o)
    0x0800b030   0x0800b030   0x00000010   Code   RO         8356    i.__mathlib_flt_underflow  m_wm.l(funder.o)
    0x0800b040   0x0800b040   0x0000002a   Code   RO         1814    i._send_Gimbal_data  comm_transmit.o
    0x0800b06a   0x0800b06a   0x00000002   PAD
    0x0800b06c   0x0800b06c   0x000001b0   Code   RO         1768    i._set_Chassis_Data_  comm_receive.o
    0x0800b21c   0x0800b21c   0x0000002c   Code   RO         1769    i._set_Gimbal_Data_  comm_receive.o
    0x0800b248   0x0800b248   0x00000046   Code   RO         1770    i._set_Platform_Data_  comm_receive.o
    0x0800b28e   0x0800b28e   0x0000000c   Code   RO         1984    i.buff2float        lib_buff.o
    0x0800b29a   0x0800b29a   0x00000022   Code   RO         1115    i.crc_ccitt         periph_motor.o
    0x0800b2bc   0x0800b2bc   0x00000018   Code   RO         1116    i.crc_ccitt_byte    periph_motor.o
    0x0800b2d4   0x0800b2d4   0x00000018   Code   RO         8139    i.fabs              m_wm.l(fabs.o)
    0x0800b2ec   0x0800b2ec   0x0000000c   Code   RO         1988    i.float2buff        lib_buff.o
    0x0800b2f8   0x0800b2f8   0x00000032   Code   RO         1989    i.float_to_uint     lib_buff.o
    0x0800b32a   0x0800b32a   0x00000040   Code   RO         3044    i.main              main.o
    0x0800b36a   0x0800b36a   0x0000000e   Code   RO         7277    i.makeFreeRtosPriority  cmsis_os.o
    0x0800b378   0x0800b378   0x00000018   Code   RO         7279    i.osDelay           cmsis_os.o
    0x0800b390   0x0800b390   0x0000000a   Code   RO         7282    i.osKernelStart     cmsis_os.o
    0x0800b39a   0x0800b39a   0x0000005e   Code   RO         7316    i.osThreadCreate    cmsis_os.o
    0x0800b3f8   0x0800b3f8   0x00000098   Code   RO         6948    i.prvAddCurrentTaskToDelayedList  tasks.o
    0x0800b490   0x0800b490   0x000000b4   Code   RO         6949    i.prvAddNewTaskToReadyList  tasks.o
    0x0800b544   0x0800b544   0x00000048   Code   RO         6950    i.prvCheckTasksWaitingTermination  tasks.o
    0x0800b58c   0x0800b58c   0x00000050   Code   RO         6951    i.prvDeleteTCB      tasks.o
    0x0800b5dc   0x0800b5dc   0x0000007c   Code   RO         7644    i.prvHeapInit       heap_4.o
    0x0800b658   0x0800b658   0x00000028   Code   RO         6952    i.prvIdleTask       tasks.o
    0x0800b680   0x0800b680   0x000000b4   Code   RO         6953    i.prvInitialiseNewTask  tasks.o
    0x0800b734   0x0800b734   0x00000068   Code   RO         6954    i.prvInitialiseTaskLists  tasks.o
    0x0800b79c   0x0800b79c   0x00000068   Code   RO         7645    i.prvInsertBlockIntoFreeList  heap_4.o
    0x0800b804   0x0800b804   0x00000034   Code   RO         6955    i.prvResetNextTaskUnblockTime  tasks.o
    0x0800b838   0x0800b838   0x00000040   Code   RO         7713    i.prvTaskExitError  port.o
    0x0800b878   0x0800b878   0x0000014c   Code   RO         7646    i.pvPortMalloc      heap_4.o
    0x0800b9c4   0x0800b9c4   0x0000002c   Code   RO         7714    i.pxPortInitialiseStack  port.o
    0x0800b9f0   0x0800b9f0   0x00000048   Code   RO         2885    i.rad2deg           alg_math.o
    0x0800ba38   0x0800ba38   0x0000003e   Code   RO         8183    i.sqrtf             m_wm.l(sqrtf.o)
    0x0800ba76   0x0800ba76   0x00000034   Code   RO         1992    i.uint_to_float     lib_buff.o
    0x0800baaa   0x0800baaa   0x00000028   Code   RO         6574    i.uxListRemove      list.o
    0x0800bad2   0x0800bad2   0x00000002   PAD
    0x0800bad4   0x0800bad4   0x00000018   Code   RO         3124    i.vApplicationGetIdleTaskMemory  freertos.o
    0x0800baec   0x0800baec   0x0000001a   Code   RO         6575    i.vListInitialise   list.o
    0x0800bb06   0x0800bb06   0x00000006   Code   RO         6576    i.vListInitialiseItem  list.o
    0x0800bb0c   0x0800bb0c   0x00000034   Code   RO         6577    i.vListInsert       list.o
    0x0800bb40   0x0800bb40   0x00000018   Code   RO         6578    i.vListInsertEnd    list.o
    0x0800bb58   0x0800bb58   0x00000054   Code   RO         7716    i.vPortEnterCritical  port.o
    0x0800bbac   0x0800bbac   0x0000003c   Code   RO         7717    i.vPortExitCritical  port.o
    0x0800bbe8   0x0800bbe8   0x000000a4   Code   RO         7647    i.vPortFree         heap_4.o
    0x0800bc8c   0x0800bc8c   0x00000028   Code   RO         7718    i.vPortSetupTimerInterrupt  port.o
    0x0800bcb4   0x0800bcb4   0x0000005c   Code   RO         6964    i.vTaskDelay        tasks.o
    0x0800bd10   0x0800bd10   0x000000b0   Code   RO         6977    i.vTaskStartScheduler  tasks.o
    0x0800bdc0   0x0800bdc0   0x00000010   Code   RO         6979    i.vTaskSuspendAll   tasks.o
    0x0800bdd0   0x0800bdd0   0x0000008c   Code   RO         6980    i.vTaskSwitchContext  tasks.o
    0x0800be5c   0x0800be5c   0x00000168   Code   RO         7720    i.xPortStartScheduler  port.o
    0x0800bfc4   0x0800bfc4   0x00000064   Code   RO         6983    i.xTaskCreate       tasks.o
    0x0800c028   0x0800c028   0x000000ba   Code   RO         6984    i.xTaskCreateStatic  tasks.o
    0x0800c0e2   0x0800c0e2   0x00000002   PAD
    0x0800c0e4   0x0800c0e4   0x00000148   Code   RO         6991    i.xTaskIncrementTick  tasks.o
    0x0800c22c   0x0800c22c   0x00000104   Code   RO         6997    i.xTaskResumeAll    tasks.o
    0x0800c330   0x0800c330   0x00000018   Code   RO         8298    x$fpl$basic         fz_wm.l(basic.o)
    0x0800c348   0x0800c348   0x00000062   Code   RO         8059    x$fpl$d2f           fz_wm.l(d2f.o)
    0x0800c3aa   0x0800c3aa   0x00000002   PAD
    0x0800c3ac   0x0800c3ac   0x00000150   Code   RO         8061    x$fpl$dadd          fz_wm.l(daddsub_clz.o)
    0x0800c4fc   0x0800c4fc   0x00000018   Code   RO         8300    x$fpl$dcmpinf       fz_wm.l(dcmpi.o)
    0x0800c514   0x0800c514   0x000002b0   Code   RO         8068    x$fpl$ddiv          fz_wm.l(ddiv.o)
    0x0800c7c4   0x0800c7c4   0x0000005e   Code   RO         8465    x$fpl$dfix          fz_wm.l(dfix.o)
    0x0800c822   0x0800c822   0x0000002e   Code   RO         8072    x$fpl$dflt          fz_wm.l(dflt_clz.o)
    0x0800c850   0x0800c850   0x00000026   Code   RO         8071    x$fpl$dfltu         fz_wm.l(dflt_clz.o)
    0x0800c876   0x0800c876   0x00000002   PAD
    0x0800c878   0x0800c878   0x00000078   Code   RO         8077    x$fpl$dleqf         fz_wm.l(dleqf.o)
    0x0800c8f0   0x0800c8f0   0x00000154   Code   RO         8079    x$fpl$dmul          fz_wm.l(dmul.o)
    0x0800ca44   0x0800ca44   0x0000009c   Code   RO         8304    x$fpl$dnaninf       fz_wm.l(dnaninf.o)
    0x0800cae0   0x0800cae0   0x0000000c   Code   RO         8306    x$fpl$dretinf       fz_wm.l(dretinf.o)
    0x0800caec   0x0800caec   0x0000006c   Code   RO         8081    x$fpl$drleqf        fz_wm.l(drleqf.o)
    0x0800cb58   0x0800cb58   0x00000016   Code   RO         8062    x$fpl$drsb          fz_wm.l(daddsub_clz.o)
    0x0800cb6e   0x0800cb6e   0x00000002   PAD
    0x0800cb70   0x0800cb70   0x00000198   Code   RO         8308    x$fpl$dsqrt         fz_wm.l(dsqrt_umaal.o)
    0x0800cd08   0x0800cd08   0x000001d4   Code   RO         8063    x$fpl$dsub          fz_wm.l(daddsub_clz.o)
    0x0800cedc   0x0800cedc   0x00000056   Code   RO         8083    x$fpl$f2d           fz_wm.l(f2d.o)
    0x0800cf32   0x0800cf32   0x0000008c   Code   RO         8310    x$fpl$fnaninf       fz_wm.l(fnaninf.o)
    0x0800cfbe   0x0800cfbe   0x0000000a   Code   RO         8473    x$fpl$fpinit        fz_wm.l(fpinit.o)
    0x0800cfc8   0x0800cfc8   0x0000000a   Code   RO         8312    x$fpl$fretinf       fz_wm.l(fretinf.o)
    0x0800cfd2   0x0800cfd2   0x00000000   Code   RO         8316    x$fpl$usenofp       fz_wm.l(usenofp.o)
    0x0800cfd2   0x0800cfd2   0x00000200   Data   RO         1118    .constdata          periph_motor.o
    0x0800d1d2   0x0800d1d2   0x00000002   PAD
    0x0800d1d4   0x0800d1d4   0x000008fc   Data   RO         1858    .constdata          sys_const.o
    0x0800dad0   0x0800dad0   0x0000008c   Data   RO         3126    .constdata          freertos.o
    0x0800db5c   0x0800db5c   0x00000008   Data   RO         5355    .constdata          stm32f4xx_hal_dma.o
    0x0800db64   0x0800db64   0x00000018   Data   RO         6441    .constdata          system_stm32f4xx.o
    0x0800db7c   0x0800db7c   0x00000140   Data   RO         8146    .constdata          m_wm.l(powf.o)
    0x0800dcbc   0x0800dcbc   0x00000004   PAD
    0x0800dcc0   0x0800dcc0   0x00000030   Data   RO         8332    .constdata          m_wm.l(cos_i.o)
    0x0800dcf0   0x0800dcf0   0x000000c8   Data   RO         8367    .constdata          m_wm.l(rred.o)
    0x0800ddb8   0x0800ddb8   0x00000028   Data   RO         8371    .constdata          m_wm.l(sin_i.o)
    0x0800dde0   0x0800dde0   0x00000041   Data   RO         3127    .conststring        freertos.o
    0x0800de21   0x0800de21   0x00000003   PAD
    0x0800de24   0x0800de24   0x00000804   Data   RO         7921    .rodata.sinTable_f32  arm_cortexM4lf_math.lib(arm_common_tables.o)
    0x0800e628   0x0800e628   0x00000020   Data   RO         8623    Region$$Table       anon$$obj.o


    Execution Region RW_IRAM2 (Exec base: 0x10000000, Load base: 0x0800e748, Size: 0x00000000, Max: 0x00010000, ABSOLUTE)

    **** No section assigned to this execution region ****


    Execution Region RW_IRAM1 (Exec base: 0x20000000, Load base: 0x0800e648, Size: 0x0000d410, Max: 0x00030000, ABSOLUTE, COMPRESSED[0x00000100])

    Exec Addr    Load Addr    Size         Type   Attr      Idx    E Section Name        Object

    0x20000000   COMPRESSED   0x00000001   Data   RW          415    .data               app_remote.o
    0x20000001   COMPRESSED   0x00000003   PAD
    0x20000004   COMPRESSED   0x00000008   Data   RW          585    .data               app_serve.o
    0x2000000c   COMPRESSED   0x00000004   PAD
    0x20000010   COMPRESSED   0x00000020   Data   RW          700    .data               module_platform.o
    0x20000030   COMPRESSED   0x00000071   Data   RW          996    .data               module_rise.o
    0x200000a1   COMPRESSED   0x00000008   Data   RW         1119    .data               periph_motor.o
    0x200000a9   COMPRESSED   0x00000008   Data   RW         1401    .data               util_can.o
    0x200000b1   COMPRESSED   0x00000003   PAD
    0x200000b4   COMPRESSED   0x00000108   Data   RW         1462    .data               util_gpio.o
    0x200001bc   COMPRESSED   0x0000000c   Data   RW         1771    .data               comm_receive.o
    0x200001c8   COMPRESSED   0x00000008   Data   RW         1818    .data               comm_transmit.o
    0x200001d0   COMPRESSED   0x000001f0   Data   RW         1859    .data               sys_const.o
    0x200003c0   COMPRESSED   0x00000001   Data   RW         1898    .data               sys_dwt.o
    0x200003c1   COMPRESSED   0x00000003   PAD
    0x200003c4   COMPRESSED   0x00000004   Data   RW         2969    .data               alg_pid.o
    0x200003c8   COMPRESSED   0x00000020   Data   RW         3128    .data               freertos.o
    0x200003e8   COMPRESSED   0x00000004   Data   RW         3204    .data               can.o
    0x200003ec   COMPRESSED   0x00000009   Data   RW         5825    .data               stm32f4xx_hal.o
    0x200003f5   COMPRESSED   0x00000003   PAD
    0x200003f8   COMPRESSED   0x00000004   Data   RW         6442    .data               system_stm32f4xx.o
    0x200003fc   COMPRESSED   0x0000003c   Data   RW         7000    .data               tasks.o
    0x20000438   COMPRESSED   0x00000020   Data   RW         7653    .data               heap_4.o
    0x20000458   COMPRESSED   0x0000000c   Data   RW         7721    .data               port.o
    0x20000464        -       0x00000240   Zero   RW          483    .bss                app_gimbal.o
    0x200006a4        -       0x000006a0   Zero   RW          699    .bss                module_platform.o
    0x20000d44        -       0x000007c0   Zero   RW          821    .bss                module_chassis.o
    0x20001504        -       0x0000022c   Zero   RW          909    .bss                module_serve.o
    0x20001730        -       0x00000954   Zero   RW          995    .bss                module_rise.o
    0x20002084        -       0x00000dc0   Zero   RW         1117    .bss                periph_motor.o
    0x20002e44        -       0x00000064   Zero   RW         1277    .bss                periph_remote.o
    0x20002ea8        -       0x00000030   Zero   RW         1350    .bss                periph_dt35.o
    0x20002ed8        -       0x0000001c   Zero   RW         1598    .bss                util_vofa.o
    0x20002ef4        -       0x000000a0   Zero   RW         1675    .bss                comm_common.o
    0x20002f94   COMPRESSED   0x00000004   PAD
    0x20002f98        -       0x00000030   Zero   RW         1897    .bss                sys_dwt.o
    0x20002fc8        -       0x00000254   Zero   RW         3125    .bss                freertos.o
    0x2000321c        -       0x00000050   Zero   RW         3203    .bss                can.o
    0x2000326c        -       0x00000408   Zero   RW         3279    .bss                usart.o
    0x20003674        -       0x00000048   Zero   RW         3525    .bss                stm32f4xx_hal_timebase_tim.o
    0x200036bc        -       0x000000f0   Zero   RW         6999    .bss                tasks.o
    0x200037ac        -       0x00003c00   Zero   RW         7652    .bss                heap_4.o
    0x200073ac        -       0x00000060   Zero   RW         8379    .bss                c_w.l(libspace.o)
    0x2000740c   COMPRESSED   0x00000004   PAD
    0x20007410        -       0x00002000   Zero   RW         7789    HEAP                startup_stm32f427xx.o
    0x20009410        -       0x00004000   Zero   RW         7788    STACK               startup_stm32f427xx.o


==============================================================================

Image component sizes


      Code (inc. data)   RO Data    RW Data    ZI Data      Debug   Object Name

        94          0          0          0          0       2254   alg_filter.o
       168         22          0          0          0       1342   alg_math.o
      1016          6          0          4          0       6328   alg_pid.o
        40          0          0          0          0       1435   app_communicate.o
       648         54          0          0        576       3983   app_gimbal.o
        96         10          0          0          0     796496   app_init.o
        34          0          0          0          0      11757   app_platform.o
      1214         52          0          1          0       5111   app_remote.o
       108         20          0          0          0       3828   app_rise.o
        28          4          0          8          0       4660   app_serve.o
       532         46          0          4         80       2442   can.o
       142          0          0          0          0      23011   cmsis_os.o
       404         24          0          0        160       6073   comm_common.o
       546         52          0         12          0       4518   comm_receive.o
        42          0          0          8          0       1887   comm_transmit.o
       184          6          0          0          0        846   dma.o
         0          0          0          0          0      15416   event_groups.o
       176         36        205         32        596       2512   freertos.o
       272         10          0          0          0       1091   gpio.o
       724         74          0         32      15360       7403   heap_4.o
       126          0          0          0          0       2922   lib_buff.o
         0          0          0          0          0       1500   lib_list.o
       148          0          0          0          0       3554   list.o
       274         16          0          0          0       2914   main.o
      1474         54          0          0       1984       5963   module_chassis.o
      6596        264          0         32       1696      13562   module_platform.o
      5112        392          0        113       2388      14748   module_rise.o
       496         30          0          0        556       1728   module_serve.o
       512         34          0          0         48       3829   periph_dt35.o
      5040        464        512          8       3520      18507   periph_motor.o
       466         12          0          0        100       6996   periph_remote.o
       894         78          0         12          0      11096   port.o
        64         26        428          0      24576        808   startup_stm32f427xx.o
       136         24          0          9          0       8850   stm32f4xx_hal.o
      2146          6          0          0          0      13727   stm32f4xx_hal_can.o
       260         22          0          0          0      33550   stm32f4xx_hal_cortex.o
      1538         16          8          0          0       7882   stm32f4xx_hal_dma.o
       556         54          0          0          0       2783   stm32f4xx_hal_gpio.o
        84          6          0          0          0        854   stm32f4xx_hal_msp.o
      1888         94          0          0          0       6241   stm32f4xx_hal_rcc.o
       876         76          0          0          0       6590   stm32f4xx_hal_tim.o
         4          0          0          0          0       1589   stm32f4xx_hal_tim_ex.o
       180         20          0          0         72       1459   stm32f4xx_hal_timebase_tim.o
      2296         26          0          0          0      13534   stm32f4xx_hal_uart.o
       314         92          0          0          0      11307   stm32f4xx_it.o
         0          0          0          0          0        416   stream_buffer.o
         0          0       2300        496          0       5576   sys_const.o
       672         56          0          1         48       5958   sys_dwt.o
        20          6         24          4          0       1115   system_stm32f4xx.o
      2158        270          0         60        240      20393   tasks.o
      1452        136          0          0       1032       5025   usart.o
       304         12          0          8          0       5298   util_can.o
        84          0          0        264          0       3935   util_gpio.o
       310         22          0          0          0       4908   util_uart.o
       116         18          0          0         28       2059   util_vofa.o

    ----------------------------------------------------------------------
     43106       2742       3514       1124      53064    1153569   Object Totals
         0          0         32          0          0          0   (incl. Generated)
        42          0          5         16          4          0   (incl. Padding)

    ----------------------------------------------------------------------

      Code (inc. data)   RO Data    RW Data    ZI Data      Debug   Library Member Name

         0          0       2052          0          0       3698   arm_common_tables.o
       288         12          0          0          0       1528   arm_sin_cos_f32.o
        90          0          0          0          0          0   __dczerorl2.o
         8          0          0          0          0         68   __main.o
         0          0          0          0          0          0   __rtentry.o
        12          0          0          0          0          0   __rtentry2.o
         6          0          0          0          0          0   __rtentry4.o
        52          8          0          0          0          0   __scatter.o
        28          0          0          0          0          0   __scatter_zi.o
        22          0          0          0          0        100   _rserrno.o
        18          0          0          0          0         80   exit.o
         6          0          0          0          0        152   heapauxi.o
         0          0          0          0          0          0   indicate_semi.o
         2          0          0          0          0          0   libinit.o
         6          0          0          0          0          0   libinit2.o
         2          0          0          0          0          0   libshutdown.o
         2          0          0          0          0          0   libshutdown2.o
         8          4          0          0         96         68   libspace.o
       238          0          0          0          0        100   lludivv7m.o
         8          4          0          0          0         68   rt_errno_addr_intlibspace.o
        78          0          0          0          0         80   rt_memclr_w.o
       138          0          0          0          0         68   rt_memcpy_v6.o
       100          0          0          0          0         80   rt_memcpy_w.o
         2          0          0          0          0          0   rtexit.o
        10          0          0          0          0          0   rtexit2.o
        12          4          0          0          0         68   sys_exit.o
        74          0          0          0          0         80   sys_stackheap_outer.o
         2          0          0          0          0         68   use_no_semi.o
        24          0          0          0          0        164   basic.o
        98          4          0          0          0        140   d2f.o
       826         16          0          0          0        492   daddsub_clz.o
        24          0          0          0          0        116   dcmpi.o
       688        140          0          0          0        256   ddiv.o
        94          4          0          0          0        140   dfix.o
        84          0          0          0          0        232   dflt_clz.o
       120          4          0          0          0        140   dleqf.o
       340         12          0          0          0        152   dmul.o
       156          4          0          0          0        140   dnaninf.o
        12          0          0          0          0        116   dretinf.o
       108          0          0          0          0        128   drleqf.o
       408         56          0          0          0        168   dsqrt_umaal.o
        86          4          0          0          0        132   f2d.o
       140          4          0          0          0        132   fnaninf.o
        10          0          0          0          0        116   fpinit.o
        10          0          0          0          0        116   fretinf.o
         0          0          0          0          0          0   usenofp.o
       280         46          0          0          0        176   acosf.o
       352         56          0          0          0        172   atanf.o
       200         20          0          0          0        164   cos.o
       368         46         48          0          0        200   cos_i.o
        84         16          0          0          0        372   dunder.o
        44          0          0          0          0        248   fabs.o
        48          0          0          0          0        124   fpclassify.o
        38          0          0          0          0        116   fpclassifyf.o
        80         24          0          0          0        696   funder.o
       248          0          0          0          0        152   poly.o
      1636        110        320          0          0        372   powf.o
      1080        142        200          0          0        188   rred.o
       200         20          0          0          0        164   sin.o
       304         24         40          0          0        208   sin_i.o
       122          0          0          0          0        148   sqrt.o
       120          0          0          0          0        272   sqrtf.o

    ----------------------------------------------------------------------
      9668        784       2664          0        100      12958   Library Totals
        24          0          4          0          4          0   (incl. Padding)

    ----------------------------------------------------------------------

      Code (inc. data)   RO Data    RW Data    ZI Data      Debug   Library Name

       288         12       2052          0          0       5226   arm_cortexM4lf_math.lib
       924         20          0          0         96       1080   c_w.l
      3228        248          0          0          0       2880   fz_wm.l
      5204        504        608          0          0       3772   m_wm.l

    ----------------------------------------------------------------------
      9668        784       2664          0        100      12958   Library Totals

    ----------------------------------------------------------------------

==============================================================================


      Code (inc. data)   RO Data    RW Data    ZI Data      Debug   

     52774       3526       6178       1124      53164    1134759   Grand Totals
     52774       3526       6178        256      53164    1134759   ELF Image Totals (compressed)
     52774       3526       6178        256          0          0   ROM Totals

==============================================================================

    Total RO  Size (Code + RO Data)                58952 (  57.57kB)
    Total RW  Size (RW Data + ZI Data)             54288 (  53.02kB)
    Total ROM Size (Code + RO Data + RW Data)      59208 (  57.82kB)

==============================================================================

